Archive member included because of file (symbol)

D:\peterb\git\build\mbed\LPC11U24\GCC_ARM\libmbed.a(gpio_api.o)
                              D:\peterb\git\build\test\LPC11U24\GCC_ARM\PB_1\fanbot.o (gpio_mode)
D:\peterb\git\build\mbed\LPC11U24\GCC_ARM\libmbed.a(pinmap.o)
                              D:\peterb\git\build\mbed\LPC11U24\GCC_ARM\libmbed.a(gpio_api.o) (pin_function)
D:\peterb\git\build\mbed\LPC11U24\GCC_ARM\libmbed.a(pwmout_api.o)
                              D:\peterb\git\build\test\LPC11U24\GCC_ARM\PB_1\fanbot.o (pwmout_period_ms)
D:\peterb\git\build\mbed\LPC11U24\GCC_ARM\libmbed.a(serial_api.o)
                              D:\peterb\git\build\test\LPC11U24\GCC_ARM\PB_1\fanbot.o (serial_init)
D:\peterb\git\build\mbed\LPC11U24\GCC_ARM\libmbed.a(exit.o)
                              c:/program files (x86)/gnu tools arm embedded/4.7 2012q4/bin/../lib/gcc/arm-none-eabi/4.7.3/../../../../arm-none-eabi/lib/armv6-m/crt0.o (exit)
D:\peterb\git\build\mbed\LPC11U24\GCC_ARM\libmbed.a(pinmap_common.o)
                              D:\peterb\git\build\mbed\LPC11U24\GCC_ARM\libmbed.a(pwmout_api.o) (pinmap_pinout)
D:\peterb\git\build\mbed\LPC11U24\GCC_ARM\libmbed.a(wait_api.o)
                              D:\peterb\git\build\test\LPC11U24\GCC_ARM\PB_1\fanbot.o (wait_us)
D:\peterb\git\build\mbed\LPC11U24\GCC_ARM\libmbed.a(BusOut.o)
                              D:\peterb\git\build\test\LPC11U24\GCC_ARM\PB_1\fanbot.o (mbed::BusOut::~BusOut())
D:\peterb\git\build\mbed\LPC11U24\GCC_ARM\libmbed.a(FunctionPointer.o)
                              D:\peterb\git\build\test\LPC11U24\GCC_ARM\PB_1\fanbot.o (mbed::FunctionPointer::FunctionPointer(void (*)()))
D:\peterb\git\build\mbed\LPC11U24\GCC_ARM\libmbed.a(stdio.o)
                              D:\peterb\git\build\mbed\LPC11U24\GCC_ARM\system_LPC11Uxx.o (stdio_retargeting_module)
D:\peterb\git\build\mbed\LPC11U24\GCC_ARM\libmbed.a(Ticker.o)
                              D:\peterb\git\build\test\LPC11U24\GCC_ARM\PB_1\fanbot.o (mbed::Ticker::setup(unsigned int))
D:\peterb\git\build\mbed\LPC11U24\GCC_ARM\libmbed.a(TimerEvent.o)
                              D:\peterb\git\build\test\LPC11U24\GCC_ARM\PB_1\fanbot.o (mbed::TimerEvent::TimerEvent())
D:\peterb\git\build\mbed\LPC11U24\GCC_ARM\libmbed.a(us_ticker.o)
                              D:\peterb\git\build\mbed\LPC11U24\GCC_ARM\libmbed.a(wait_api.o) (us_ticker_read)
D:\peterb\git\build\mbed\LPC11U24\GCC_ARM\libmbed.a(board.o)
                              D:\peterb\git\build\mbed\LPC11U24\GCC_ARM\libmbed.a(exit.o) (mbed_die)
D:\peterb\git\build\mbed\LPC11U24\GCC_ARM\libmbed.a(us_ticker_api.o)
                              D:\peterb\git\build\mbed\LPC11U24\GCC_ARM\libmbed.a(TimerEvent.o) (us_ticker_set_handler)
D:\peterb\git\build\mbed\LPC11U24\GCC_ARM\libmbed.a(FilePath.o)
                              D:\peterb\git\build\mbed\LPC11U24\GCC_ARM\libmbed.a(stdio.o) (mbed::FilePath::FilePath(char const*))
D:\peterb\git\build\mbed\LPC11U24\GCC_ARM\libmbed.a(FileSystemLike.o)
                              D:\peterb\git\build\mbed\LPC11U24\GCC_ARM\libmbed.a(stdio.o) (mbed::FileSystemLike::opendir())
D:\peterb\git\build\mbed\LPC11U24\GCC_ARM\libmbed.a(FileBase.o)
                              D:\peterb\git\build\mbed\LPC11U24\GCC_ARM\libmbed.a(FileSystemLike.o) (mbed::FileBase::~FileBase())
D:\peterb\git\build\usb\LPC11U24\GCC_ARM\libUSBDevice.a(USBDevice.o)
                              D:\peterb\git\build\test\LPC11U24\GCC_ARM\PB_1\fanbot.o (USBDevice::configured())
D:\peterb\git\build\usb\LPC11U24\GCC_ARM\libUSBDevice.a(USBHAL_LPC11U.o)
                              D:\peterb\git\build\usb\LPC11U24\GCC_ARM\libUSBDevice.a(USBDevice.o) (USBHAL::USBHAL())
D:\peterb\git\build\usb\LPC11U24\GCC_ARM\libUSBDevice.a(USBHID.o)
                              D:\peterb\git\build\test\LPC11U24\GCC_ARM\PB_1\fanbot.o (USBHID::USBHID(unsigned char, unsigned char, unsigned short, unsigned short, unsigned short, bool))
c:/program files (x86)/gnu tools arm embedded/4.7 2012q4/bin/../lib/gcc/arm-none-eabi/4.7.3/../../../../arm-none-eabi/lib/armv6-m\libstdc++_s.a(si_class_type_info.o)
                              D:\peterb\git\build\mbed\LPC11U24\GCC_ARM\libmbed.a(Ticker.o) (vtable for __cxxabiv1::__si_class_type_info)
c:/program files (x86)/gnu tools arm embedded/4.7 2012q4/bin/../lib/gcc/arm-none-eabi/4.7.3/../../../../arm-none-eabi/lib/armv6-m\libstdc++_s.a(pure.o)
                              D:\peterb\git\build\mbed\LPC11U24\GCC_ARM\libmbed.a(stdio.o) (__cxa_pure_virtual)
c:/program files (x86)/gnu tools arm embedded/4.7 2012q4/bin/../lib/gcc/arm-none-eabi/4.7.3/../../../../arm-none-eabi/lib/armv6-m\libstdc++_s.a(guard.o)
                              D:\peterb\git\build\usb\LPC11U24\GCC_ARM\libUSBDevice.a(USBDevice.o) (__cxa_guard_acquire)
c:/program files (x86)/gnu tools arm embedded/4.7 2012q4/bin/../lib/gcc/arm-none-eabi/4.7.3/../../../../arm-none-eabi/lib/armv6-m\libstdc++_s.a(del_op.o)
[...]
Memory Configuration

Name             Origin             Length             Attributes
FLASH            0x00000000         0x00008000         xr
RAM              0x100000c0         0x00000f40         xrw
*default*        0x00000000         0xffffffff

Linker script and memory map

LOAD c:/program files (x86)/gnu tools arm embedded/4.7 2012q4/bin/../lib/gcc/arm-none-eabi/4.7.3/armv6-m/crti.o
LOAD c:/program files (x86)/gnu tools arm embedded/4.7 2012q4/bin/../lib/gcc/arm-none-eabi/4.7.3/armv6-m/crtbegin.o
LOAD c:/program files (x86)/gnu tools arm embedded/4.7 2012q4/bin/../lib/gcc/arm-none-eabi/4.7.3/../../../../arm-none-eabi/lib/armv6-m/crt0.o
LOAD D:\peterb\git\build\test\LPC11U24\GCC_ARM\PB_1\fanbot.o
LOAD D:\peterb\git\build\test\LPC11U24\GCC_ARM\PB_1\IAP.o
LOAD D:\peterb\git\build\mbed\LPC11U24\GCC_ARM\cmsis_nvic.o
LOAD D:\peterb\git\build\mbed\LPC11U24\GCC_ARM\core_cm0.o
LOAD D:\peterb\git\build\mbed\LPC11U24\GCC_ARM\startup_LPC11xx.o
LOAD D:\peterb\git\build\mbed\LPC11U24\GCC_ARM\system_LPC11Uxx.o
LOAD D:\peterb\git\build\mbed\LPC11U24\GCC_ARM\libmbed.a
LOAD D:\peterb\git\build\usb\LPC11U24\GCC_ARM\libUSBDevice.a
LOAD c:/program files (x86)/gnu tools arm embedded/4.7 2012q4/bin/../lib/gcc/arm-none-eabi/4.7.3/../../../../arm-none-eabi/lib/armv6-m\libstdc++_s.a
LOAD c:/program files (x86)/gnu tools arm embedded/4.7 2012q4/bin/../lib/gcc/arm-none-eabi/4.7.3/../../../../arm-none-eabi/lib/armv6-m\libsupc++_s.a
LOAD c:/program files (x86)/gnu tools arm embedded/4.7 2012q4/bin/../lib/gcc/arm-none-eabi/4.7.3/../../../../arm-none-eabi/lib/armv6-m\libm.a
LOAD c:/program files (x86)/gnu tools arm embedded/4.7 2012q4/bin/../lib/gcc/arm-none-eabi/4.7.3/../../../../arm-none-eabi/lib/armv6-m\libc_s.a
LOAD c:/program files (x86)/gnu tools arm embedded/4.7 2012q4/bin/../lib/gcc/arm-none-eabi/4.7.3/armv6-m\libgcc.a
LOAD c:/program files (x86)/gnu tools arm embedded/4.7 2012q4/bin/../lib/gcc/arm-none-eabi/4.7.3/../../../../arm-none-eabi/lib/armv6-m\libnosys.a
LOAD D:\peterb\git\build\mbed\LPC11U24\GCC_ARM\libmbed.a
LOAD D:\peterb\git\build\usb\LPC11U24\GCC_ARM\libUSBDevice.a
LOAD c:/program files (x86)/gnu tools arm embedded/4.7 2012q4/bin/../lib/gcc/arm-none-eabi/4.7.3/../../../../arm-none-eabi/lib/armv6-m\libstdc++_s.a
LOAD c:/program files (x86)/gnu tools arm embedded/4.7 2012q4/bin/../lib/gcc/arm-none-eabi/4.7.3/../../../../arm-none-eabi/lib/armv6-m\libsupc++_s.a
LOAD c:/program files (x86)/gnu tools arm embedded/4.7 2012q4/bin/../lib/gcc/arm-none-eabi/4.7.3/../../../../arm-none-eabi/lib/armv6-m\libm.a
LOAD c:/program files (x86)/gnu tools arm embedded/4.7 2012q4/bin/../lib/gcc/arm-none-eabi/4.7.3/../../../../arm-none-eabi/lib/armv6-m\libc_s.a
LOAD c:/program files (x86)/gnu tools arm embedded/4.7 2012q4/bin/../lib/gcc/arm-none-eabi/4.7.3/armv6-m\libgcc.a
LOAD c:/program files (x86)/gnu tools arm embedded/4.7 2012q4/bin/../lib/gcc/arm-none-eabi/4.7.3/../../../../arm-none-eabi/lib/armv6-m\libnosys.a
START GROUP
LOAD c:/program files (x86)/gnu tools arm embedded/4.7 2012q4/bin/../lib/gcc/arm-none-eabi/4.7.3/armv6-m\libgcc.a
LOAD c:/program files (x86)/gnu tools arm embedded/4.7 2012q4/bin/../lib/gcc/arm-none-eabi/4.7.3/../../../../arm-none-eabi/lib/armv6-m\libc_s.a
END GROUP
LOAD c:/program files (x86)/gnu tools arm embedded/4.7 2012q4/bin/../lib/gcc/arm-none-eabi/4.7.3/armv6-m/crtend.o
LOAD c:/program files (x86)/gnu tools arm embedded/4.7 2012q4/bin/../lib/gcc/arm-none-eabi/4.7.3/armv6-m/crtn.o

.text           0x00000000     0x6960
 *(.isr_vector)
 .isr_vector    0x00000000       0xc0 D:\peterb\git\build\mbed\LPC11U24\GCC_ARM\startup_LPC11xx.o
                0x00000000                __isr_vector
 *(.text.Reset_Handler)
 .text.Reset_Handler
                0x000000c0       0x34 D:\peterb\git\build\mbed\LPC11U24\GCC_ARM\startup_LPC11xx.o
                0x000000c0                Reset_Handler
 *(.text.SystemInit)
 .text.SystemInit
                0x000000f4       0xe8 D:\peterb\git\build\mbed\LPC11U24\GCC_ARM\system_LPC11Uxx.o
                0x000000f4                SystemInit
                0x00000200                . = 0x200
 *fill*         0x000001dc       0x24 00
 *(.text*)
 .text          0x00000200       0x60 c:/program files (x86)/gnu tools arm embedded/4.7 2012q4/bin/../lib/gcc/arm-none-eabi/4.7.3/armv6-m/crtbegin.o
 .text          0x00000260       0x74 c:/program files (x86)/gnu tools arm embedded/4.7 2012q4/bin/../lib/gcc/arm-none-eabi/4.7.3/../../../../arm-none-eabi/lib/armv6-m/crt0.o
                0x00000260                _start
                0x00000260                start
                0x00000260                _mainCRTStartup
 .text._ZN4mbed6TickerD2Ev
                0x000002d4       0x14 D:\peterb\git\build\test\LPC11U24\GCC_ARM\PB_1\fanbot.o
                0x000002d4                mbed::Ticker::~Ticker()
                0x000002d4                mbed::Ticker::~Ticker()
 .text._Z11tic_handlerv
                0x000002e8       0x2c D:\peterb\git\build\test\LPC11U24\GCC_ARM\PB_1\fanbot.o
                0x000002e8                tic_handler()
 .text._ZN6USBHIDD2Ev
                0x00000314       0x14 D:\peterb\git\build\test\LPC11U24\GCC_ARM\PB_1\fanbot.o
                0x00000314                USBHID::~USBHID()
                0x00000314                USBHID::~USBHID()
 .text._Z4sendRN4mbed10DigitalOutEc
                0x00000328       0x40 D:\peterb\git\build\test\LPC11U24\GCC_ARM\PB_1\fanbot.o
                0x00000328                send(mbed::DigitalOut&, char)
 .text._Z2txRN4mbed10DigitalOutEPc
                0x00000368       0x24 D:\peterb\git\build\test\LPC11U24\GCC_ARM\PB_1\fanbot.o
                0x00000368                tx(mbed::DigitalOut&, char*)
 .text._Z9do_serialv
                0x0000038c       0xe4 D:\peterb\git\build\test\LPC11U24\GCC_ARM\PB_1\fanbot.o
                0x0000038c                do_serial()
 .text.startup.main
                0x00000470      0x1e0 D:\peterb\git\build\test\LPC11U24\GCC_ARM\PB_1\fanbot.o
                0x00000470                main
 .text._ZN4mbed6TickerD0Ev
                0x00000650       0x12 D:\peterb\git\build\test\LPC11U24\GCC_ARM\PB_1\fanbot.o
                0x00000650                mbed::Ticker::~Ticker()
 *fill*         0x00000662        0x2 00
 .text.startup._GLOBAL__sub_I_hid
                0x00000664      0x12c D:\peterb\git\build\test\LPC11U24\GCC_ARM\PB_1\fanbot.o
 .text._ZN3IAP12write_eepromEPcS0_i
                0x00000790       0x20 D:\peterb\git\build\test\LPC11U24\GCC_ARM\PB_1\IAP.o
                0x00000790                IAP::write_eeprom(char*, char*, int)
 .text._ZN3IAP11read_eepromEPcS0_i
                0x000007b0       0x20 D:\peterb\git\build\test\LPC11U24\GCC_ARM\PB_1\IAP.o
                0x000007b0                IAP::read_eeprom(char*, char*, int)
 .text.NVIC_SetVector
                0x000007d0       0x48 D:\peterb\git\build\mbed\LPC11U24\GCC_ARM\cmsis_nvic.o
                0x000007d0                NVIC_SetVector
 .text          0x00000818       0x2c D:\peterb\git\build\mbed\LPC11U24\GCC_ARM\startup_LPC11xx.o
                0x00000818                NMI_Handler
                0x0000081a                HardFault_Handler
                0x0000081c                SVC_Handler
                0x0000081e                PendSV_Handler
                0x00000820                SysTick_Handler
                0x00000822                DEF_IRQHandler
                0x00000822                Default_Handler
                0x00000824                WAKEUP_IRQHandler
                0x00000826                SSP1_IRQHandler
                0x00000828                I2C_IRQHandler
                0x0000082a                TIMER16_0_IRQHandler
                0x0000082c                TIMER16_1_IRQHandler
                0x0000082e                TIMER32_0_IRQHandler
                0x00000830                TIMER32_1_IRQHandler
                0x00000832                SSP0_IRQHandler
                0x00000834                UART_IRQHandler
                0x00000836                ADC_IRQHandler
                0x00000838                WDT_IRQHandler
                0x0000083a                BOD_IRQHandler
                0x0000083c                PIOINT3_IRQHandler
                0x0000083e                PIOINT2_IRQHandler
                0x00000840                PIOINT1_IRQHandler
                0x00000842                PIOINT0_IRQHandler
 .text.gpio_set
                0x00000844       0x34 D:\peterb\git\build\mbed\LPC11U24\GCC_ARM\libmbed.a(gpio_api.o)
                0x00000844                gpio_set
 .text.gpio_mode
                0x00000878        0xc D:\peterb\git\build\mbed\LPC11U24\GCC_ARM\libmbed.a(gpio_api.o)
                0x00000878                gpio_mode
 .text.gpio_dir
                0x00000884       0x20 D:\peterb\git\build\mbed\LPC11U24\GCC_ARM\libmbed.a(gpio_api.o)
                0x00000884                gpio_dir
 .text.gpio_init
                0x000008a4       0x64 D:\peterb\git\build\mbed\LPC11U24\GCC_ARM\libmbed.a(gpio_api.o)
                0x000008a4                gpio_init
 .text.pin_function
                0x00000908       0x2c D:\peterb\git\build\mbed\LPC11U24\GCC_ARM\libmbed.a(pinmap.o)
                0x00000908                pin_function
 .text.pin_mode
                0x00000934       0x40 D:\peterb\git\build\mbed\LPC11U24\GCC_ARM\libmbed.a(pinmap.o)
                0x00000934                pin_mode
 .text.pwmout_period_us
                0x00000974       0x60 D:\peterb\git\build\mbed\LPC11U24\GCC_ARM\libmbed.a(pwmout_api.o)
                0x00000974                pwmout_period_us
 .text.pwmout_period_ms
                0x000009d4        0xe D:\peterb\git\build\mbed\LPC11U24\GCC_ARM\libmbed.a(pwmout_api.o)
                0x000009d4                pwmout_period_ms
 *fill*         0x000009e2        0x2 00
 .text.pwmout_period
                0x000009e4       0x20 D:\peterb\git\build\mbed\LPC11U24\GCC_ARM\libmbed.a(pwmout_api.o)
                0x000009e4                pwmout_period
 .text.pwmout_init
                0x00000a04       0xb0 D:\peterb\git\build\mbed\LPC11U24\GCC_ARM\libmbed.a(pwmout_api.o)
                0x00000a04                pwmout_init
 *fill*         0x00000ab4        0x4 00
 .text.pwmout_pulsewidth_us
                0x00000ab8       0x70 D:\peterb\git\build\mbed\LPC11U24\GCC_ARM\libmbed.a(pwmout_api.o)
                0x00000ab8                pwmout_pulsewidth_us
 .text.pwmout_pulsewidth
                0x00000b28       0x20 D:\peterb\git\build\mbed\LPC11U24\GCC_ARM\libmbed.a(pwmout_api.o)
                0x00000b28                pwmout_pulsewidth
 .text.serial_baud
                0x00000b48      0x168 D:\peterb\git\build\mbed\LPC11U24\GCC_ARM\libmbed.a(serial_api.o)
                0x00000b48                serial_baud
 .text.serial_format
                0x00000cb0       0x88 D:\peterb\git\build\mbed\LPC11U24\GCC_ARM\libmbed.a(serial_api.o)
                0x00000cb0                serial_format
 .text.serial_init
                0x00000d38       0xd4 D:\peterb\git\build\mbed\LPC11U24\GCC_ARM\libmbed.a(serial_api.o)
                0x00000d38                serial_init
 .text.serial_getc
                0x00000e0c        0xe D:\peterb\git\build\mbed\LPC11U24\GCC_ARM\libmbed.a(serial_api.o)
                0x00000e0c                serial_getc
 .text.serial_putc
                0x00000e1a        0xe D:\peterb\git\build\mbed\LPC11U24\GCC_ARM\libmbed.a(serial_api.o)
                0x00000e1a                serial_putc
 .text.serial_readable
                0x00000e28        0xa D:\peterb\git\build\mbed\LPC11U24\GCC_ARM\libmbed.a(serial_api.o)
                0x00000e28                serial_readable
 .text.exit     0x00000e32        0xc D:\peterb\git\build\mbed\LPC11U24\GCC_ARM\libmbed.a(exit.o)
                0x00000e32                exit
 *fill*         0x00000e3e        0x2 00
 .text.pinmap_pinout
                0x00000e40       0x48 D:\peterb\git\build\mbed\LPC11U24\GCC_ARM\libmbed.a(pinmap_common.o)
                0x00000e40                pinmap_pinout
 .text.pinmap_merge
                0x00000e88       0x2c D:\peterb\git\build\mbed\LPC11U24\GCC_ARM\libmbed.a(pinmap_common.o)
                0x00000e88                pinmap_merge
 .text.pinmap_peripheral
                0x00000eb4       0x38 D:\peterb\git\build\mbed\LPC11U24\GCC_ARM\libmbed.a(pinmap_common.o)
                0x00000eb4                pinmap_peripheral
 .text.wait_us  0x00000eec       0x18 D:\peterb\git\build\mbed\LPC11U24\GCC_ARM\libmbed.a(wait_api.o)
                0x00000eec                wait_us
 .text.wait_ms  0x00000f04       0x10 D:\peterb\git\build\mbed\LPC11U24\GCC_ARM\libmbed.a(wait_api.o)
                0x00000f04                wait_ms
 *fill*         0x00000f14        0x4 00
 .text.wait     0x00000f18       0x20 D:\peterb\git\build\mbed\LPC11U24\GCC_ARM\libmbed.a(wait_api.o)
                0x00000f18                wait
 .text._ZN4mbed6BusOutD2Ev
                0x00000f38       0x28 D:\peterb\git\build\mbed\LPC11U24\GCC_ARM\libmbed.a(BusOut.o)
                0x00000f38                mbed::BusOut::~BusOut()
                0x00000f38                mbed::BusOut::~BusOut()
 .text._ZN4mbed6BusOutD0Ev
                0x00000f60       0x12 D:\peterb\git\build\mbed\LPC11U24\GCC_ARM\libmbed.a(BusOut.o)
                0x00000f60                mbed::BusOut::~BusOut()
 *fill*         0x00000f72        0x2 00
 .text._ZN4mbed6BusOutC2E7PinNameS1_S1_S1_S1_S1_S1_S1_S1_S1_S1_S1_S1_S1_S1_S1_
                0x00000f74      0x130 D:\peterb\git\build\mbed\LPC11U24\GCC_ARM\libmbed.a(BusOut.o)
                0x00000f74                mbed::BusOut::BusOut(PinName, PinName, PinName, PinName, PinName, PinName, PinName, PinName, PinName, PinName, PinName, PinName, PinName, PinName, PinName, PinName)
                0x00000f74                mbed::BusOut::BusOut(PinName, PinName, PinName, PinName, PinName, PinName, PinName, PinName, PinName, PinName, PinName, PinName, PinName, PinName, PinName, PinName)
 .text._ZN4mbed6BusOut5writeEi
                0x000010a4       0x26 D:\peterb\git\build\mbed\LPC11U24\GCC_ARM\libmbed.a(BusOut.o)
                0x000010a4                mbed::BusOut::write(int)
 .text._ZN4mbed6BusOutaSEi
                0x000010ca        0xc D:\peterb\git\build\mbed\LPC11U24\GCC_ARM\libmbed.a(BusOut.o)
                0x000010ca                mbed::BusOut::operator=(int)
 *fill*         0x000010d6        0x2 00
 .text._ZN4mbed15FunctionPointerC2EPFvvE
                0x000010d8        0x8 D:\peterb\git\build\mbed\LPC11U24\GCC_ARM\libmbed.a(FunctionPointer.o)
                0x000010d8                mbed::FunctionPointer::FunctionPointer(void (*)())
                0x000010d8                mbed::FunctionPointer::FunctionPointer(void (*)())
 .text._ZN4mbed15FunctionPointer6attachEPFvvE
                0x000010e0        0x8 D:\peterb\git\build\mbed\LPC11U24\GCC_ARM\libmbed.a(FunctionPointer.o)
                0x000010e0                mbed::FunctionPointer::attach(void (*)())
 .text._ZN4mbed15FunctionPointer4callEv
                0x000010e8       0x20 D:\peterb\git\build\mbed\LPC11U24\GCC_ARM\libmbed.a(FunctionPointer.o)
                0x000010e8                mbed::FunctionPointer::call()
 .text._ZL11init_serialv
                0x00001108       0x20 D:\peterb\git\build\mbed\LPC11U24\GCC_ARM\libmbed.a(stdio.o)
 .text._close   0x00001128       0x2c D:\peterb\git\build\mbed\LPC11U24\GCC_ARM\libmbed.a(stdio.o)
                0x00001128                _close
 .text._write   0x00001154       0x54 D:\peterb\git\build\mbed\LPC11U24\GCC_ARM\libmbed.a(stdio.o)
                0x00001154                _write
 .text._read    0x000011a8       0x38 D:\peterb\git\build\mbed\LPC11U24\GCC_ARM\libmbed.a(stdio.o)
                0x000011a8                _read
 .text._isatty  0x000011e0       0x28 D:\peterb\git\build\mbed\LPC11U24\GCC_ARM\libmbed.a(stdio.o)
                0x000011e0                _isatty
 .text._lseek   0x00001208       0x28 D:\peterb\git\build\mbed\LPC11U24\GCC_ARM\libmbed.a(stdio.o)
                0x00001208                _lseek
 .text._fstat   0x00001230       0x1e D:\peterb\git\build\mbed\LPC11U24\GCC_ARM\libmbed.a(stdio.o)
                0x00001230                _fstat
 *fill*         0x0000124e        0x2 00
 .text._ZN9__gnu_cxx27__verbose_terminate_handlerEv
                0x00001250       0x1c D:\peterb\git\build\mbed\LPC11U24\GCC_ARM\libmbed.a(stdio.o)
                0x00001250                __gnu_cxx::__verbose_terminate_handler()
 .text._ZN4mbed6Ticker7handlerEv
                0x0000126c       0x18 D:\peterb\git\build\mbed\LPC11U24\GCC_ARM\libmbed.a(Ticker.o)
                0x0000126c                mbed::Ticker::handler()
 .text._ZN4mbed6Ticker5setupEj
                0x00001284       0x1c D:\peterb\git\build\mbed\LPC11U24\GCC_ARM\libmbed.a(Ticker.o)
                0x00001284                mbed::Ticker::setup(unsigned int)
 .text._ZN4mbed10TimerEvent3irqEm
                0x000012a0        0xc D:\peterb\git\build\mbed\LPC11U24\GCC_ARM\libmbed.a(TimerEvent.o)
                0x000012a0                mbed::TimerEvent::irq(unsigned long)
 .text._ZN4mbed10TimerEventC2Ev
                0x000012ac       0x1c D:\peterb\git\build\mbed\LPC11U24\GCC_ARM\libmbed.a(TimerEvent.o)
                0x000012ac                mbed::TimerEvent::TimerEvent()
                0x000012ac                mbed::TimerEvent::TimerEvent()
 .text._ZN4mbed10TimerEvent6insertEj
                0x000012c8        0xc D:\peterb\git\build\mbed\LPC11U24\GCC_ARM\libmbed.a(TimerEvent.o)
                0x000012c8                mbed::TimerEvent::insert(unsigned int)
 .text._ZN4mbed10TimerEvent6removeEv
                0x000012d4        0xc D:\peterb\git\build\mbed\LPC11U24\GCC_ARM\libmbed.a(TimerEvent.o)
                0x000012d4                mbed::TimerEvent::remove()
 .text._ZN4mbed10TimerEventD2Ev
                0x000012e0       0x18 D:\peterb\git\build\mbed\LPC11U24\GCC_ARM\libmbed.a(TimerEvent.o)
                0x000012e0                mbed::TimerEvent::~TimerEvent()
                0x000012e0                mbed::TimerEvent::~TimerEvent()
 .text._ZN4mbed10TimerEventD0Ev
                0x000012f8       0x14 D:\peterb\git\build\mbed\LPC11U24\GCC_ARM\libmbed.a(TimerEvent.o)
                0x000012f8                mbed::TimerEvent::~TimerEvent()
 .text.us_ticker_init
                0x0000130c       0x60 D:\peterb\git\build\mbed\LPC11U24\GCC_ARM\libmbed.a(us_ticker.o)
                0x0000130c                us_ticker_init
 .text.us_ticker_read
                0x0000136c       0x1c D:\peterb\git\build\mbed\LPC11U24\GCC_ARM\libmbed.a(us_ticker.o)
                0x0000136c                us_ticker_read
 .text.us_ticker_set_interrupt
                0x00001388       0x14 D:\peterb\git\build\mbed\LPC11U24\GCC_ARM\libmbed.a(us_ticker.o)
                0x00001388                us_ticker_set_interrupt
 .text.us_ticker_disable_interrupt
                0x0000139c       0x10 D:\peterb\git\build\mbed\LPC11U24\GCC_ARM\libmbed.a(us_ticker.o)
                0x0000139c                us_ticker_disable_interrupt
 .text.us_ticker_clear_interrupt
                0x000013ac        0xc D:\peterb\git\build\mbed\LPC11U24\GCC_ARM\libmbed.a(us_ticker.o)
                0x000013ac                us_ticker_clear_interrupt
 .text.mbed_die
                0x000013b8       0x6a D:\peterb\git\build\mbed\LPC11U24\GCC_ARM\libmbed.a(board.o)
                0x000013b8                mbed_die
 *fill*         0x00001422        0x2 00
 .text.us_ticker_set_handler
                0x00001424       0x14 D:\peterb\git\build\mbed\LPC11U24\GCC_ARM\libmbed.a(us_ticker_api.o)
                0x00001424                us_ticker_set_handler
 .text.us_ticker_irq_handler
                0x00001438       0x48 D:\peterb\git\build\mbed\LPC11U24\GCC_ARM\libmbed.a(us_ticker_api.o)
                0x00001438                us_ticker_irq_handler
 .text.us_ticker_insert_event
                0x00001480       0x44 D:\peterb\git\build\mbed\LPC11U24\GCC_ARM\libmbed.a(us_ticker_api.o)
                0x00001480                us_ticker_insert_event
 .text.us_ticker_remove_event
                0x000014c4       0x44 D:\peterb\git\build\mbed\LPC11U24\GCC_ARM\libmbed.a(us_ticker_api.o)
                0x000014c4                us_ticker_remove_event
 .text._ZN6USBHAL3SOFEi
                0x00001508        0x2 D:\peterb\git\build\usb\LPC11U24\GCC_ARM\libUSBDevice.a(USBDevice.o)
                0x00001508                USBHAL::SOF(int)
 .text._ZN6USBHAL16EP1_OUT_callbackEv
                0x0000150a        0x4 D:\peterb\git\build\usb\LPC11U24\GCC_ARM\libUSBDevice.a(USBDevice.o)
                0x0000150a                USBHAL::EP1_OUT_callback()
 .text._ZN6USBHAL15EP1_IN_callbackEv
                0x0000150e        0x4 D:\peterb\git\build\usb\LPC11U24\GCC_ARM\libUSBDevice.a(USBDevice.o)
                0x0000150e                USBHAL::EP1_IN_callback()
 .text._ZN6USBHAL16EP2_OUT_callbackEv
                0x00001512        0x4 D:\peterb\git\build\usb\LPC11U24\GCC_ARM\libUSBDevice.a(USBDevice.o)
                0x00001512                USBHAL::EP2_OUT_callback()
 .text._ZN6USBHAL15EP2_IN_callbackEv
                0x00001516        0x4 D:\peterb\git\build\usb\LPC11U24\GCC_ARM\libUSBDevice.a(USBDevice.o)
                0x00001516                USBHAL::EP2_IN_callback()
 .text._ZN6USBHAL16EP3_OUT_callbackEv
                0x0000151a        0x4 D:\peterb\git\build\usb\LPC11U24\GCC_ARM\libUSBDevice.a(USBDevice.o)
                0x0000151a                USBHAL::EP3_OUT_callback()
 .text._ZN6USBHAL15EP3_IN_callbackEv
                0x0000151e        0x4 D:\peterb\git\build\usb\LPC11U24\GCC_ARM\libUSBDevice.a(USBDevice.o)
                0x0000151e                USBHAL::EP3_IN_callback()
 .text._ZN6USBHAL16EP4_OUT_callbackEv
                0x00001522        0x4 D:\peterb\git\build\usb\LPC11U24\GCC_ARM\libUSBDevice.a(USBDevice.o)
                0x00001522                USBHAL::EP4_OUT_callback()
 .text._ZN6USBHAL15EP4_IN_callbackEv
                0x00001526        0x4 D:\peterb\git\build\usb\LPC11U24\GCC_ARM\libUSBDevice.a(USBDevice.o)
                0x00001526                USBHAL::EP4_IN_callback()
 .text._ZN9USBDevice20USBCallback_busResetEv
                0x0000152a        0x2 D:\peterb\git\build\usb\LPC11U24\GCC_ARM\libUSBDevice.a(USBDevice.o)
                0x0000152a                USBDevice::USBCallback_busReset()
 .text._ZN9USBDevice19USBCallback_requestEv
                0x0000152c        0x4 D:\peterb\git\build\usb\LPC11U24\GCC_ARM\libUSBDevice.a(USBDevice.o)
                0x0000152c                USBDevice::USBCallback_request()
 .text._ZN9USBDevice28USBCallback_requestCompletedEPhm
                0x00001530        0x2 D:\peterb\git\build\usb\LPC11U24\GCC_ARM\libUSBDevice.a(USBDevice.o)
                0x00001530                USBDevice::USBCallback_requestCompleted(unsigned char*, unsigned long)
 .text._ZN9USBDevice28USBCallback_setConfigurationEh
                0x00001532        0x4 D:\peterb\git\build\usb\LPC11U24\GCC_ARM\libUSBDevice.a(USBDevice.o)
                0x00001532                USBDevice::USBCallback_setConfiguration(unsigned char)
 .text._ZN9USBDevice24USBCallback_setInterfaceEth
                0x00001536        0x4 D:\peterb\git\build\usb\LPC11U24\GCC_ARM\libUSBDevice.a(USBDevice.o)
                0x00001536                USBDevice::USBCallback_setInterface(unsigned short, unsigned char)
 .text._ZN9USBDevice17configurationDescEv
                0x0000153a        0x4 D:\peterb\git\build\usb\LPC11U24\GCC_ARM\libUSBDevice.a(USBDevice.o)
                0x0000153a                USBDevice::configurationDesc()
 .text._ZN9USBDevice16reportDescLengthEv
                0x0000153e        0x4 D:\peterb\git\build\usb\LPC11U24\GCC_ARM\libUSBDevice.a(USBDevice.o)
                0x0000153e                USBDevice::reportDescLength()
 .text._ZN9USBDevice8busResetEv
                0x00001542       0x1c D:\peterb\git\build\usb\LPC11U24\GCC_ARM\libUSBDevice.a(USBDevice.o)
                0x00001542                USBDevice::busReset()
 .text._ZN9USBDevice19connectStateChangedEj
                0x0000155e        0x2 D:\peterb\git\build\usb\LPC11U24\GCC_ARM\libUSBDevice.a(USBDevice.o)
                0x0000155e                USBDevice::connectStateChanged(unsigned int)
 .text._ZN9USBDevice19suspendStateChangedEj
                0x00001560        0x2 D:\peterb\git\build\usb\LPC11U24\GCC_ARM\libUSBDevice.a(USBDevice.o)
                0x00001560                USBDevice::suspendStateChanged(unsigned int)
 *fill*         0x00001562        0x2 00
 .text._ZN9USBDevice16stringLangidDescEv
                0x00001564        0x8 D:\peterb\git\build\usb\LPC11U24\GCC_ARM\libUSBDevice.a(USBDevice.o)
                0x00001564                USBDevice::stringLangidDesc()
 .text._ZN9USBDevice23stringImanufacturerDescEv
                0x0000156c        0x8 D:\peterb\git\build\usb\LPC11U24\GCC_ARM\libUSBDevice.a(USBDevice.o)
                0x0000156c                USBDevice::stringImanufacturerDesc()
 .text._ZN9USBDevice17stringIserialDescEv
                0x00001574        0x8 D:\peterb\git\build\usb\LPC11U24\GCC_ARM\libUSBDevice.a(USBDevice.o)
                0x00001574                USBDevice::stringIserialDesc()
 .text._ZN9USBDevice24stringIConfigurationDescEv
                0x0000157c        0x8 D:\peterb\git\build\usb\LPC11U24\GCC_ARM\libUSBDevice.a(USBDevice.o)
                0x0000157c                USBDevice::stringIConfigurationDesc()
 .text._ZN9USBDevice20stringIinterfaceDescEv
                0x00001584        0x8 D:\peterb\git\build\usb\LPC11U24\GCC_ARM\libUSBDevice.a(USBDevice.o)
                0x00001584                USBDevice::stringIinterfaceDesc()
 .text._ZN9USBDevice18stringIproductDescEv
                0x0000158c        0x8 D:\peterb\git\build\usb\LPC11U24\GCC_ARM\libUSBDevice.a(USBDevice.o)
                0x0000158c                USBDevice::stringIproductDesc()
 .text._ZN9USBDevice10deviceDescEv
                0x00001594       0x4c D:\peterb\git\build\usb\LPC11U24\GCC_ARM\libUSBDevice.a(USBDevice.o)
                0x00001594                USBDevice::deviceDesc()
 .text._ZN9USBDevice20requestGetDescriptorEv
                0x000015e0      0x134 D:\peterb\git\build\usb\LPC11U24\GCC_ARM\libUSBDevice.a(USBDevice.o)
                0x000015e0                USBDevice::requestGetDescriptor()
 .text._ZN9USBDevice17decodeSetupPacketEPhP12SETUP_PACKET
                0x00001714       0x3a D:\peterb\git\build\usb\LPC11U24\GCC_ARM\libUSBDevice.a(USBDevice.o)
                0x00001714                USBDevice::decodeSetupPacket(unsigned char*, SETUP_PACKET*)
 .text._ZN9USBDevice10controlOutEv
                0x0000174e       0x60 D:\peterb\git\build\usb\LPC11U24\GCC_ARM\libUSBDevice.a(USBDevice.o)
                0x0000174e                USBDevice::controlOut()
 .text._ZN9USBDevice6EP0outEv
                0x000017ae       0x14 D:\peterb\git\build\usb\LPC11U24\GCC_ARM\libUSBDevice.a(USBDevice.o)
                0x000017ae                USBDevice::EP0out()
 .text._ZN9USBDevice9controlInEv
                0x000017c2       0x72 D:\peterb\git\build\usb\LPC11U24\GCC_ARM\libUSBDevice.a(USBDevice.o)
                0x000017c2                USBDevice::controlIn()
 .text._ZN9USBDevice5EP0inEv
                0x00001834       0x14 D:\peterb\git\build\usb\LPC11U24\GCC_ARM\libUSBDevice.a(USBDevice.o)
                0x00001834                USBDevice::EP0in()
 .text._ZN9USBDevice17requestSetAddressEv
                0x00001848       0x22 D:\peterb\git\build\usb\LPC11U24\GCC_ARM\libUSBDevice.a(USBDevice.o)
                0x00001848                USBDevice::requestSetAddress()
 .text._ZN9USBDevice23requestSetConfigurationEv
                0x0000186a       0x42 D:\peterb\git\build\usb\LPC11U24\GCC_ARM\libUSBDevice.a(USBDevice.o)
                0x0000186a                USBDevice::requestSetConfiguration()
 .text._ZN9USBDevice19requestGetInterfaceEv
                0x000018ac       0x2a D:\peterb\git\build\usb\LPC11U24\GCC_ARM\libUSBDevice.a(USBDevice.o)
                0x000018ac                USBDevice::requestGetInterface()
 .text._ZN9USBDevice19requestSetInterfaceEv
                0x000018d6       0x30 D:\peterb\git\build\usb\LPC11U24\GCC_ARM\libUSBDevice.a(USBDevice.o)
                0x000018d6                USBDevice::requestSetInterface()
 .text._ZN9USBDevice17requestSetFeatureEv
                0x00001906       0x50 D:\peterb\git\build\usb\LPC11U24\GCC_ARM\libUSBDevice.a(USBDevice.o)
                0x00001906                USBDevice::requestSetFeature()
 .text._ZN9USBDevice19requestClearFeatureEv
                0x00001956       0x50 D:\peterb\git\build\usb\LPC11U24\GCC_ARM\libUSBDevice.a(USBDevice.o)
                0x00001956                USBDevice::requestClearFeature()
 *fill*         0x000019a6        0x2 00
 .text._ZN9USBDevice16requestGetStatusEv
                0x000019a8       0x78 D:\peterb\git\build\usb\LPC11U24\GCC_ARM\libUSBDevice.a(USBDevice.o)
                0x000019a8                USBDevice::requestGetStatus()
 .text._ZN9USBDevice12requestSetupEv
                0x00001a20       0x7e D:\peterb\git\build\usb\LPC11U24\GCC_ARM\libUSBDevice.a(USBDevice.o)
                0x00001a20                USBDevice::requestSetup()
 .text._ZN9USBDevice12controlSetupEv
                0x00001a9e       0xac D:\peterb\git\build\usb\LPC11U24\GCC_ARM\libUSBDevice.a(USBDevice.o)
                0x00001a9e                USBDevice::controlSetup()
 .text._ZN9USBDevice16EP0setupCallbackEv
                0x00001b4a       0x14 D:\peterb\git\build\usb\LPC11U24\GCC_ARM\libUSBDevice.a(USBDevice.o)
                0x00001b4a                USBDevice::EP0setupCallback()
 .text._ZN9USBDevice10configuredEv
                0x00001b5e        0xc D:\peterb\git\build\usb\LPC11U24\GCC_ARM\libUSBDevice.a(USBDevice.o)
                0x00001b5e                USBDevice::configured()
 .text._ZN9USBDevice7connectEb
                0x00001b6a       0x1a D:\peterb\git\build\usb\LPC11U24\GCC_ARM\libUSBDevice.a(USBDevice.o)
                0x00001b6a                USBDevice::connect(bool)
 .text._ZN9USBDevice14getTransferPtrEv
                0x00001b84        0x4 D:\peterb\git\build\usb\LPC11U24\GCC_ARM\libUSBDevice.a(USBDevice.o)
                0x00001b84                USBDevice::getTransferPtr()
 .text._ZN9USBDevice11addEndpointEhm
                0x00001b88        0xa D:\peterb\git\build\usb\LPC11U24\GCC_ARM\libUSBDevice.a(USBDevice.o)
                0x00001b88                USBDevice::addEndpoint(unsigned char, unsigned long)
 .text._ZN9USBDevice14findDescriptorEh
                0x00001b92       0x72 D:\peterb\git\build\usb\LPC11U24\GCC_ARM\libUSBDevice.a(USBDevice.o)
                0x00001b92                USBDevice::findDescriptor(unsigned char)
 .text._ZN9USBDeviceC2Ettt
                0x00001c04       0x38 D:\peterb\git\build\usb\LPC11U24\GCC_ARM\libUSBDevice.a(USBDevice.o)
                0x00001c04                USBDevice::USBDevice(unsigned short, unsigned short, unsigned short)
                0x00001c04                USBDevice::USBDevice(unsigned short, unsigned short, unsigned short)
 .text._ZN9USBDevice9readStartEhm
                0x00001c3c        0xe D:\peterb\git\build\usb\LPC11U24\GCC_ARM\libUSBDevice.a(USBDevice.o)
                0x00001c3c                USBDevice::readStart(unsigned char, unsigned long)
 .text._ZN9USBDevice5writeEhPhmm
                0x00001c4a       0x3e D:\peterb\git\build\usb\LPC11U24\GCC_ARM\libUSBDevice.a(USBDevice.o)
                0x00001c4a                USBDevice::write(unsigned char, unsigned char*, unsigned long, unsigned long)
 .text._ZN9USBDevice9readEP_NBEhPhPmm
                0x00001c88       0x1a D:\peterb\git\build\usb\LPC11U24\GCC_ARM\libUSBDevice.a(USBDevice.o)
                0x00001c88                USBDevice::readEP_NB(unsigned char, unsigned char*, unsigned long*, unsigned long)
 .text._ZN6USBHAL8busResetEv
                0x00001ca2        0x2 D:\peterb\git\build\usb\LPC11U24\GCC_ARM\libUSBDevice.a(USBHAL_LPC11U.o)
                0x00001ca2                USBHAL::busReset()
 .text._ZN6USBHAL16EP0setupCallbackEv
                0x00001ca4        0x2 D:\peterb\git\build\usb\LPC11U24\GCC_ARM\libUSBDevice.a(USBHAL_LPC11U.o)
                0x00001ca4                USBHAL::EP0setupCallback()
 .text._ZN6USBHAL6EP0outEv
                0x00001ca6        0x2 D:\peterb\git\build\usb\LPC11U24\GCC_ARM\libUSBDevice.a(USBHAL_LPC11U.o)
                0x00001ca6                USBHAL::EP0out()
 .text._ZN6USBHAL5EP0inEv
                0x00001ca8        0x2 D:\peterb\git\build\usb\LPC11U24\GCC_ARM\libUSBDevice.a(USBHAL_LPC11U.o)
                0x00001ca8                USBHAL::EP0in()
 .text._ZN6USBHAL19connectStateChangedEj
                0x00001caa        0x2 D:\peterb\git\build\usb\LPC11U24\GCC_ARM\libUSBDevice.a(USBHAL_LPC11U.o)
                0x00001caa                USBHAL::connectStateChanged(unsigned int)
 .text._ZN6USBHAL19suspendStateChangedEj
                0x00001cac        0x2 D:\peterb\git\build\usb\LPC11U24\GCC_ARM\libUSBDevice.a(USBHAL_LPC11U.o)
                0x00001cac                USBHAL::suspendStateChanged(unsigned int)
 .text._Z10USBMemCopyPhS_m
                0x00001cae       0x12 D:\peterb\git\build\usb\LPC11U24\GCC_ARM\libUSBDevice.a(USBHAL_LPC11U.o)
                0x00001cae                USBMemCopy(unsigned char*, unsigned char*, unsigned long)
 .text._ZN6USBHALC2Ev
                0x00001cc0      0x140 D:\peterb\git\build\usb\LPC11U24\GCC_ARM\libUSBDevice.a(USBHAL_LPC11U.o)
                0x00001cc0                USBHAL::USBHAL()
                0x00001cc0                USBHAL::USBHAL()
 .text._ZN6USBHALD2Ev
                0x00001e00       0x20 D:\peterb\git\build\usb\LPC11U24\GCC_ARM\libUSBDevice.a(USBHAL_LPC11U.o)
                0x00001e00                USBHAL::~USBHAL()
                0x00001e00                USBHAL::~USBHAL()
 .text._ZN6USBHAL7connectEv
                0x00001e20       0x28 D:\peterb\git\build\usb\LPC11U24\GCC_ARM\libUSBDevice.a(USBHAL_LPC11U.o)
                0x00001e20                USBHAL::connect()
 .text._ZN6USBHAL15configureDeviceEv
                0x00001e48        0x2 D:\peterb\git\build\usb\LPC11U24\GCC_ARM\libUSBDevice.a(USBHAL_LPC11U.o)
                0x00001e48                USBHAL::configureDevice()
 .text._ZN6USBHAL17unconfigureDeviceEv
                0x00001e4a        0x2 D:\peterb\git\build\usb\LPC11U24\GCC_ARM\libUSBDevice.a(USBHAL_LPC11U.o)
                0x00001e4a                USBHAL::unconfigureDevice()
 .text._ZN6USBHAL8EP0setupEPh
                0x00001e4c       0x1c D:\peterb\git\build\usb\LPC11U24\GCC_ARM\libUSBDevice.a(USBHAL_LPC11U.o)
                0x00001e4c                USBHAL::EP0setup(unsigned char*)
 .text._ZN6USBHAL7EP0readEv
                0x00001e68       0x20 D:\peterb\git\build\usb\LPC11U24\GCC_ARM\libUSBDevice.a(USBHAL_LPC11U.o)
                0x00001e68                USBHAL::EP0read()
 .text._ZN6USBHAL16EP0getReadResultEPh
                0x00001e88       0x2c D:\peterb\git\build\usb\LPC11U24\GCC_ARM\libUSBDevice.a(USBHAL_LPC11U.o)
                0x00001e88                USBHAL::EP0getReadResult(unsigned char*)
 .text._ZN6USBHAL12EP0readStageEv
                0x00001eb4        0x2 D:\peterb\git\build\usb\LPC11U24\GCC_ARM\libUSBDevice.a(USBHAL_LPC11U.o)
                0x00001eb4                USBHAL::EP0readStage()
 *fill*         0x00001eb6        0x2 00
 .text._ZN6USBHAL8EP0writeEPhm
                0x00001eb8       0x34 D:\peterb\git\build\usb\LPC11U24\GCC_ARM\libUSBDevice.a(USBHAL_LPC11U.o)
                0x00001eb8                USBHAL::EP0write(unsigned char*, unsigned long)
 .text._ZN6USBHAL12endpointReadEhm
                0x00001eec       0x60 D:\peterb\git\build\usb\LPC11U24\GCC_ARM\libUSBDevice.a(USBHAL_LPC11U.o)
                0x00001eec                USBHAL::endpointRead(unsigned char, unsigned long)
 .text._ZN6USBHAL18endpointReadResultEhPhPm
                0x00001f4c       0x6c D:\peterb\git\build\usb\LPC11U24\GCC_ARM\libUSBDevice.a(USBHAL_LPC11U.o)
                0x00001f4c                USBHAL::endpointReadResult(unsigned char, unsigned char*, unsigned long*)
 .text._ZN6USBHAL8EP0stallEv
                0x00001fb8       0x14 D:\peterb\git\build\usb\LPC11U24\GCC_ARM\libUSBDevice.a(USBHAL_LPC11U.o)
                0x00001fb8                USBHAL::EP0stall()
 .text._ZN6USBHAL10setAddressEh
                0x00001fcc       0x24 D:\peterb\git\build\usb\LPC11U24\GCC_ARM\libUSBDevice.a(USBHAL_LPC11U.o)
                0x00001fcc                USBHAL::setAddress(unsigned char)
 .text._ZN6USBHAL13endpointWriteEhPhm
                0x00001ff0       0xb8 D:\peterb\git\build\usb\LPC11U24\GCC_ARM\libUSBDevice.a(USBHAL_LPC11U.o)
                0x00001ff0                USBHAL::endpointWrite(unsigned char, unsigned char*, unsigned long)
 .text._ZN6USBHAL19endpointWriteResultEh
                0x000020a8       0x4c D:\peterb\git\build\usb\LPC11U24\GCC_ARM\libUSBDevice.a(USBHAL_LPC11U.o)
                0x000020a8                USBHAL::endpointWriteResult(unsigned char)
 .text._ZN6USBHAL13stallEndpointEh
                0x000020f4       0x38 D:\peterb\git\build\usb\LPC11U24\GCC_ARM\libUSBDevice.a(USBHAL_LPC11U.o)
                0x000020f4                USBHAL::stallEndpoint(unsigned char)
 .text._ZN6USBHAL15unstallEndpointEh
                0x0000212c       0x70 D:\peterb\git\build\usb\LPC11U24\GCC_ARM\libUSBDevice.a(USBHAL_LPC11U.o)
                0x0000212c                USBHAL::unstallEndpoint(unsigned char)
 .text._ZN6USBHAL21getEndpointStallStateEh
                0x0000219c       0x54 D:\peterb\git\build\usb\LPC11U24\GCC_ARM\libUSBDevice.a(USBHAL_LPC11U.o)
                0x0000219c                USBHAL::getEndpointStallState(unsigned char)
 .text._ZN6USBHAL15realiseEndpointEhmm
                0x000021f0       0x94 D:\peterb\git\build\usb\LPC11U24\GCC_ARM\libUSBDevice.a(USBHAL_LPC11U.o)
                0x000021f0                USBHAL::realiseEndpoint(unsigned char, unsigned long, unsigned long)
 .text._ZN6USBHAL6usbisrEv
                0x00002284      0x154 D:\peterb\git\build\usb\LPC11U24\GCC_ARM\libUSBDevice.a(USBHAL_LPC11U.o)
                0x00002284                USBHAL::usbisr()
 .text._ZN6USBHAL7_usbisrEv
                0x000023d8       0x10 D:\peterb\git\build\usb\LPC11U24\GCC_ARM\libUSBDevice.a(USBHAL_LPC11U.o)
                0x000023d8                USBHAL::_usbisr()
 .text._ZN6USBHID21HID_callbackSetReportEP10HID_REPORT
                0x000023e8        0x2 D:\peterb\git\build\usb\LPC11U24\GCC_ARM\libUSBDevice.a(USBHID.o)
                0x000023e8                USBHID::HID_callbackSetReport(HID_REPORT*)
 .text._ZN6USBHID16reportDescLengthEv
                0x000023ea       0x10 D:\peterb\git\build\usb\LPC11U24\GCC_ARM\libUSBDevice.a(USBHID.o)
                0x000023ea                USBHID::reportDescLength()
 *fill*         0x000023fa        0x2 00
 .text._ZN6USBHID20stringIinterfaceDescEv
                0x000023fc        0x8 D:\peterb\git\build\usb\LPC11U24\GCC_ARM\libUSBDevice.a(USBHID.o)
                0x000023fc                USBHID::stringIinterfaceDesc()
 .text._ZN6USBHID18stringIproductDescEv
                0x00002404        0x8 D:\peterb\git\build\usb\LPC11U24\GCC_ARM\libUSBDevice.a(USBHID.o)
                0x00002404                USBHID::stringIproductDesc()
 .text._ZN6USBHID10reportDescEv
                0x0000240c       0x40 D:\peterb\git\build\usb\LPC11U24\GCC_ARM\libUSBDevice.a(USBHID.o)
                0x0000240c                USBHID::reportDesc()
 .text._ZN6USBHID19USBCallback_requestEv
                0x0000244c       0x94 D:\peterb\git\build\usb\LPC11U24\GCC_ARM\libUSBDevice.a(USBHID.o)
                0x0000244c                USBHID::USBCallback_request()
 .text._ZN6USBHID17configurationDescEv
                0x000024e0       0x40 D:\peterb\git\build\usb\LPC11U24\GCC_ARM\libUSBDevice.a(USBHID.o)
                0x000024e0                USBHID::configurationDesc()
 .text._ZN6USBHID28USBCallback_setConfigurationEh
                0x00002520       0x2e D:\peterb\git\build\usb\LPC11U24\GCC_ARM\libUSBDevice.a(USBHID.o)
                0x00002520                USBHID::USBCallback_setConfiguration(unsigned char)
 *fill*         0x0000254e        0x2 00
 .text._ZN6USBHIDC2Ehhtttb
                0x00002550       0x40 D:\peterb\git\build\usb\LPC11U24\GCC_ARM\libUSBDevice.a(USBHID.o)
                0x00002550                USBHID::USBHID(unsigned char, unsigned char, unsigned short, unsigned short, unsigned short, bool)
                0x00002550                USBHID::USBHID(unsigned char, unsigned char, unsigned short, unsigned short, unsigned short, bool)
 .text._ZN6USBHID4sendEP10HID_REPORT
                0x00002590       0x12 D:\peterb\git\build\usb\LPC11U24\GCC_ARM\libUSBDevice.a(USBHID.o)
                0x00002590                USBHID::send(HID_REPORT*)
 .text._ZN6USBHID6readNBEP10HID_REPORT
                0x000025a2       0x36 D:\peterb\git\build\usb\LPC11U24\GCC_ARM\libUSBDevice.a(USBHID.o)
                0x000025a2                USBHID::readNB(HID_REPORT*)
 .text._ZNK10__cxxabiv120__si_class_type_info12__do_dyncastEiNS_17__class_type_info10__sub_kindEPKS1_PKvS4_S6_RNS1_16__dyncast_resultE
                0x000025d8       0x7c c:/program files (x86)/gnu tools arm embedded/4.7 2012q4/bin/../lib/gcc/arm-none-eabi/4.7.3/../../../../arm-none-eabi/lib/armv6-m\libstdc++_s.a(si_class_type_info.o)
                0x000025d8                __cxxabiv1::__si_class_type_info::__do_dyncast(int, __cxxabiv1::__class_type_info::__sub_kind, __cxxabiv1::__class_type_info const*, void const*, __cxxabiv1::__class_type_info const*, void const*, __cxxabiv1::__class_type_info::__dyncast_result&) const
 .text._ZN10__cxxabiv120__si_class_type_infoD2Ev
                0x00002654       0x18 c:/program files (x86)/gnu tools arm embedded/4.7 2012q4/bin/../lib/gcc/arm-none-eabi/4.7.3/../../../../arm-none-eabi/lib/armv6-m\libstdc++_s.a(si_class_type_info.o)
                0x00002654                __cxxabiv1::__si_class_type_info::~__si_class_type_info()
                0x00002654                __cxxabiv1::__si_class_type_info::~__si_class_type_info()
 .text._ZN10__cxxabiv120__si_class_type_infoD0Ev
                0x0000266c       0x12 c:/program files (x86)/gnu tools arm embedded/4.7 2012q4/bin/../lib/gcc/arm-none-eabi/4.7.3/../../../../arm-none-eabi/lib/armv6-m\libstdc++_s.a(si_class_type_info.o)
                0x0000266c                __cxxabiv1::__si_class_type_info::~__si_class_type_info()
 .text._ZNK10__cxxabiv120__si_class_type_info11__do_upcastEPKNS_17__class_type_infoEPKvRNS1_15__upcast_resultE
                0x0000267e       0x26 c:/program files (x86)/gnu tools arm embedded/4.7 2012q4/bin/../lib/gcc/arm-none-eabi/4.7.3/../../../../arm-none-eabi/lib/armv6-m\libstdc++_s.a(si_class_type_info.o)
                0x0000267e                __cxxabiv1::__si_class_type_info::__do_upcast(__cxxabiv1::__class_type_info const*, void const*, __cxxabiv1::__class_type_info::__upcast_result&) const
 .text._ZNK10__cxxabiv120__si_class_type_info20__do_find_public_srcEiPKvPKNS_17__class_type_infoES2_
                0x000026a4       0x32 c:/program files (x86)/gnu tools arm embedded/4.7 2012q4/bin/../lib/gcc/arm-none-eabi/4.7.3/../../../../arm-none-eabi/lib/armv6-m\libstdc++_s.a(si_class_type_info.o)
                0x000026a4                __cxxabiv1::__si_class_type_info::__do_find_public_src(int, void const*, __cxxabiv1::__class_type_info const*, void const*) const
 *fill*         0x000026d6        0x2 00
 .text.__cxa_pure_virtual
                0x000026d8       0x14 c:/program files (x86)/gnu tools arm embedded/4.7 2012q4/bin/../lib/gcc/arm-none-eabi/4.7.3/../../../../arm-none-eabi/lib/armv6-m\libstdc++_s.a(pure.o)
                0x000026d8                __cxa_pure_virtual
 .text.__cxa_guard_acquire
                0x000026ec       0x1e c:/program files (x86)/gnu tools arm embedded/4.7 2012q4/bin/../lib/gcc/arm-none-eabi/4.7.3/../../../../arm-none-eabi/lib/armv6-m\libstdc++_s.a(guard.o)
                0x000026ec                __cxa_guard_acquire
 .text.__cxa_guard_release
                0x0000270a        0x6 c:/program files (x86)/gnu tools arm embedded/4.7 2012q4/bin/../lib/gcc/arm-none-eabi/4.7.3/../../../../arm-none-eabi/lib/armv6-m\libstdc++_s.a(guard.o)
                0x0000270a                __cxa_guard_release
 .text._ZdlPv   0x00002710        0xc c:/program files (x86)/gnu tools arm embedded/4.7 2012q4/bin/../lib/gcc/arm-none-eabi/4.7.3/../../../../arm-none-eabi/lib/armv6-m\libstdc++_s.a(del_op.o)
                0x00002710                operator delete(void*)
 .text._ZNK10__cxxabiv117__class_type_info11__do_upcastEPKS0_PPv
                0x0000271c       0x34 c:/program files (x86)/gnu tools arm embedded/4.7 2012q4/bin/../lib/gcc/arm-none-eabi/4.7.3/../../../../arm-none-eabi/lib/armv6-m\libstdc++_s.a(class_type_info.o)
                0x0000271c                __cxxabiv1::__class_type_info::__do_upcast(__cxxabiv1::__class_type_info const*, void**) const
 .text._ZNK10__cxxabiv117__class_type_info20__do_find_public_srcEiPKvPKS0_S2_
                0x00002750        0xe c:/program files (x86)/gnu tools arm embedded/4.7 2012q4/bin/../lib/gcc/arm-none-eabi/4.7.3/../../../../arm-none-eabi/lib/armv6-m\libstdc++_s.a(class_type_info.o)
                0x00002750                __cxxabiv1::__class_type_info::__do_find_public_src(int, void const*, __cxxabiv1::__class_type_info const*, void const*) const
 .text._ZNK10__cxxabiv117__class_type_info11__do_upcastEPKS0_PKvRNS0_15__upcast_resultE
                0x0000275e       0x20 c:/program files (x86)/gnu tools arm embedded/4.7 2012q4/bin/../lib/gcc/arm-none-eabi/4.7.3/../../../../arm-none-eabi/lib/armv6-m\libstdc++_s.a(class_type_info.o)
                0x0000275e                __cxxabiv1::__class_type_info::__do_upcast(__cxxabiv1::__class_type_info const*, void const*, __cxxabiv1::__class_type_info::__upcast_result&) const
 *fill*         0x0000277e        0x2 00
 .text._ZN10__cxxabiv117__class_type_infoD2Ev
                0x00002780       0x18 c:/program files (x86)/gnu tools arm embedded/4.7 2012q4/bin/../lib/gcc/arm-none-eabi/4.7.3/../../../../arm-none-eabi/lib/armv6-m\libstdc++_s.a(class_type_info.o)
                0x00002780                __cxxabiv1::__class_type_info::~__class_type_info()
                0x00002780                __cxxabiv1::__class_type_info::~__class_type_info()
 .text._ZN10__cxxabiv117__class_type_infoD0Ev
                0x00002798       0x12 c:/program files (x86)/gnu tools arm embedded/4.7 2012q4/bin/../lib/gcc/arm-none-eabi/4.7.3/../../../../arm-none-eabi/lib/armv6-m\libstdc++_s.a(class_type_info.o)
                0x00002798                __cxxabiv1::__class_type_info::~__class_type_info()
 .text._ZNK10__cxxabiv117__class_type_info12__do_dyncastEiNS0_10__sub_kindEPKS0_PKvS3_S5_RNS0_16__dyncast_resultE
                0x000027aa       0x3a c:/program files (x86)/gnu tools arm embedded/4.7 2012q4/bin/../lib/gcc/arm-none-eabi/4.7.3/../../../../arm-none-eabi/lib/armv6-m\libstdc++_s.a(class_type_info.o)
                0x000027aa                __cxxabiv1::__class_type_info::__do_dyncast(int, __cxxabiv1::__class_type_info::__sub_kind, __cxxabiv1::__class_type_info const*, void const*, __cxxabiv1::__class_type_info const*, void const*, __cxxabiv1::__class_type_info::__dyncast_result&) const
 .text._ZNK10__cxxabiv117__class_type_info10__do_catchEPKSt9type_infoPPvj
                0x000027e4       0x2a c:/program files (x86)/gnu tools arm embedded/4.7 2012q4/bin/../lib/gcc/arm-none-eabi/4.7.3/../../../../arm-none-eabi/lib/armv6-m\libstdc++_s.a(class_type_info.o)
                0x000027e4                __cxxabiv1::__class_type_info::__do_catch(std::type_info const*, void**, unsigned int) const
 .text.__aeabi_atexit
                0x0000280e        0xe c:/program files (x86)/gnu tools arm embedded/4.7 2012q4/bin/../lib/gcc/arm-none-eabi/4.7.3/../../../../arm-none-eabi/lib/armv6-m\libstdc++_s.a(atexit_arm.o)
                0x0000280e                __aeabi_atexit
 .text._Znwj    0x0000281c       0x28 c:/program files (x86)/gnu tools arm embedded/4.7 2012q4/bin/../lib/gcc/arm-none-eabi/4.7.3/../../../../arm-none-eabi/lib/armv6-m\libstdc++_s.a(new_op.o)
                0x0000281c                operator new(unsigned int)
 .text._ZN10__cxxabiv111__terminateEPFvvE
                0x00002844        0x8 c:/program files (x86)/gnu tools arm embedded/4.7 2012q4/bin/../lib/gcc/arm-none-eabi/4.7.3/../../../../arm-none-eabi/lib/armv6-m\libstdc++_s.a(eh_terminate.o)
                0x00002844                __cxxabiv1::__terminate(void (*)())
 .text._ZSt9terminatev
                0x0000284c       0x10 c:/program files (x86)/gnu tools arm embedded/4.7 2012q4/bin/../lib/gcc/arm-none-eabi/4.7.3/../../../../arm-none-eabi/lib/armv6-m\libstdc++_s.a(eh_terminate.o)
                0x0000284c                std::terminate()
 .text._ZNSt9type_infoD2Ev
                0x0000285c        0xc c:/program files (x86)/gnu tools arm embedded/4.7 2012q4/bin/../lib/gcc/arm-none-eabi/4.7.3/../../../../arm-none-eabi/lib/armv6-m\libstdc++_s.a(tinfo.o)
                0x0000285c                std::type_info::~type_info()
                0x0000285c                std::type_info::~type_info()
 .text._ZNKSt9type_info14__is_pointer_pEv
                0x00002868        0x4 c:/program files (x86)/gnu tools arm embedded/4.7 2012q4/bin/../lib/gcc/arm-none-eabi/4.7.3/../../../../arm-none-eabi/lib/armv6-m\libstdc++_s.a(tinfo.o)
                0x00002868                std::type_info::__is_pointer_p() const
 .text._ZNKSt9type_info15__is_function_pEv
                0x0000286c        0x4 c:/program files (x86)/gnu tools arm embedded/4.7 2012q4/bin/../lib/gcc/arm-none-eabi/4.7.3/../../../../arm-none-eabi/lib/armv6-m\libstdc++_s.a(tinfo.o)
                0x0000286c                std::type_info::__is_function_p() const
 .text._ZNKSt9type_info11__do_upcastEPKN10__cxxabiv117__class_type_infoEPPv
                0x00002870        0x4 c:/program files (x86)/gnu tools arm embedded/4.7 2012q4/bin/../lib/gcc/arm-none-eabi/4.7.3/../../../../arm-none-eabi/lib/armv6-m\libstdc++_s.a(tinfo.o)
                0x00002870                std::type_info::__do_upcast(__cxxabiv1::__class_type_info const*, void**) const
 .text._ZNSt9type_infoD0Ev
                0x00002874       0x18 c:/program files (x86)/gnu tools arm embedded/4.7 2012q4/bin/../lib/gcc/arm-none-eabi/4.7.3/../../../../arm-none-eabi/lib/armv6-m\libstdc++_s.a(tinfo.o)
                0x00002874                std::type_info::~type_info()
 .text._ZNKSt9type_infoeqERKS_
                0x0000288c       0x2a c:/program files (x86)/gnu tools arm embedded/4.7 2012q4/bin/../lib/gcc/arm-none-eabi/4.7.3/../../../../arm-none-eabi/lib/armv6-m\libstdc++_s.a(tinfo.o)
                0x0000288c                std::type_info::operator==(std::type_info const&) const
 .text._ZNKSt9type_info10__do_catchEPKS_PPvj
                0x000028b6        0x8 c:/program files (x86)/gnu tools arm embedded/4.7 2012q4/bin/../lib/gcc/arm-none-eabi/4.7.3/../../../../arm-none-eabi/lib/armv6-m\libstdc++_s.a(tinfo.o)
                0x000028b6                std::type_info::__do_catch(std::type_info const*, void**, unsigned int) const
 *fill*         0x000028be        0x2 00
 .text.fabs     0x000028c0        0x8 c:/program files (x86)/gnu tools arm embedded/4.7 2012q4/bin/../lib/gcc/arm-none-eabi/4.7.3/../../../../arm-none-eabi/lib/armv6-m\libm.a(lib_a-s_fabs.o)
                0x000028c0                fabs
 .text.__register_exitproc
                0x000028c8       0x18 c:/program files (x86)/gnu tools arm embedded/4.7 2012q4/bin/../lib/gcc/arm-none-eabi/4.7.3/../../../../arm-none-eabi/lib/armv6-m\libc_s.a(lib_a-__atexit2.o)
                0x000028c8                __register_exitproc
 .text.abort    0x000028e0        0xe c:/program files (x86)/gnu tools arm embedded/4.7 2012q4/bin/../lib/gcc/arm-none-eabi/4.7.3/../../../../arm-none-eabi/lib/armv6-m\libc_s.a(lib_a-abort.o)
                0x000028e0                abort
 .text.__cxa_atexit
                0x000028ee       0x14 c:/program files (x86)/gnu tools arm embedded/4.7 2012q4/bin/../lib/gcc/arm-none-eabi/4.7.3/../../../../arm-none-eabi/lib/armv6-m\libc_s.a(lib_a-cxa_atexit.o)
                0x000028ee                __cxa_atexit
 *fill*         0x00002902        0x2 00
 .text.__errno  0x00002904        0xc c:/program files (x86)/gnu tools arm embedded/4.7 2012q4/bin/../lib/gcc/arm-none-eabi/4.7.3/../../../../arm-none-eabi/lib/armv6-m\libc_s.a(lib_a-errno.o)
                0x00002904                __errno
 .text.__libc_fini_array
                0x00002910       0x2c c:/program files (x86)/gnu tools arm embedded/4.7 2012q4/bin/../lib/gcc/arm-none-eabi/4.7.3/../../../../arm-none-eabi/lib/armv6-m\libc_s.a(lib_a-fini.o)
                0x00002910                __libc_fini_array
 .text.fprintf  0x0000293c       0x24 c:/program files (x86)/gnu tools arm embedded/4.7 2012q4/bin/../lib/gcc/arm-none-eabi/4.7.3/../../../../arm-none-eabi/lib/armv6-m\libc_s.a(lib_a-fprintf.o)
                0x0000293c                fiprintf
                0x0000293c                fprintf
 .text.__libc_init_array
                0x00002960       0x4c c:/program files (x86)/gnu tools arm embedded/4.7 2012q4/bin/../lib/gcc/arm-none-eabi/4.7.3/../../../../arm-none-eabi/lib/armv6-m\libc_s.a(lib_a-init.o)
                0x00002960                __libc_init_array
 .text.malloc   0x000029ac       0x14 c:/program files (x86)/gnu tools arm embedded/4.7 2012q4/bin/../lib/gcc/arm-none-eabi/4.7.3/../../../../arm-none-eabi/lib/armv6-m\libc_s.a(lib_a-malloc.o)
                0x000029ac                malloc
 .text.free     0x000029c0       0x14 c:/program files (x86)/gnu tools arm embedded/4.7 2012q4/bin/../lib/gcc/arm-none-eabi/4.7.3/../../../../arm-none-eabi/lib/armv6-m\libc_s.a(lib_a-malloc.o)
                0x000029c0                free
 .text._malloc_r
                0x000029d4       0x94 c:/program files (x86)/gnu tools arm embedded/4.7 2012q4/bin/../lib/gcc/arm-none-eabi/4.7.3/../../../../arm-none-eabi/lib/armv6-m\libc_s.a(lib_a-mallocr.o)
                0x000029d4                _malloc_r
 .text.memcpy   0x00002a68       0x12 c:/program files (x86)/gnu tools arm embedded/4.7 2012q4/bin/../lib/gcc/arm-none-eabi/4.7.3/../../../../arm-none-eabi/lib/armv6-m\libc_s.a(lib_a-memcpy.o)
                0x00002a68                memcpy
 .text.memset   0x00002a7a       0x12 c:/program files (x86)/gnu tools arm embedded/4.7 2012q4/bin/../lib/gcc/arm-none-eabi/4.7.3/../../../../arm-none-eabi/lib/armv6-m\libc_s.a(lib_a-memset.o)
                0x00002a7a                memset
 .text._sbrk_r  0x00002a8c       0x24 c:/program files (x86)/gnu tools arm embedded/4.7 2012q4/bin/../lib/gcc/arm-none-eabi/4.7.3/../../../../arm-none-eabi/lib/armv6-m\libc_s.a(lib_a-sbrkr.o)
                0x00002a8c                _sbrk_r
 .text._raise_r
                0x00002ab0       0x56 c:/program files (x86)/gnu tools arm embedded/4.7 2012q4/bin/../lib/gcc/arm-none-eabi/4.7.3/../../../../arm-none-eabi/lib/armv6-m\libc_s.a(lib_a-signal.o)
                0x00002ab0                _raise_r
 *fill*         0x00002b06        0x2 00
 .text.raise    0x00002b08       0x14 c:/program files (x86)/gnu tools arm embedded/4.7 2012q4/bin/../lib/gcc/arm-none-eabi/4.7.3/../../../../arm-none-eabi/lib/armv6-m\libc_s.a(lib_a-signal.o)
                0x00002b08                raise
 .text._kill_r  0x00002b1c       0x24 c:/program files (x86)/gnu tools arm embedded/4.7 2012q4/bin/../lib/gcc/arm-none-eabi/4.7.3/../../../../arm-none-eabi/lib/armv6-m\libc_s.a(lib_a-signalr.o)
                0x00002b1c                _kill_r
 .text._getpid_r
                0x00002b40        0x8 c:/program files (x86)/gnu tools arm embedded/4.7 2012q4/bin/../lib/gcc/arm-none-eabi/4.7.3/../../../../arm-none-eabi/lib/armv6-m\libc_s.a(lib_a-signalr.o)
                0x00002b40                _getpid_r
 .text.__sread  0x00002b48       0x28 c:/program files (x86)/gnu tools arm embedded/4.7 2012q4/bin/../lib/gcc/arm-none-eabi/4.7.3/../../../../arm-none-eabi/lib/armv6-m\libc_s.a(lib_a-stdio.o)
                0x00002b48                __sread
 .text.__swrite
                0x00002b70       0x38 c:/program files (x86)/gnu tools arm embedded/4.7 2012q4/bin/../lib/gcc/arm-none-eabi/4.7.3/../../../../arm-none-eabi/lib/armv6-m\libc_s.a(lib_a-stdio.o)
                0x00002b70                __swrite
 .text.__sseek  0x00002ba8       0x2c c:/program files (x86)/gnu tools arm embedded/4.7 2012q4/bin/../lib/gcc/arm-none-eabi/4.7.3/../../../../arm-none-eabi/lib/armv6-m\libc_s.a(lib_a-stdio.o)
                0x00002ba8                __sseek
 .text.__sclose
                0x00002bd4        0xc c:/program files (x86)/gnu tools arm embedded/4.7 2012q4/bin/../lib/gcc/arm-none-eabi/4.7.3/../../../../arm-none-eabi/lib/armv6-m\libc_s.a(lib_a-stdio.o)
                0x00002bd4                __sclose
 .text.strcmp   0x00002be0       0x14 c:/program files (x86)/gnu tools arm embedded/4.7 2012q4/bin/../lib/gcc/arm-none-eabi/4.7.3/../../../../arm-none-eabi/lib/armv6-m\libc_s.a(lib_a-strcmp.o)
                0x00002be0                strcmp
 .text.strlen   0x00002bf4        0xe c:/program files (x86)/gnu tools arm embedded/4.7 2012q4/bin/../lib/gcc/arm-none-eabi/4.7.3/../../../../arm-none-eabi/lib/armv6-m\libc_s.a(lib_a-strlen.o)
                0x00002bf4                strlen
 *fill*         0x00002c02        0x2 00
 .text.write    0x00002c04       0x1c c:/program files (x86)/gnu tools arm embedded/4.7 2012q4/bin/../lib/gcc/arm-none-eabi/4.7.3/../../../../arm-none-eabi/lib/armv6-m\libc_s.a(lib_a-syswrite.o)
                0x00002c04                write
 .text.__sfputc_r
                0x00002c20       0x2a c:/program files (x86)/gnu tools arm embedded/4.7 2012q4/bin/../lib/gcc/arm-none-eabi/4.7.3/../../../../arm-none-eabi/lib/armv6-m\libc_s.a(lib_a-vfprintf.o)
                0x00002c20                __sfputc_r
 *fill*         0x00002c4a        0x2 00
 .text._vfprintf_r
                0x00002c4c      0x23c c:/program files (x86)/gnu tools arm embedded/4.7 2012q4/bin/../lib/gcc/arm-none-eabi/4.7.3/../../../../arm-none-eabi/lib/armv6-m\libc_s.a(lib_a-vfprintf.o)
                0x00002c4c                _vfprintf_r
                0x00002c4c                _vfiprintf_r
 .text._printf_common
                0x00002e88       0xe0 c:/program files (x86)/gnu tools arm embedded/4.7 2012q4/bin/../lib/gcc/arm-none-eabi/4.7.3/../../../../arm-none-eabi/lib/armv6-m\libc_s.a(lib_a-vfprintf_i.o)
                0x00002e88                _printf_common
 .text._printf_i
                0x00002f68      0x234 c:/program files (x86)/gnu tools arm embedded/4.7 2012q4/bin/../lib/gcc/arm-none-eabi/4.7.3/../../../../arm-none-eabi/lib/armv6-m\libc_s.a(lib_a-vfprintf_i.o)
                0x00002f68                _printf_i
 .text.__swbuf_r
                0x0000319c       0xbc c:/program files (x86)/gnu tools arm embedded/4.7 2012q4/bin/../lib/gcc/arm-none-eabi/4.7.3/../../../../arm-none-eabi/lib/armv6-m\libc_s.a(lib_a-wbuf.o)
                0x0000319c                __swbuf_r
 .text._write_r
                0x00003258       0x28 c:/program files (x86)/gnu tools arm embedded/4.7 2012q4/bin/../lib/gcc/arm-none-eabi/4.7.3/../../../../arm-none-eabi/lib/armv6-m\libc_s.a(lib_a-writer.o)
                0x00003258                _write_r
 .text.__swsetup_r
                0x00003280       0xd8 c:/program files (x86)/gnu tools arm embedded/4.7 2012q4/bin/../lib/gcc/arm-none-eabi/4.7.3/../../../../arm-none-eabi/lib/armv6-m\libc_s.a(lib_a-wsetup.o)
                0x00003280                __swsetup_r
 .text.__do_register_exitproc
                0x00003358       0x84 c:/program files (x86)/gnu tools arm embedded/4.7 2012q4/bin/../lib/gcc/arm-none-eabi/4.7.3/../../../../arm-none-eabi/lib/armv6-m\libc_s.a(lib_a-__atexit.o)
                0x00003358                __do_register_exitproc
 .text._close_r
                0x000033dc       0x24 c:/program files (x86)/gnu tools arm embedded/4.7 2012q4/bin/../lib/gcc/arm-none-eabi/4.7.3/../../../../arm-none-eabi/lib/armv6-m\libc_s.a(lib_a-closer.o)
                0x000033dc                _close_r
 .text._fflush_r
                0x00003400      0x154 c:/program files (x86)/gnu tools arm embedded/4.7 2012q4/bin/../lib/gcc/arm-none-eabi/4.7.3/../../../../arm-none-eabi/lib/armv6-m\libc_s.a(lib_a-fflush.o)
                0x00003400                _fflush_r
 .text._cleanup_r
                0x00003554       0x36 c:/program files (x86)/gnu tools arm embedded/4.7 2012q4/bin/../lib/gcc/arm-none-eabi/4.7.3/../../../../arm-none-eabi/lib/armv6-m\libc_s.a(lib_a-findfp.o)
                0x00003554                _cleanup_r
 *fill*         0x0000358a        0x2 00
 .text.std.isra.0
                0x0000358c       0x48 c:/program files (x86)/gnu tools arm embedded/4.7 2012q4/bin/../lib/gcc/arm-none-eabi/4.7.3/../../../../arm-none-eabi/lib/armv6-m\libc_s.a(lib_a-findfp.o)
 .text.__sfmoreglue
                0x000035d4       0x28 c:/program files (x86)/gnu tools arm embedded/4.7 2012q4/bin/../lib/gcc/arm-none-eabi/4.7.3/../../../../arm-none-eabi/lib/armv6-m\libc_s.a(lib_a-findfp.o)
                0x000035d4                __sfmoreglue
 .text.__sinit  0x000035fc       0x54 c:/program files (x86)/gnu tools arm embedded/4.7 2012q4/bin/../lib/gcc/arm-none-eabi/4.7.3/../../../../arm-none-eabi/lib/armv6-m\libc_s.a(lib_a-findfp.o)
                0x000035fc                __sinit
 .text.__sfp    0x00003650       0x80 c:/program files (x86)/gnu tools arm embedded/4.7 2012q4/bin/../lib/gcc/arm-none-eabi/4.7.3/../../../../arm-none-eabi/lib/armv6-m\libc_s.a(lib_a-findfp.o)
                0x00003650                __sfp
 .text._free_r  0x000036d0       0x90 c:/program files (x86)/gnu tools arm embedded/4.7 2012q4/bin/../lib/gcc/arm-none-eabi/4.7.3/../../../../arm-none-eabi/lib/armv6-m\libc_s.a(lib_a-freer.o)
                0x000036d0                _free_r
 .text._lseek_r
                0x00003760       0x28 c:/program files (x86)/gnu tools arm embedded/4.7 2012q4/bin/../lib/gcc/arm-none-eabi/4.7.3/../../../../arm-none-eabi/lib/armv6-m\libc_s.a(lib_a-lseekr.o)
                0x00003760                _lseek_r
 .text.__smakebuf_r
                0x00003788       0xa0 c:/program files (x86)/gnu tools arm embedded/4.7 2012q4/bin/../lib/gcc/arm-none-eabi/4.7.3/../../../../arm-none-eabi/lib/armv6-m\libc_s.a(lib_a-makebuf.o)
                0x00003788                __smakebuf_r
 .text.memchr   0x00003828       0x18 c:/program files (x86)/gnu tools arm embedded/4.7 2012q4/bin/../lib/gcc/arm-none-eabi/4.7.3/../../../../arm-none-eabi/lib/armv6-m\libc_s.a(lib_a-memchr.o)
                0x00003828                memchr
 .text._read_r  0x00003840       0x28 c:/program files (x86)/gnu tools arm embedded/4.7 2012q4/bin/../lib/gcc/arm-none-eabi/4.7.3/../../../../arm-none-eabi/lib/armv6-m\libc_s.a(lib_a-readr.o)
                0x00003840                _read_r
 .text._fstat_r
                0x00003868       0x24 c:/program files (x86)/gnu tools arm embedded/4.7 2012q4/bin/../lib/gcc/arm-none-eabi/4.7.3/../../../../arm-none-eabi/lib/armv6-m\libc_s.a(lib_a-fstatr.o)
                0x00003868                _fstat_r
 .text._isatty_r
                0x0000388c       0x24 c:/program files (x86)/gnu tools arm embedded/4.7 2012q4/bin/../lib/gcc/arm-none-eabi/4.7.3/../../../../arm-none-eabi/lib/armv6-m\libc_s.a(lib_a-isattyr.o)
                0x0000388c                _isatty_r
 .text          0x000038b0       0x14 c:/program files (x86)/gnu tools arm embedded/4.7 2012q4/bin/../lib/gcc/arm-none-eabi/4.7.3/armv6-m\libgcc.a(_thumb1_case_uqi.o)
                0x000038b0                __gnu_thumb1_case_uqi
 .text          0x000038c4       0x9c c:/program files (x86)/gnu tools arm embedded/4.7 2012q4/bin/../lib/gcc/arm-none-eabi/4.7.3/armv6-m\libgcc.a(_udivsi3.o)
                0x000038c4                __aeabi_uidiv
                0x000038c4                __udivsi3
                0x0000394c                __aeabi_uidivmod
 .text          0x00003960        0x4 c:/program files (x86)/gnu tools arm embedded/4.7 2012q4/bin/../lib/gcc/arm-none-eabi/4.7.3/armv6-m\libgcc.a(_dvmd_tls.o)
                0x00003960                __aeabi_idiv0
                0x00003960                __aeabi_ldiv0
 .text          0x00003964       0x7c c:/program files (x86)/gnu tools arm embedded/4.7 2012q4/bin/../lib/gcc/arm-none-eabi/4.7.3/armv6-m\libgcc.a(_arm_cmpdf2.o)
                0x00003964                __aeabi_cdrcmple
                0x00003974                __aeabi_cdcmple
                0x00003974                __aeabi_cdcmpeq
                0x00003984                __aeabi_dcmpeq
                0x00003990                __aeabi_dcmplt
                0x000039a4                __aeabi_dcmple
                0x000039b8                __aeabi_dcmpgt
                0x000039cc                __aeabi_dcmpge
 .text          0x000039e0       0x74 c:/program files (x86)/gnu tools arm embedded/4.7 2012q4/bin/../lib/gcc/arm-none-eabi/4.7.3/armv6-m\libgcc.a(_arm_cmpsf2.o)
                0x000039e0                __aeabi_cfrcmple
                0x000039e8                __aeabi_cfcmpeq
                0x000039e8                __aeabi_cfcmple
                0x000039f8                __aeabi_fcmpeq
                0x00003a04                __aeabi_fcmplt
                0x00003a18                __aeabi_fcmple
                0x00003a2c                __aeabi_fcmpgt
                0x00003a40                __aeabi_fcmpge
 .text          0x00003a54       0x40 c:/program files (x86)/gnu tools arm embedded/4.7 2012q4/bin/../lib/gcc/arm-none-eabi/4.7.3/armv6-m\libgcc.a(_aeabi_uldivmod.o)
                0x00003a54                __aeabi_uldivmod
 .text          0x00003a94       0x44 c:/program files (x86)/gnu tools arm embedded/4.7 2012q4/bin/../lib/gcc/arm-none-eabi/4.7.3/armv6-m\libgcc.a(_muldi3.o)
                0x00003a94                __muldi3
                0x00003a94                __aeabi_lmul
 .text          0x00003ad8       0x30 c:/program files (x86)/gnu tools arm embedded/4.7 2012q4/bin/../lib/gcc/arm-none-eabi/4.7.3/armv6-m\libgcc.a(_fixunssfsi.o)
                0x00003ad8                __fixunssfsi
                0x00003ad8                __aeabi_f2uiz
 .text          0x00003b08       0x74 c:/program files (x86)/gnu tools arm embedded/4.7 2012q4/bin/../lib/gcc/arm-none-eabi/4.7.3/armv6-m\libgcc.a(bpabi.o)
                0x00003b08                __gnu_ldivmod_helper
                0x00003b44                __gnu_uldivmod_helper
 .text          0x00003b7c      0x3a4 c:/program files (x86)/gnu tools arm embedded/4.7 2012q4/bin/../lib/gcc/arm-none-eabi/4.7.3/armv6-m\libgcc.a(addsf3.o)
                0x00003b7c                __aeabi_fadd
 .text          0x00003f20      0x274 c:/program files (x86)/gnu tools arm embedded/4.7 2012q4/bin/../lib/gcc/arm-none-eabi/4.7.3/armv6-m\libgcc.a(divsf3.o)
                0x00003f20                __aeabi_fdiv
 .text          0x00004194       0x50 c:/program files (x86)/gnu tools arm embedded/4.7 2012q4/bin/../lib/gcc/arm-none-eabi/4.7.3/armv6-m\libgcc.a(eqsf2.o)
                0x00004194                __eqsf2
                0x00004194                __nesf2
 .text          0x000041e4       0x90 c:/program files (x86)/gnu tools arm embedded/4.7 2012q4/bin/../lib/gcc/arm-none-eabi/4.7.3/armv6-m\libgcc.a(gesf2.o)
                0x000041e4                __gesf2
                0x000041e4                __gtsf2
 .text          0x00004274       0x90 c:/program files (x86)/gnu tools arm embedded/4.7 2012q4/bin/../lib/gcc/arm-none-eabi/4.7.3/armv6-m\libgcc.a(lesf2.o)
                0x00004274                __ltsf2
                0x00004274                __lesf2
 .text          0x00004304      0x260 c:/program files (x86)/gnu tools arm embedded/4.7 2012q4/bin/../lib/gcc/arm-none-eabi/4.7.3/armv6-m\libgcc.a(mulsf3.o)
                0x00004304                __aeabi_fmul
 .text          0x00004564      0x3ac c:/program files (x86)/gnu tools arm embedded/4.7 2012q4/bin/../lib/gcc/arm-none-eabi/4.7.3/armv6-m\libgcc.a(subsf3.o)
                0x00004564                __aeabi_fsub
 .text          0x00004910       0x40 c:/program files (x86)/gnu tools arm embedded/4.7 2012q4/bin/../lib/gcc/arm-none-eabi/4.7.3/armv6-m\libgcc.a(fixsfsi.o)
                0x00004910                __aeabi_f2iz
 .text          0x00004950       0xa8 c:/program files (x86)/gnu tools arm embedded/4.7 2012q4/bin/../lib/gcc/arm-none-eabi/4.7.3/armv6-m\libgcc.a(floatsisf.o)
                0x00004950                __aeabi_i2f
 .text          0x000049f8       0xa8 c:/program files (x86)/gnu tools arm embedded/4.7 2012q4/bin/../lib/gcc/arm-none-eabi/4.7.3/armv6-m\libgcc.a(floatunsisf.o)
                0x000049f8                __aeabi_ui2f
 .text          0x00004aa0      0x5b8 c:/program files (x86)/gnu tools arm embedded/4.7 2012q4/bin/../lib/gcc/arm-none-eabi/4.7.3/armv6-m\libgcc.a(divdf3.o)
                0x00004aa0                __aeabi_ddiv
 .text          0x00005058       0x7c c:/program files (x86)/gnu tools arm embedded/4.7 2012q4/bin/../lib/gcc/arm-none-eabi/4.7.3/armv6-m\libgcc.a(eqdf2.o)
                0x00005058                __nedf2
                0x00005058                __eqdf2
 .text          0x000050d4       0xe8 c:/program files (x86)/gnu tools arm embedded/4.7 2012q4/bin/../lib/gcc/arm-none-eabi/4.7.3/armv6-m\libgcc.a(gedf2.o)
                0x000050d4                __gedf2
                0x000050d4                __gtdf2
 .text          0x000051bc       0xd8 c:/program files (x86)/gnu tools arm embedded/4.7 2012q4/bin/../lib/gcc/arm-none-eabi/4.7.3/armv6-m\libgcc.a(ledf2.o)
                0x000051bc                __ledf2
                0x000051bc                __ltdf2
 .text          0x00005294      0x4e4 c:/program files (x86)/gnu tools arm embedded/4.7 2012q4/bin/../lib/gcc/arm-none-eabi/4.7.3/armv6-m\libgcc.a(muldf3.o)
                0x00005294                __aeabi_dmul
 .text          0x00005778       0x68 c:/program files (x86)/gnu tools arm embedded/4.7 2012q4/bin/../lib/gcc/arm-none-eabi/4.7.3/armv6-m\libgcc.a(fixdfsi.o)
                0x00005778                __aeabi_d2iz
 .text          0x000057e0       0xa8 c:/program files (x86)/gnu tools arm embedded/4.7 2012q4/bin/../lib/gcc/arm-none-eabi/4.7.3/armv6-m\libgcc.a(extendsfdf2.o)
                0x000057e0                __aeabi_f2d
 .text          0x00005888      0x134 c:/program files (x86)/gnu tools arm embedded/4.7 2012q4/bin/../lib/gcc/arm-none-eabi/4.7.3/armv6-m\libgcc.a(truncdfsf2.o)
                0x00005888                __aeabi_d2f
 .text          0x000059bc       0x3c c:/program files (x86)/gnu tools arm embedded/4.7 2012q4/bin/../lib/gcc/arm-none-eabi/4.7.3/armv6-m\libgcc.a(_clzsi2.o)
                0x000059bc                __clzsi2
 .text          0x000059f8      0x3d0 c:/program files (x86)/gnu tools arm embedded/4.7 2012q4/bin/../lib/gcc/arm-none-eabi/4.7.3/armv6-m\libgcc.a(_divdi3.o)
                0x000059f8                __divdi3
 .text          0x00005dc8      0x38c c:/program files (x86)/gnu tools arm embedded/4.7 2012q4/bin/../lib/gcc/arm-none-eabi/4.7.3/armv6-m\libgcc.a(_udivdi3.o)
                0x00005dc8                __udivdi3
 .text._getpid  0x00006154       0x10 c:/program files (x86)/gnu tools arm embedded/4.7 2012q4/bin/../lib/gcc/arm-none-eabi/4.7.3/../../../../arm-none-eabi/lib/armv6-m\libnosys.a(getpid.o)
                0x00006154                _getpid
 .text._kill    0x00006164       0x10 c:/program files (x86)/gnu tools arm embedded/4.7 2012q4/bin/../lib/gcc/arm-none-eabi/4.7.3/../../../../arm-none-eabi/lib/armv6-m\libnosys.a(kill.o)
                0x00006164                _kill
 .text._sbrk    0x00006174       0x20 c:/program files (x86)/gnu tools arm embedded/4.7 2012q4/bin/../lib/gcc/arm-none-eabi/4.7.3/../../../../arm-none-eabi/lib/armv6-m\libnosys.a(sbrk.o)
                0x00006174                _sbrk
 .text._exit    0x00006194        0x4 c:/program files (x86)/gnu tools arm embedded/4.7 2012q4/bin/../lib/gcc/arm-none-eabi/4.7.3/../../../../arm-none-eabi/lib/armv6-m\libnosys.a(_exit.o)
                0x00006194                _exit
 *(.init)
 .init          0x00006198        0x4 c:/program files (x86)/gnu tools arm embedded/4.7 2012q4/bin/../lib/gcc/arm-none-eabi/4.7.3/armv6-m/crti.o
                0x00006198                _init
 .init          0x0000619c        0x8 c:/program files (x86)/gnu tools arm embedded/4.7 2012q4/bin/../lib/gcc/arm-none-eabi/4.7.3/armv6-m/crtn.o
 *(.fini)
 .fini          0x000061a4        0x4 c:/program files (x86)/gnu tools arm embedded/4.7 2012q4/bin/../lib/gcc/arm-none-eabi/4.7.3/armv6-m/crti.o
                0x000061a4                _fini
 .fini          0x000061a8        0x8 c:/program files (x86)/gnu tools arm embedded/4.7 2012q4/bin/../lib/gcc/arm-none-eabi/4.7.3/armv6-m/crtn.o
 *crtbegin.o(.ctors)
 *crtbegin?.o(.ctors)
 *(EXCLUDE_FILE(*crtend.o *crtend?.o) .ctors)
 *(SORT(.ctors.*))
 *(.ctors)
 *crtbegin.o(.dtors)
 *crtbegin?.o(.dtors)
 *(EXCLUDE_FILE(*crtend.o *crtend?.o) .dtors)
 *(SORT(.dtors.*))
 *(.dtors)
 *(.rodata*)
 .rodata.str1.1
                0x000061b0       0x10 D:\peterb\git\build\test\LPC11U24\GCC_ARM\PB_1\fanbot.o
 .rodata.PinMap_PWM
                0x000061c0      0x108 D:\peterb\git\build\mbed\LPC11U24\GCC_ARM\libmbed.a(pwmout_api.o)
 .rodata.Timers
                0x000062c8       0x10 D:\peterb\git\build\mbed\LPC11U24\GCC_ARM\libmbed.a(pwmout_api.o)
 .rodata.PinMap_UART_RX
                0x000062d8       0x30 D:\peterb\git\build\mbed\LPC11U24\GCC_ARM\libmbed.a(serial_api.o)
 .rodata.str1.1
                0x00006308       0x94 D:\peterb\git\build\mbed\LPC11U24\GCC_ARM\libmbed.a(serial_api.o)
 .rodata.PinMap_UART_TX
                0x0000639c       0x30 D:\peterb\git\build\mbed\LPC11U24\GCC_ARM\libmbed.a(serial_api.o)
 .rodata.str1.1
                0x000063cc       0x42 D:\peterb\git\build\mbed\LPC11U24\GCC_ARM\libmbed.a(pinmap_common.o)
 .rodata._ZTSN4mbed6BusOutE
                0x0000640e        0xf D:\peterb\git\build\mbed\LPC11U24\GCC_ARM\libmbed.a(BusOut.o)
                0x0000640e                typeinfo name for mbed::BusOut
 *fill*         0x0000641d        0x3 00
 .rodata._ZTVN4mbed6BusOutE
                0x00006420       0x10 D:\peterb\git\build\mbed\LPC11U24\GCC_ARM\libmbed.a(BusOut.o)
                0x00006420                vtable for mbed::BusOut
 .rodata._ZTIN4mbed6BusOutE
                0x00006430        0x8 D:\peterb\git\build\mbed\LPC11U24\GCC_ARM\libmbed.a(BusOut.o)
                0x00006430                typeinfo for mbed::BusOut
 .rodata.str1.1
                0x00006438        0xe D:\peterb\git\build\mbed\LPC11U24\GCC_ARM\libmbed.a(stdio.o)
 *fill*         0x00006446        0x2 00
 .rodata._ZTIN4mbed6TickerE
                0x00006448        0xc D:\peterb\git\build\mbed\LPC11U24\GCC_ARM\libmbed.a(Ticker.o)
                0x00006448                typeinfo for mbed::Ticker
 .rodata._ZTSN4mbed6TickerE
                0x00006454       0x10 D:\peterb\git\build\mbed\LPC11U24\GCC_ARM\libmbed.a(Ticker.o)
                0x00006454                typeinfo name for mbed::Ticker
 *fill*         0x00006464        0x4 00
 .rodata._ZTVN4mbed6TickerE
                0x00006468       0x18 D:\peterb\git\build\mbed\LPC11U24\GCC_ARM\libmbed.a(Ticker.o)
                0x00006468                vtable for mbed::Ticker
 .rodata._ZTIN4mbed10TimerEventE
                0x00006480        0x8 D:\peterb\git\build\mbed\LPC11U24\GCC_ARM\libmbed.a(TimerEvent.o)
                0x00006480                typeinfo for mbed::TimerEvent
 .rodata._ZTVN4mbed10TimerEventE
                0x00006488       0x18 D:\peterb\git\build\mbed\LPC11U24\GCC_ARM\libmbed.a(TimerEvent.o)
                0x00006488                vtable for mbed::TimerEvent
 .rodata._ZTSN4mbed10TimerEventE
                0x000064a0       0x14 D:\peterb\git\build\mbed\LPC11U24\GCC_ARM\libmbed.a(TimerEvent.o)
                0x000064a0                typeinfo name for mbed::TimerEvent
 .rodata._ZTI6USBHAL
                0x000064b4        0x8 D:\peterb\git\build\usb\LPC11U24\GCC_ARM\libUSBDevice.a(USBDevice.o)
                0x000064b4                typeinfo for USBHAL
 .rodata._ZTS6USBHAL
                0x000064bc        0x8 D:\peterb\git\build\usb\LPC11U24\GCC_ARM\libUSBDevice.a(USBDevice.o)
                0x000064bc                typeinfo name for USBHAL
 .rodata._ZTI9USBDevice
                0x000064c4        0xc D:\peterb\git\build\usb\LPC11U24\GCC_ARM\libUSBDevice.a(USBDevice.o)
                0x000064c4                typeinfo for USBDevice
 .rodata._ZTS9USBDevice
                0x000064d0        0xb D:\peterb\git\build\usb\LPC11U24\GCC_ARM\libUSBDevice.a(USBDevice.o)
                0x000064d0                typeinfo name for USBDevice
 *fill*         0x000064db        0x5 00
 .rodata._ZTV9USBDevice
                0x000064e0       0x80 D:\peterb\git\build\usb\LPC11U24\GCC_ARM\libUSBDevice.a(USBDevice.o)
                0x000064e0                vtable for USBDevice
 .rodata._ZTV6USBHAL
                0x00006560       0x48 D:\peterb\git\build\usb\LPC11U24\GCC_ARM\libUSBDevice.a(USBHAL_LPC11U.o)
                0x00006560                vtable for USBHAL
 .rodata        0x000065a8       0x40 D:\peterb\git\build\usb\LPC11U24\GCC_ARM\libUSBDevice.a(USBHAL_LPC11U.o)
 .rodata._ZTV6USBHID
                0x000065e8       0x88 D:\peterb\git\build\usb\LPC11U24\GCC_ARM\libUSBDevice.a(USBHID.o)
                0x000065e8                vtable for USBHID
 .rodata._ZTS6USBHID
                0x00006670        0x8 D:\peterb\git\build\usb\LPC11U24\GCC_ARM\libUSBDevice.a(USBHID.o)
                0x00006670                typeinfo name for USBHID
 .rodata._ZTI6USBHID
                0x00006678        0xc D:\peterb\git\build\usb\LPC11U24\GCC_ARM\libUSBDevice.a(USBHID.o)
                0x00006678                typeinfo for USBHID
 *fill*         0x00006684        0x4 00
 .rodata._ZTVN10__cxxabiv120__si_class_type_infoE
                0x00006688       0x30 c:/program files (x86)/gnu tools arm embedded/4.7 2012q4/bin/../lib/gcc/arm-none-eabi/4.7.3/../../../../arm-none-eabi/lib/armv6-m\libstdc++_s.a(si_class_type_info.o)
                0x00006688                vtable for __cxxabiv1::__si_class_type_info
 .rodata._ZTIN10__cxxabiv120__si_class_type_infoE
                0x000066b8        0xc c:/program files (x86)/gnu tools arm embedded/4.7 2012q4/bin/../lib/gcc/arm-none-eabi/4.7.3/../../../../arm-none-eabi/lib/armv6-m\libstdc++_s.a(si_class_type_info.o)
                0x000066b8                typeinfo for __cxxabiv1::__si_class_type_info
 .rodata._ZTSN10__cxxabiv120__si_class_type_infoE
                0x000066c4       0x25 c:/program files (x86)/gnu tools arm embedded/4.7 2012q4/bin/../lib/gcc/arm-none-eabi/4.7.3/../../../../arm-none-eabi/lib/armv6-m\libstdc++_s.a(si_class_type_info.o)
                0x000066c4                typeinfo name for __cxxabiv1::__si_class_type_info
 .rodata.str1.1
                0x000066e9       0x3b c:/program files (x86)/gnu tools arm embedded/4.7 2012q4/bin/../lib/gcc/arm-none-eabi/4.7.3/../../../../arm-none-eabi/lib/armv6-m\libstdc++_s.a(pure.o)
 *fill*         0x00006724        0x4 00
 .rodata._ZTVN10__cxxabiv117__class_type_infoE
                0x00006728       0x30 c:/program files (x86)/gnu tools arm embedded/4.7 2012q4/bin/../lib/gcc/arm-none-eabi/4.7.3/../../../../arm-none-eabi/lib/armv6-m\libstdc++_s.a(class_type_info.o)
                0x00006728                vtable for __cxxabiv1::__class_type_info
 .rodata._ZTIN10__cxxabiv117__class_type_infoE
                0x00006758        0xc c:/program files (x86)/gnu tools arm embedded/4.7 2012q4/bin/../lib/gcc/arm-none-eabi/4.7.3/../../../../arm-none-eabi/lib/armv6-m\libstdc++_s.a(class_type_info.o)
                0x00006758                typeinfo for __cxxabiv1::__class_type_info
 .rodata._ZTSN10__cxxabiv117__class_type_infoE
                0x00006764       0x22 c:/program files (x86)/gnu tools arm embedded/4.7 2012q4/bin/../lib/gcc/arm-none-eabi/4.7.3/../../../../arm-none-eabi/lib/armv6-m\libstdc++_s.a(class_type_info.o)
                0x00006764                typeinfo name for __cxxabiv1::__class_type_info
 *fill*         0x00006786        0x2 00
 .rodata._ZTISt9type_info
                0x00006788        0x8 c:/program files (x86)/gnu tools arm embedded/4.7 2012q4/bin/../lib/gcc/arm-none-eabi/4.7.3/../../../../arm-none-eabi/lib/armv6-m\libstdc++_s.a(tinfo.o)
                0x00006788                typeinfo for std::type_info
 .rodata._ZTSSt9type_info
                0x00006790        0xd c:/program files (x86)/gnu tools arm embedded/4.7 2012q4/bin/../lib/gcc/arm-none-eabi/4.7.3/../../../../arm-none-eabi/lib/armv6-m\libstdc++_s.a(tinfo.o)
                0x00006790                typeinfo name for std::type_info
 *fill*         0x0000679d        0x3 00
 .rodata._ZTVSt9type_info
                0x000067a0       0x20 c:/program files (x86)/gnu tools arm embedded/4.7 2012q4/bin/../lib/gcc/arm-none-eabi/4.7.3/../../../../arm-none-eabi/lib/armv6-m\libstdc++_s.a(tinfo.o)
                0x000067a0                vtable for std::type_info
 .rodata.str1.1
                0x000067c0        0x2 c:/program files (x86)/gnu tools arm embedded/4.7 2012q4/bin/../lib/gcc/arm-none-eabi/4.7.3/../../../../arm-none-eabi/lib/armv6-m\libc_s.a(lib_a-impure.o)
 *fill*         0x000067c2        0x2 00
 .rodata._global_impure_ptr
                0x000067c4        0x4 c:/program files (x86)/gnu tools arm embedded/4.7 2012q4/bin/../lib/gcc/arm-none-eabi/4.7.3/../../../../arm-none-eabi/lib/armv6-m\libc_s.a(lib_a-impure.o)
                0x000067c4                _global_impure_ptr
 .rodata.str1.1
                0x000067c8       0x11 c:/program files (x86)/gnu tools arm embedded/4.7 2012q4/bin/../lib/gcc/arm-none-eabi/4.7.3/../../../../arm-none-eabi/lib/armv6-m\libc_s.a(lib_a-vfprintf.o)
 .rodata.str1.1
                0x000067d9       0x22 c:/program files (x86)/gnu tools arm embedded/4.7 2012q4/bin/../lib/gcc/arm-none-eabi/4.7.3/../../../../arm-none-eabi/lib/armv6-m\libc_s.a(lib_a-vfprintf_i.o)
 *fill*         0x000067fb        0x1 00
 .rodata.__sf_fake_stdin
                0x000067fc       0x20 c:/program files (x86)/gnu tools arm embedded/4.7 2012q4/bin/../lib/gcc/arm-none-eabi/4.7.3/../../../../arm-none-eabi/lib/armv6-m\libc_s.a(lib_a-findfp.o)
                0x000067fc                __sf_fake_stdin
 .rodata.__sf_fake_stdout
                0x0000681c       0x20 c:/program files (x86)/gnu tools arm embedded/4.7 2012q4/bin/../lib/gcc/arm-none-eabi/4.7.3/../../../../arm-none-eabi/lib/armv6-m\libc_s.a(lib_a-findfp.o)
                0x0000681c                __sf_fake_stdout
 .rodata.__sf_fake_stderr
                0x0000683c       0x20 c:/program files (x86)/gnu tools arm embedded/4.7 2012q4/bin/../lib/gcc/arm-none-eabi/4.7.3/../../../../arm-none-eabi/lib/armv6-m\libc_s.a(lib_a-findfp.o)
                0x0000683c                __sf_fake_stderr
 .rodata        0x0000685c       0x40 c:/program files (x86)/gnu tools arm embedded/4.7 2012q4/bin/../lib/gcc/arm-none-eabi/4.7.3/armv6-m\libgcc.a(divsf3.o)
 .rodata        0x0000689c       0x40 c:/program files (x86)/gnu tools arm embedded/4.7 2012q4/bin/../lib/gcc/arm-none-eabi/4.7.3/armv6-m\libgcc.a(mulsf3.o)
 .rodata        0x000068dc       0x40 c:/program files (x86)/gnu tools arm embedded/4.7 2012q4/bin/../lib/gcc/arm-none-eabi/4.7.3/armv6-m\libgcc.a(divdf3.o)
 .rodata        0x0000691c       0x40 c:/program files (x86)/gnu tools arm embedded/4.7 2012q4/bin/../lib/gcc/arm-none-eabi/4.7.3/armv6-m\libgcc.a(muldf3.o)
 *(.eh_frame*)
 .eh_frame      0x0000695c        0x0 c:/program files (x86)/gnu tools arm embedded/4.7 2012q4/bin/../lib/gcc/arm-none-eabi/4.7.3/armv6-m/crtbegin.o
 .eh_frame      0x0000695c        0x4 c:/program files (x86)/gnu tools arm embedded/4.7 2012q4/bin/../lib/gcc/arm-none-eabi/4.7.3/armv6-m/crtend.o

.glue_7         0x00006960        0x0
 .glue_7        0x00000000        0x0 linker stubs

.glue_7t        0x00006960        0x0
 .glue_7t       0x00000000        0x0 linker stubs

.vfp11_veneer   0x00006960        0x0
 .vfp11_veneer  0x00000000        0x0 linker stubs

.v4_bx          0x00006960        0x0
 .v4_bx         0x00000000        0x0 linker stubs

.iplt           0x00006960        0x0
 .iplt          0x00000000        0x0 c:/program files (x86)/gnu tools arm embedded/4.7 2012q4/bin/../lib/gcc/arm-none-eabi/4.7.3/armv6-m/crtbegin.o

.ARM.extab
 *(.ARM.extab* .gnu.linkonce.armextab.*)
                0x00006960                __exidx_start = .

.ARM.exidx      0x00006960        0x8
 *(.ARM.exidx* .gnu.linkonce.armexidx.*)
 .ARM.exidx     0x00006960        0x8 c:/program files (x86)/gnu tools arm embedded/4.7 2012q4/bin/../lib/gcc/arm-none-eabi/4.7.3/../../../../arm-none-eabi/lib/armv6-m/crt0.o
 .ARM.exidx     0x00006968        0x0 c:/program files (x86)/gnu tools arm embedded/4.7 2012q4/bin/../lib/gcc/arm-none-eabi/4.7.3/armv6-m\libgcc.a(_divdi3.o)
                                  0x8 (size before relaxing)
 .ARM.exidx     0x00006968        0x0 c:/program files (x86)/gnu tools arm embedded/4.7 2012q4/bin/../lib/gcc/arm-none-eabi/4.7.3/armv6-m\libgcc.a(_udivdi3.o)
                                  0x8 (size before relaxing)
                0x00006968                __exidx_end = .
                0x00006968                __etext = .

.rel.dyn        0x00006968        0x0
 .rel.iplt      0x00000000        0x0 c:/program files (x86)/gnu tools arm embedded/4.7 2012q4/bin/../lib/gcc/arm-none-eabi/4.7.3/armv6-m/crtbegin.o

.data           0x100000c0      0x160 load address 0x00006968
                0x100000c0                __data_start__ = .
 *(vtable)
 *(.data*)
 .data          0x100000c0        0x4 c:/program files (x86)/gnu tools arm embedded/4.7 2012q4/bin/../lib/gcc/arm-none-eabi/4.7.3/armv6-m/crtbegin.o
                0x100000c0                __dso_handle
 .data.SystemCoreClock
                0x100000c4        0x4 D:\peterb\git\build\mbed\LPC11U24\GCC_ARM\system_LPC11Uxx.o
                0x100000c4                SystemCoreClock
 .data.pwm_timer_map
                0x100000c8       0x16 D:\peterb\git\build\mbed\LPC11U24\GCC_ARM\libmbed.a(pwmout_api.o)
 .data._ZZN9USBDevice20stringIinterfaceDescEvE26stringIinterfaceDescriptor
                0x100000de        0x8 D:\peterb\git\build\usb\LPC11U24\GCC_ARM\libUSBDevice.a(USBDevice.o)
 .data._ZZN9USBDevice23stringImanufacturerDescEvE29stringImanufacturerDescriptor
                0x100000e6       0x12 D:\peterb\git\build\usb\LPC11U24\GCC_ARM\libUSBDevice.a(USBDevice.o)
 .data._ZZN9USBDevice10deviceDescEvE16deviceDescriptor
                0x100000f8       0x12 D:\peterb\git\build\usb\LPC11U24\GCC_ARM\libUSBDevice.a(USBDevice.o)
 .data._ZZN9USBDevice24stringIConfigurationDescEvE30stringIconfigurationDescriptor
                0x1000010a        0x6 D:\peterb\git\build\usb\LPC11U24\GCC_ARM\libUSBDevice.a(USBDevice.o)
 .data._ZZN9USBDevice16stringLangidDescEvE22stringLangidDescriptor
                0x10000110        0x4 D:\peterb\git\build\usb\LPC11U24\GCC_ARM\libUSBDevice.a(USBDevice.o)
 .data._ZZN9USBDevice18stringIproductDescEvE24stringIproductDescriptor
                0x10000114       0x16 D:\peterb\git\build\usb\LPC11U24\GCC_ARM\libUSBDevice.a(USBDevice.o)
 .data._ZZN9USBDevice17stringIserialDescEvE23stringIserialDescriptor
                0x1000012a       0x16 D:\peterb\git\build\usb\LPC11U24\GCC_ARM\libUSBDevice.a(USBDevice.o)
 .data._ZL9usbRamPtr
                0x10000140        0x4 D:\peterb\git\build\usb\LPC11U24\GCC_ARM\libUSBDevice.a(USBHAL_LPC11U.o)
 .data._ZZN6USBHID10reportDescEvE16reportDescriptor
                0x10000144       0x1c D:\peterb\git\build\usb\LPC11U24\GCC_ARM\libUSBDevice.a(USBHID.o)
 .data._ZZN6USBHID17configurationDescEvE23configurationDescriptor
                0x10000160       0x29 D:\peterb\git\build\usb\LPC11U24\GCC_ARM\libUSBDevice.a(USBHID.o)
 .data._ZZN6USBHID18stringIproductDescEvE24stringIproductDescriptor
                0x10000189       0x16 D:\peterb\git\build\usb\LPC11U24\GCC_ARM\libUSBDevice.a(USBHID.o)
 .data._ZZN6USBHID20stringIinterfaceDescEvE26stringIinterfaceDescriptor
                0x1000019f        0x8 D:\peterb\git\build\usb\LPC11U24\GCC_ARM\libUSBDevice.a(USBHID.o)
 *fill*         0x100001a7        0x1 00
 .data._ZN10__cxxabiv119__terminate_handlerE
                0x100001a8        0x4 c:/program files (x86)/gnu tools arm embedded/4.7 2012q4/bin/../lib/gcc/arm-none-eabi/4.7.3/../../../../arm-none-eabi/lib/armv6-m\libstdc++_s.a(eh_term_handler.o)
                0x100001a8                __cxxabiv1::__terminate_handler
 .data.impure_data
                0x100001ac       0x64 c:/program files (x86)/gnu tools arm embedded/4.7 2012q4/bin/../lib/gcc/arm-none-eabi/4.7.3/../../../../arm-none-eabi/lib/armv6-m\libc_s.a(lib_a-impure.o)
 .data._impure_ptr
                0x10000210        0x4 c:/program files (x86)/gnu tools arm embedded/4.7 2012q4/bin/../lib/gcc/arm-none-eabi/4.7.3/../../../../arm-none-eabi/lib/armv6-m\libc_s.a(lib_a-impure.o)
                0x10000210                _impure_ptr
                0x10000214                . = ALIGN (0x4)
                0x10000214                PROVIDE (__preinit_array_start, .)
 *(.preinit_array)
                0x10000214                PROVIDE (__preinit_array_end, .)
                0x10000214                . = ALIGN (0x4)
                0x10000214                PROVIDE (__init_array_start, .)
 *(SORT(.init_array.*))
 *(.init_array)
 .init_array    0x10000214        0x4 c:/program files (x86)/gnu tools arm embedded/4.7 2012q4/bin/../lib/gcc/arm-none-eabi/4.7.3/armv6-m/crtbegin.o
 .init_array    0x10000218        0x4 D:\peterb\git\build\test\LPC11U24\GCC_ARM\PB_1\fanbot.o
                0x1000021c                PROVIDE (__init_array_end, .)
                0x1000021c                . = ALIGN (0x4)
                0x1000021c                PROVIDE (__fini_array_start, .)
 *(SORT(.fini_array.*))
 *(.fini_array)
 .fini_array    0x1000021c        0x4 c:/program files (x86)/gnu tools arm embedded/4.7 2012q4/bin/../lib/gcc/arm-none-eabi/4.7.3/armv6-m/crtbegin.o
                0x10000220                PROVIDE (__fini_array_end, .)
                0x10000220                . = ALIGN (0x4)
                0x10000220                __data_end__ = .

.jcr            0x10000220        0x0 load address 0x00006ac8
 .jcr           0x10000220        0x0 c:/program files (x86)/gnu tools arm embedded/4.7 2012q4/bin/../lib/gcc/arm-none-eabi/4.7.3/armv6-m/crtbegin.o

.igot.plt       0x10000220        0x0 load address 0x00006ac8
 .igot.plt      0x00000000        0x0 c:/program files (x86)/gnu tools arm embedded/4.7 2012q4/bin/../lib/gcc/arm-none-eabi/4.7.3/armv6-m/crtbegin.o

.bss            0x10000220      0x47c load address 0x00006ac8
                0x10000220                __bss_start__ = .
 *(.bss*)
 .bss           0x10000220       0x1c c:/program files (x86)/gnu tools arm embedded/4.7 2012q4/bin/../lib/gcc/arm-none-eabi/4.7.3/armv6-m/crtbegin.o
 .bss.servo2    0x1000023c        0x1 D:\peterb\git\build\test\LPC11U24\GCC_ARM\PB_1\fanbot.o
                0x1000023c                servo2
 *fill*         0x1000023d        0x3 00
 .bss._ZZ9do_serialvE1i
                0x10000240        0x4 D:\peterb\git\build\test\LPC11U24\GCC_ARM\PB_1\fanbot.o
 .bss.leds      0x10000244       0x44 D:\peterb\git\build\test\LPC11U24\GCC_ARM\PB_1\fanbot.o
                0x10000244                leds
 .bss.uart_rx   0x10000288       0x18 D:\peterb\git\build\test\LPC11U24\GCC_ARM\PB_1\fanbot.o
                0x10000288                uart_rx
 .bss.tic       0x100002a0       0x30 D:\peterb\git\build\test\LPC11U24\GCC_ARM\PB_1\fanbot.o
                0x100002a0                tic
 .bss.recv_report
                0x100002d0       0x44 D:\peterb\git\build\test\LPC11U24\GCC_ARM\PB_1\fanbot.o
                0x100002d0                recv_report
 .bss.ir_rx     0x10000314       0x18 D:\peterb\git\build\test\LPC11U24\GCC_ARM\PB_1\fanbot.o
                0x10000314                ir_rx
 .bss.iap       0x1000032c       0x30 D:\peterb\git\build\test\LPC11U24\GCC_ARM\PB_1\fanbot.o
                0x1000032c                iap
 .bss.servo1    0x1000035c        0x1 D:\peterb\git\build\test\LPC11U24\GCC_ARM\PB_1\fanbot.o
                0x1000035c                servo1
 *fill*         0x1000035d        0x3 00
 .bss.hid       0x10000360       0xb8 D:\peterb\git\build\test\LPC11U24\GCC_ARM\PB_1\fanbot.o
                0x10000360                hid
 .bss.button    0x10000418       0x18 D:\peterb\git\build\test\LPC11U24\GCC_ARM\PB_1\fanbot.o
                0x10000418                button
 .bss.ir_tx     0x10000430       0x18 D:\peterb\git\build\test\LPC11U24\GCC_ARM\PB_1\fanbot.o
                0x10000430                ir_tx
 .bss.read_res  0x10000448        0x4 D:\peterb\git\build\test\LPC11U24\GCC_ARM\PB_1\fanbot.o
                0x10000448                read_res
 .bss.ir_pwm    0x1000044c        0x1 D:\peterb\git\build\test\LPC11U24\GCC_ARM\PB_1\fanbot.o
                0x1000044c                ir_pwm
 *fill*         0x1000044d        0x3 00
 .bss.send_res  0x10000450        0x4 D:\peterb\git\build\test\LPC11U24\GCC_ARM\PB_1\fanbot.o
                0x10000450                send_res
 .bss._ZZ4mainE5count
                0x10000454        0x4 D:\peterb\git\build\test\LPC11U24\GCC_ARM\PB_1\fanbot.o
 .bss.send_report
                0x10000458       0x44 D:\peterb\git\build\test\LPC11U24\GCC_ARM\PB_1\fanbot.o
                0x10000458                send_report
 .bss.counter   0x1000049c        0x4 D:\peterb\git\build\test\LPC11U24\GCC_ARM\PB_1\fanbot.o
                0x1000049c                counter
 .bss.gpio_enabled
                0x100004a0        0x4 D:\peterb\git\build\mbed\LPC11U24\GCC_ARM\libmbed.a(gpio_api.o)
 .bss.pwm_clock_mhz
                0x100004a4        0x4 D:\peterb\git\build\mbed\LPC11U24\GCC_ARM\libmbed.a(pwmout_api.o)
 .bss.stdio_uart_inited
                0x100004a8        0x4 D:\peterb\git\build\mbed\LPC11U24\GCC_ARM\libmbed.a(serial_api.o)
                0x100004a8                stdio_uart_inited
 .bss.stdio_retargeting_module
                0x100004ac        0x4 D:\peterb\git\build\mbed\LPC11U24\GCC_ARM\libmbed.a(stdio.o)
                0x100004ac                stdio_retargeting_module
 .bss._ZL11filehandles
                0x100004b0      0x100 D:\peterb\git\build\mbed\LPC11U24\GCC_ARM\libmbed.a(stdio.o)
 .bss.us_ticker_inited