Archive member included because of file (symbol)

D:\peterb\git\build\mbed\LPC11U24\GCC_ARM\libmbed.a(gpio_api.o)
                              D:\peterb\git\build\test\LPC11U24\GCC_ARM\PB_2\main.o (gpio_mode)
D:\peterb\git\build\mbed\LPC11U24\GCC_ARM\libmbed.a(pinmap.o)
                              D:\peterb\git\build\mbed\LPC11U24\GCC_ARM\libmbed.a(gpio_api.o) (pin_function)
D:\peterb\git\build\mbed\LPC11U24\GCC_ARM\libmbed.a(pwmout_api.o)
                              D:\peterb\git\build\test\LPC11U24\GCC_ARM\PB_2\main.o (pwmout_period)
D:\peterb\git\build\mbed\LPC11U24\GCC_ARM\libmbed.a(exit.o)
                              c:/program files (x86)/gnu tools arm embedded/4.7 2012q4/bin/../lib/gcc/arm-none-eabi/4.7.3/../../../../arm-none-eabi/lib/armv6-m/crt0.o (exit)
D:\peterb\git\build\mbed\LPC11U24\GCC_ARM\libmbed.a(pinmap_common.o)
                              D:\peterb\git\build\mbed\LPC11U24\GCC_ARM\libmbed.a(pwmout_api.o) (pinmap_pinout)
D:\peterb\git\build\mbed\LPC11U24\GCC_ARM\libmbed.a(wait_api.o)
                              D:\peterb\git\build\test\LPC11U24\GCC_ARM\PB_2\main.o (wait)
D:\peterb\git\build\mbed\LPC11U24\GCC_ARM\libmbed.a(stdio.o)
                              D:\peterb\git\build\mbed\LPC11U24\GCC_ARM\system_LPC11Uxx.o (stdio_retargeting_module)
D:\peterb\git\build\mbed\LPC11U24\GCC_ARM\libmbed.a(serial_api.o)
                              D:\peterb\git\build\mbed\LPC11U24\GCC_ARM\libmbed.a(stdio.o) (serial_init)
D:\peterb\git\build\mbed\LPC11U24\GCC_ARM\libmbed.a(us_ticker.o)
                              D:\peterb\git\build\mbed\LPC11U24\GCC_ARM\libmbed.a(wait_api.o) (us_ticker_read)
D:\peterb\git\build\mbed\LPC11U24\GCC_ARM\libmbed.a(board.o)
                              D:\peterb\git\build\mbed\LPC11U24\GCC_ARM\libmbed.a(exit.o) (mbed_die)
D:\peterb\git\build\mbed\LPC11U24\GCC_ARM\libmbed.a(us_ticker_api.o)
                              D:\peterb\git\build\mbed\LPC11U24\GCC_ARM\libmbed.a(us_ticker.o) (us_ticker_irq_handler)
D:\peterb\git\build\mbed\LPC11U24\GCC_ARM\libmbed.a(FilePath.o)
                              D:\peterb\git\build\mbed\LPC11U24\GCC_ARM\libmbed.a(stdio.o) (mbed::FilePath::FilePath(char const*))
D:\peterb\git\build\mbed\LPC11U24\GCC_ARM\libmbed.a(FileSystemLike.o)
                              D:\peterb\git\build\mbed\LPC11U24\GCC_ARM\libmbed.a(stdio.o) (mbed::FileSystemLike::opendir())
D:\peterb\git\build\mbed\LPC11U24\GCC_ARM\libmbed.a(FileBase.o)
                              D:\peterb\git\build\mbed\LPC11U24\GCC_ARM\libmbed.a(FileSystemLike.o) (mbed::FileBase::~FileBase())
c:/program files (x86)/gnu tools arm embedded/4.7 2012q4/bin/../lib/gcc/arm-none-eabi/4.7.3/../../../../arm-none-eabi/lib/armv6-m\libstdc++_s.a(si_class_type_info.o)
                              D:\peterb\git\build\mbed\LPC11U24\GCC_ARM\libmbed.a(FileSystemLike.o) (vtable for __cxxabiv1::__si_class_type_info)
c:/program files (x86)/gnu tools arm embedded/4.7 2012q4/bin/../lib/gcc/arm-none-eabi/4.7.3/../../../../arm-none-eabi/lib/armv6-m\libstdc++_s.a(pure.o)
                              D:\peterb\git\build\mbed\LPC11U24\GCC_ARM\libmbed.a(stdio.o) (__cxa_pure_virtual)
c:/program files (x86)/gnu tools arm embedded/4.7 2012q4/bin/../lib/gcc/arm-none-eabi/4.7.3/../../../../arm-none-eabi/lib/armv6-m\libstdc++_s.a(del_op.o)
                              D:\peterb\git\build\mbed\LPC11U24\GCC_ARM\libmbed.a(stdio.o) (operator delete(void*))
c:/program files (x86)/gnu tools arm embedded/4.7 2012q4/bin/../lib/gcc/arm-none-eabi/4.7.3/../../../../arm-none-eabi/lib/armv6-m\libstdc++_s.a(class_type_info.o)
                              c:/program files (x86)/gnu tools arm embedded/4.7 2012q4/bin/../lib/gcc/arm-none-eabi/4.7.3/../../../../arm-none-eabi/lib/armv6-m\libstdc++_s.a(si_class_type_info.o) (__cxxabiv1::__class_type_info::__do_upcast(__cxxabiv1::__class_type_info const*, void**) const)
c:/program files (x86)/gnu tools arm embedded/4.7 2012q4/bin/../lib/gcc/arm-none-eabi/4.7.3/../../../../arm-none-eabi/lib/armv6-m\libstdc++_s.a(new_op.o)
                              D:\peterb\git\build\mbed\LPC11U24\GCC_ARM\libmbed.a(FileSystemLike.o) (operator new(unsigned int))
c:/program files (x86)/gnu tools arm embedded/4.7 2012q4/bin/../lib/gcc/arm-none-eabi/4.7.3/../../../../arm-none-eabi/lib/armv6-m\libstdc++_s.a(eh_terminate.o)
                              c:/program files (x86)/gnu tools arm embedded/4.7 2012q4/bin/../lib/gcc/arm-none-eabi/4.7.3/../../../../arm-none-eabi/lib/armv6-m\libstdc++_s.a(pure.o) (std::terminate())
c:/program files (x86)/gnu tools arm embedded/4.7 2012q4/bin/../lib/gcc/arm-none-eabi/4.7.3/../../../../arm-none-eabi/lib/armv6-m\libstdc++_s.a(tinfo.o)
                              c:/program files (x86)/gnu tools arm embedded/4.7 2012q4/bin/../lib/gcc/arm-none-eabi/4.7.3/../../../../arm-none-eabi/lib/armv6-m\libstdc++_s.a(class_type_info.o) (std::type_info::~type_info())
[...]
Memory Configuration

Name             Origin             Length             Attributes
FLASH            0x00000000         0x00008000         xr
RAM              0x100000c0         0x00000f40         xrw
*default*        0x00000000         0xffffffff

Linker script and memory map

LOAD c:/program files (x86)/gnu tools arm embedded/4.7 2012q4/bin/../lib/gcc/arm-none-eabi/4.7.3/armv6-m/crti.o
LOAD c:/program files (x86)/gnu tools arm embedded/4.7 2012q4/bin/../lib/gcc/arm-none-eabi/4.7.3/armv6-m/crtbegin.o
LOAD c:/program files (x86)/gnu tools arm embedded/4.7 2012q4/bin/../lib/gcc/arm-none-eabi/4.7.3/../../../../arm-none-eabi/lib/armv6-m/crt0.o
LOAD D:\peterb\git\build\test\LPC11U24\GCC_ARM\PB_2\main.o
LOAD D:\peterb\git\build\mbed\LPC11U24\GCC_ARM\cmsis_nvic.o
LOAD D:\peterb\git\build\mbed\LPC11U24\GCC_ARM\core_cm0.o
LOAD D:\peterb\git\build\mbed\LPC11U24\GCC_ARM\startup_LPC11xx.o
LOAD D:\peterb\git\build\mbed\LPC11U24\GCC_ARM\system_LPC11Uxx.o
LOAD D:\peterb\git\build\mbed\LPC11U24\GCC_ARM\libmbed.a
LOAD D:\peterb\git\build\usb\LPC11U24\GCC_ARM\libUSBDevice.a
LOAD c:/program files (x86)/gnu tools arm embedded/4.7 2012q4/bin/../lib/gcc/arm-none-eabi/4.7.3/../../../../arm-none-eabi/lib/armv6-m\libstdc++_s.a
LOAD c:/program files (x86)/gnu tools arm embedded/4.7 2012q4/bin/../lib/gcc/arm-none-eabi/4.7.3/../../../../arm-none-eabi/lib/armv6-m\libsupc++_s.a
LOAD c:/program files (x86)/gnu tools arm embedded/4.7 2012q4/bin/../lib/gcc/arm-none-eabi/4.7.3/../../../../arm-none-eabi/lib/armv6-m\libm.a
LOAD c:/program files (x86)/gnu tools arm embedded/4.7 2012q4/bin/../lib/gcc/arm-none-eabi/4.7.3/../../../../arm-none-eabi/lib/armv6-m\libc_s.a
LOAD c:/program files (x86)/gnu tools arm embedded/4.7 2012q4/bin/../lib/gcc/arm-none-eabi/4.7.3/armv6-m\libgcc.a
LOAD c:/program files (x86)/gnu tools arm embedded/4.7 2012q4/bin/../lib/gcc/arm-none-eabi/4.7.3/../../../../arm-none-eabi/lib/armv6-m\libnosys.a
LOAD D:\peterb\git\build\mbed\LPC11U24\GCC_ARM\libmbed.a
LOAD D:\peterb\git\build\usb\LPC11U24\GCC_ARM\libUSBDevice.a
LOAD c:/program files (x86)/gnu tools arm embedded/4.7 2012q4/bin/../lib/gcc/arm-none-eabi/4.7.3/../../../../arm-none-eabi/lib/armv6-m\libstdc++_s.a
LOAD c:/program files (x86)/gnu tools arm embedded/4.7 2012q4/bin/../lib/gcc/arm-none-eabi/4.7.3/../../../../arm-none-eabi/lib/armv6-m\libsupc++_s.a
LOAD c:/program files (x86)/gnu tools arm embedded/4.7 2012q4/bin/../lib/gcc/arm-none-eabi/4.7.3/../../../../arm-none-eabi/lib/armv6-m\libm.a
LOAD c:/program files (x86)/gnu tools arm embedded/4.7 2012q4/bin/../lib/gcc/arm-none-eabi/4.7.3/../../../../arm-none-eabi/lib/armv6-m\libc_s.a
LOAD c:/program files (x86)/gnu tools arm embedded/4.7 2012q4/bin/../lib/gcc/arm-none-eabi/4.7.3/armv6-m\libgcc.a
LOAD c:/program files (x86)/gnu tools arm embedded/4.7 2012q4/bin/../lib/gcc/arm-none-eabi/4.7.3/../../../../arm-none-eabi/lib/armv6-m\libnosys.a
START GROUP
LOAD c:/program files (x86)/gnu tools arm embedded/4.7 2012q4/bin/../lib/gcc/arm-none-eabi/4.7.3/armv6-m\libgcc.a
LOAD c:/program files (x86)/gnu tools arm embedded/4.7 2012q4/bin/../lib/gcc/arm-none-eabi/4.7.3/../../../../arm-none-eabi/lib/armv6-m\libc_s.a
END GROUP
LOAD c:/program files (x86)/gnu tools arm embedded/4.7 2012q4/bin/../lib/gcc/arm-none-eabi/4.7.3/armv6-m/crtend.o
LOAD c:/program files (x86)/gnu tools arm embedded/4.7 2012q4/bin/../lib/gcc/arm-none-eabi/4.7.3/armv6-m/crtn.o

.text           0x00000000     0x51f0
 *(.isr_vector)
 .isr_vector    0x00000000       0xc0 D:\peterb\git\build\mbed\LPC11U24\GCC_ARM\startup_LPC11xx.o
                0x00000000                __isr_vector
 *(.text.Reset_Handler)
 .text.Reset_Handler
                0x000000c0       0x34 D:\peterb\git\build\mbed\LPC11U24\GCC_ARM\startup_LPC11xx.o
                0x000000c0                Reset_Handler
 *(.text.SystemInit)
 .text.SystemInit
                0x000000f4       0xe8 D:\peterb\git\build\mbed\LPC11U24\GCC_ARM\system_LPC11Uxx.o
                0x000000f4                SystemInit
                0x00000200                . = 0x200
 *fill*         0x000001dc       0x24 00
 *(.text*)
 .text          0x00000200       0x60 c:/program files (x86)/gnu tools arm embedded/4.7 2012q4/bin/../lib/gcc/arm-none-eabi/4.7.3/armv6-m/crtbegin.o
 .text          0x00000260       0x74 c:/program files (x86)/gnu tools arm embedded/4.7 2012q4/bin/../lib/gcc/arm-none-eabi/4.7.3/../../../../arm-none-eabi/lib/armv6-m/crt0.o
                0x00000260                _start
                0x00000260                start
                0x00000260                _mainCRTStartup
 .text.gpio_write
                0x000002d4       0x12 D:\peterb\git\build\test\LPC11U24\GCC_ARM\PB_2\main.o
 .text._ZN4mbed10DigitalOutC2E7PinName
                0x000002e6        0xe D:\peterb\git\build\test\LPC11U24\GCC_ARM\PB_2\main.o
                0x000002e6                mbed::DigitalOut::DigitalOut(PinName)
                0x000002e6                mbed::DigitalOut::DigitalOut(PinName)
 .text._Z7ir_testv
                0x000002f4       0x50 D:\peterb\git\build\test\LPC11U24\GCC_ARM\PB_2\main.o
                0x000002f4                ir_test()
 *fill*         0x00000344        0x4 00
 .text.startup.main
                0x00000348      0x1a0 D:\peterb\git\build\test\LPC11U24\GCC_ARM\PB_2\main.o
                0x00000348                main
 .text.startup._GLOBAL__sub_I_led1
                0x000004e8       0xa4 D:\peterb\git\build\test\LPC11U24\GCC_ARM\PB_2\main.o
 .text.NVIC_SetVector
                0x0000058c       0x48 D:\peterb\git\build\mbed\LPC11U24\GCC_ARM\cmsis_nvic.o
                0x0000058c                NVIC_SetVector
 .text          0x000005d4       0x2c D:\peterb\git\build\mbed\LPC11U24\GCC_ARM\startup_LPC11xx.o
                0x000005d4                NMI_Handler
                0x000005d6                HardFault_Handler
                0x000005d8                SVC_Handler
                0x000005da                PendSV_Handler
                0x000005dc                SysTick_Handler
                0x000005de                DEF_IRQHandler
                0x000005de                Default_Handler
                0x000005e0                WAKEUP_IRQHandler
                0x000005e2                SSP1_IRQHandler
                0x000005e4                I2C_IRQHandler
                0x000005e6                TIMER16_0_IRQHandler
                0x000005e8                TIMER16_1_IRQHandler
                0x000005ea                TIMER32_0_IRQHandler
                0x000005ec                TIMER32_1_IRQHandler
                0x000005ee                SSP0_IRQHandler
                0x000005f0                UART_IRQHandler
                0x000005f2                ADC_IRQHandler
                0x000005f4                WDT_IRQHandler
                0x000005f6                BOD_IRQHandler
                0x000005f8                PIOINT3_IRQHandler
                0x000005fa                PIOINT2_IRQHandler
                0x000005fc                PIOINT1_IRQHandler
                0x000005fe                PIOINT0_IRQHandler
 .text.gpio_set
                0x00000600       0x34 D:\peterb\git\build\mbed\LPC11U24\GCC_ARM\libmbed.a(gpio_api.o)
                0x00000600                gpio_set
 .text.gpio_mode
                0x00000634        0xc D:\peterb\git\build\mbed\LPC11U24\GCC_ARM\libmbed.a(gpio_api.o)
                0x00000634                gpio_mode
 .text.gpio_dir
                0x00000640       0x20 D:\peterb\git\build\mbed\LPC11U24\GCC_ARM\libmbed.a(gpio_api.o)
                0x00000640                gpio_dir
 .text.gpio_init
                0x00000660       0x64 D:\peterb\git\build\mbed\LPC11U24\GCC_ARM\libmbed.a(gpio_api.o)
                0x00000660                gpio_init
 .text.pin_function
                0x000006c4       0x2c D:\peterb\git\build\mbed\LPC11U24\GCC_ARM\libmbed.a(pinmap.o)
                0x000006c4                pin_function
 .text.pin_mode
                0x000006f0       0x40 D:\peterb\git\build\mbed\LPC11U24\GCC_ARM\libmbed.a(pinmap.o)
                0x000006f0                pin_mode
 .text.pwmout_period_us
                0x00000730       0x60 D:\peterb\git\build\mbed\LPC11U24\GCC_ARM\libmbed.a(pwmout_api.o)
                0x00000730                pwmout_period_us
 .text.pwmout_period
                0x00000790       0x20 D:\peterb\git\build\mbed\LPC11U24\GCC_ARM\libmbed.a(pwmout_api.o)
                0x00000790                pwmout_period
 .text.pwmout_init
                0x000007b0       0xb0 D:\peterb\git\build\mbed\LPC11U24\GCC_ARM\libmbed.a(pwmout_api.o)
                0x000007b0                pwmout_init
 .text.pwmout_pulsewidth_us
                0x00000860       0x70 D:\peterb\git\build\mbed\LPC11U24\GCC_ARM\libmbed.a(pwmout_api.o)
                0x00000860                pwmout_pulsewidth_us
 .text.pwmout_pulsewidth
                0x000008d0       0x20 D:\peterb\git\build\mbed\LPC11U24\GCC_ARM\libmbed.a(pwmout_api.o)
                0x000008d0                pwmout_pulsewidth
 .text.exit     0x000008f0        0xc D:\peterb\git\build\mbed\LPC11U24\GCC_ARM\libmbed.a(exit.o)
                0x000008f0                exit
 .text.pinmap_pinout
                0x000008fc       0x48 D:\peterb\git\build\mbed\LPC11U24\GCC_ARM\libmbed.a(pinmap_common.o)
                0x000008fc                pinmap_pinout
 .text.pinmap_merge
                0x00000944       0x2c D:\peterb\git\build\mbed\LPC11U24\GCC_ARM\libmbed.a(pinmap_common.o)
                0x00000944                pinmap_merge
 .text.pinmap_peripheral
                0x00000970       0x38 D:\peterb\git\build\mbed\LPC11U24\GCC_ARM\libmbed.a(pinmap_common.o)
                0x00000970                pinmap_peripheral
 .text.wait_us  0x000009a8       0x18 D:\peterb\git\build\mbed\LPC11U24\GCC_ARM\libmbed.a(wait_api.o)
                0x000009a8                wait_us
 .text.wait_ms  0x000009c0       0x10 D:\peterb\git\build\mbed\LPC11U24\GCC_ARM\libmbed.a(wait_api.o)
                0x000009c0                wait_ms
 .text.wait     0x000009d0       0x20 D:\peterb\git\build\mbed\LPC11U24\GCC_ARM\libmbed.a(wait_api.o)
                0x000009d0                wait
 .text._ZL11init_serialv
                0x000009f0       0x20 D:\peterb\git\build\mbed\LPC11U24\GCC_ARM\libmbed.a(stdio.o)
 .text._close   0x00000a10       0x2c D:\peterb\git\build\mbed\LPC11U24\GCC_ARM\libmbed.a(stdio.o)
                0x00000a10                _close
 .text._write   0x00000a3c       0x54 D:\peterb\git\build\mbed\LPC11U24\GCC_ARM\libmbed.a(stdio.o)
                0x00000a3c                _write
 .text._read    0x00000a90       0x38 D:\peterb\git\build\mbed\LPC11U24\GCC_ARM\libmbed.a(stdio.o)
                0x00000a90                _read
 .text._isatty  0x00000ac8       0x28 D:\peterb\git\build\mbed\LPC11U24\GCC_ARM\libmbed.a(stdio.o)
                0x00000ac8                _isatty
 .text._lseek   0x00000af0       0x28 D:\peterb\git\build\mbed\LPC11U24\GCC_ARM\libmbed.a(stdio.o)
                0x00000af0                _lseek
 .text._fstat   0x00000b18       0x1e D:\peterb\git\build\mbed\LPC11U24\GCC_ARM\libmbed.a(stdio.o)
                0x00000b18                _fstat
 *fill*         0x00000b36        0x2 00
 .text.serial_baud
                0x00000b38      0x168 D:\peterb\git\build\mbed\LPC11U24\GCC_ARM\libmbed.a(serial_api.o)
                0x00000b38                serial_baud
 .text.serial_format
                0x00000ca0       0x88 D:\peterb\git\build\mbed\LPC11U24\GCC_ARM\libmbed.a(serial_api.o)
                0x00000ca0                serial_format
 .text.serial_init
                0x00000d28       0xd4 D:\peterb\git\build\mbed\LPC11U24\GCC_ARM\libmbed.a(serial_api.o)
                0x00000d28                serial_init
 .text.serial_getc
                0x00000dfc        0xe D:\peterb\git\build\mbed\LPC11U24\GCC_ARM\libmbed.a(serial_api.o)
                0x00000dfc                serial_getc
 .text.serial_putc
                0x00000e0a        0xe D:\peterb\git\build\mbed\LPC11U24\GCC_ARM\libmbed.a(serial_api.o)
                0x00000e0a                serial_putc
 .text.us_ticker_init
                0x00000e18       0x60 D:\peterb\git\build\mbed\LPC11U24\GCC_ARM\libmbed.a(us_ticker.o)
                0x00000e18                us_ticker_init
 .text.us_ticker_read
                0x00000e78       0x1c D:\peterb\git\build\mbed\LPC11U24\GCC_ARM\libmbed.a(us_ticker.o)
                0x00000e78                us_ticker_read
 .text.us_ticker_set_interrupt
                0x00000e94       0x14 D:\peterb\git\build\mbed\LPC11U24\GCC_ARM\libmbed.a(us_ticker.o)
                0x00000e94                us_ticker_set_interrupt
 .text.us_ticker_disable_interrupt
                0x00000ea8       0x10 D:\peterb\git\build\mbed\LPC11U24\GCC_ARM\libmbed.a(us_ticker.o)
                0x00000ea8                us_ticker_disable_interrupt
 .text.us_ticker_clear_interrupt
                0x00000eb8        0xc D:\peterb\git\build\mbed\LPC11U24\GCC_ARM\libmbed.a(us_ticker.o)
                0x00000eb8                us_ticker_clear_interrupt
 .text.mbed_die
                0x00000ec4       0x6a D:\peterb\git\build\mbed\LPC11U24\GCC_ARM\libmbed.a(board.o)
                0x00000ec4                mbed_die
 *fill*         0x00000f2e        0x2 00
 .text.us_ticker_irq_handler
                0x00000f30       0x48 D:\peterb\git\build\mbed\LPC11U24\GCC_ARM\libmbed.a(us_ticker_api.o)
                0x00000f30                us_ticker_irq_handler
 .text.fabs     0x00000f78        0x8 c:/program files (x86)/gnu tools arm embedded/4.7 2012q4/bin/../lib/gcc/arm-none-eabi/4.7.3/../../../../arm-none-eabi/lib/armv6-m\libm.a(lib_a-s_fabs.o)
                0x00000f78                fabs
 .text.__register_exitproc
                0x00000f80       0x18 c:/program files (x86)/gnu tools arm embedded/4.7 2012q4/bin/../lib/gcc/arm-none-eabi/4.7.3/../../../../arm-none-eabi/lib/armv6-m\libc_s.a(lib_a-__atexit2.o)
                0x00000f80                __register_exitproc
 .text.__errno  0x00000f98        0xc c:/program files (x86)/gnu tools arm embedded/4.7 2012q4/bin/../lib/gcc/arm-none-eabi/4.7.3/../../../../arm-none-eabi/lib/armv6-m\libc_s.a(lib_a-errno.o)
                0x00000f98                __errno
 .text.__libc_fini_array
                0x00000fa4       0x2c c:/program files (x86)/gnu tools arm embedded/4.7 2012q4/bin/../lib/gcc/arm-none-eabi/4.7.3/../../../../arm-none-eabi/lib/armv6-m\libc_s.a(lib_a-fini.o)
                0x00000fa4                __libc_fini_array
 .text.fprintf  0x00000fd0       0x24 c:/program files (x86)/gnu tools arm embedded/4.7 2012q4/bin/../lib/gcc/arm-none-eabi/4.7.3/../../../../arm-none-eabi/lib/armv6-m\libc_s.a(lib_a-fprintf.o)
                0x00000fd0                fiprintf
                0x00000fd0                fprintf
 .text.__libc_init_array
                0x00000ff4       0x4c c:/program files (x86)/gnu tools arm embedded/4.7 2012q4/bin/../lib/gcc/arm-none-eabi/4.7.3/../../../../arm-none-eabi/lib/armv6-m\libc_s.a(lib_a-init.o)
                0x00000ff4                __libc_init_array
 .text._malloc_r
                0x00001040       0x94 c:/program files (x86)/gnu tools arm embedded/4.7 2012q4/bin/../lib/gcc/arm-none-eabi/4.7.3/../../../../arm-none-eabi/lib/armv6-m\libc_s.a(lib_a-mallocr.o)
                0x00001040                _malloc_r
 .text.memcpy   0x000010d4       0x12 c:/program files (x86)/gnu tools arm embedded/4.7 2012q4/bin/../lib/gcc/arm-none-eabi/4.7.3/../../../../arm-none-eabi/lib/armv6-m\libc_s.a(lib_a-memcpy.o)
                0x000010d4                memcpy
 .text.memset   0x000010e6       0x12 c:/program files (x86)/gnu tools arm embedded/4.7 2012q4/bin/../lib/gcc/arm-none-eabi/4.7.3/../../../../arm-none-eabi/lib/armv6-m\libc_s.a(lib_a-memset.o)
                0x000010e6                memset
 .text._sbrk_r  0x000010f8       0x24 c:/program files (x86)/gnu tools arm embedded/4.7 2012q4/bin/../lib/gcc/arm-none-eabi/4.7.3/../../../../arm-none-eabi/lib/armv6-m\libc_s.a(lib_a-sbrkr.o)
                0x000010f8                _sbrk_r
 .text.__sread  0x0000111c       0x28 c:/program files (x86)/gnu tools arm embedded/4.7 2012q4/bin/../lib/gcc/arm-none-eabi/4.7.3/../../../../arm-none-eabi/lib/armv6-m\libc_s.a(lib_a-stdio.o)
                0x0000111c                __sread
 .text.__swrite
                0x00001144       0x38 c:/program files (x86)/gnu tools arm embedded/4.7 2012q4/bin/../lib/gcc/arm-none-eabi/4.7.3/../../../../arm-none-eabi/lib/armv6-m\libc_s.a(lib_a-stdio.o)
                0x00001144                __swrite
 .text.__sseek  0x0000117c       0x2c c:/program files (x86)/gnu tools arm embedded/4.7 2012q4/bin/../lib/gcc/arm-none-eabi/4.7.3/../../../../arm-none-eabi/lib/armv6-m\libc_s.a(lib_a-stdio.o)
                0x0000117c                __sseek
 .text.__sclose
                0x000011a8        0xc c:/program files (x86)/gnu tools arm embedded/4.7 2012q4/bin/../lib/gcc/arm-none-eabi/4.7.3/../../../../arm-none-eabi/lib/armv6-m\libc_s.a(lib_a-stdio.o)
                0x000011a8                __sclose
 .text.strlen   0x000011b4        0xe c:/program files (x86)/gnu tools arm embedded/4.7 2012q4/bin/../lib/gcc/arm-none-eabi/4.7.3/../../../../arm-none-eabi/lib/armv6-m\libc_s.a(lib_a-strlen.o)
                0x000011b4                strlen
 .text.__sfputc_r
                0x000011c2       0x2a c:/program files (x86)/gnu tools arm embedded/4.7 2012q4/bin/../lib/gcc/arm-none-eabi/4.7.3/../../../../arm-none-eabi/lib/armv6-m\libc_s.a(lib_a-vfprintf.o)
                0x000011c2                __sfputc_r
 .text._vfprintf_r
                0x000011ec      0x23c c:/program files (x86)/gnu tools arm embedded/4.7 2012q4/bin/../lib/gcc/arm-none-eabi/4.7.3/../../../../arm-none-eabi/lib/armv6-m\libc_s.a(lib_a-vfprintf.o)
                0x000011ec                _vfprintf_r
                0x000011ec                _vfiprintf_r
 .text._printf_common
                0x00001428       0xe0 c:/program files (x86)/gnu tools arm embedded/4.7 2012q4/bin/../lib/gcc/arm-none-eabi/4.7.3/../../../../arm-none-eabi/lib/armv6-m\libc_s.a(lib_a-vfprintf_i.o)
                0x00001428                _printf_common
 .text._printf_i
                0x00001508      0x234 c:/program files (x86)/gnu tools arm embedded/4.7 2012q4/bin/../lib/gcc/arm-none-eabi/4.7.3/../../../../arm-none-eabi/lib/armv6-m\libc_s.a(lib_a-vfprintf_i.o)
                0x00001508                _printf_i
 .text.__swbuf_r
                0x0000173c       0xbc c:/program files (x86)/gnu tools arm embedded/4.7 2012q4/bin/../lib/gcc/arm-none-eabi/4.7.3/../../../../arm-none-eabi/lib/armv6-m\libc_s.a(lib_a-wbuf.o)
                0x0000173c                __swbuf_r
 .text._write_r
                0x000017f8       0x28 c:/program files (x86)/gnu tools arm embedded/4.7 2012q4/bin/../lib/gcc/arm-none-eabi/4.7.3/../../../../arm-none-eabi/lib/armv6-m\libc_s.a(lib_a-writer.o)
                0x000017f8                _write_r
 .text.__swsetup_r
                0x00001820       0xd8 c:/program files (x86)/gnu tools arm embedded/4.7 2012q4/bin/../lib/gcc/arm-none-eabi/4.7.3/../../../../arm-none-eabi/lib/armv6-m\libc_s.a(lib_a-wsetup.o)
                0x00001820                __swsetup_r
 .text._close_r
                0x000018f8       0x24 c:/program files (x86)/gnu tools arm embedded/4.7 2012q4/bin/../lib/gcc/arm-none-eabi/4.7.3/../../../../arm-none-eabi/lib/armv6-m\libc_s.a(lib_a-closer.o)
                0x000018f8                _close_r
 .text._fflush_r
                0x0000191c      0x154 c:/program files (x86)/gnu tools arm embedded/4.7 2012q4/bin/../lib/gcc/arm-none-eabi/4.7.3/../../../../arm-none-eabi/lib/armv6-m\libc_s.a(lib_a-fflush.o)
                0x0000191c                _fflush_r
 .text._cleanup_r
                0x00001a70       0x36 c:/program files (x86)/gnu tools arm embedded/4.7 2012q4/bin/../lib/gcc/arm-none-eabi/4.7.3/../../../../arm-none-eabi/lib/armv6-m\libc_s.a(lib_a-findfp.o)
                0x00001a70                _cleanup_r
 *fill*         0x00001aa6        0x2 00
 .text.std.isra.0
                0x00001aa8       0x48 c:/program files (x86)/gnu tools arm embedded/4.7 2012q4/bin/../lib/gcc/arm-none-eabi/4.7.3/../../../../arm-none-eabi/lib/armv6-m\libc_s.a(lib_a-findfp.o)
 .text.__sfmoreglue
                0x00001af0       0x28 c:/program files (x86)/gnu tools arm embedded/4.7 2012q4/bin/../lib/gcc/arm-none-eabi/4.7.3/../../../../arm-none-eabi/lib/armv6-m\libc_s.a(lib_a-findfp.o)
                0x00001af0                __sfmoreglue
 .text.__sinit  0x00001b18       0x54 c:/program files (x86)/gnu tools arm embedded/4.7 2012q4/bin/../lib/gcc/arm-none-eabi/4.7.3/../../../../arm-none-eabi/lib/armv6-m\libc_s.a(lib_a-findfp.o)
                0x00001b18                __sinit
 .text.__sfp    0x00001b6c       0x80 c:/program files (x86)/gnu tools arm embedded/4.7 2012q4/bin/../lib/gcc/arm-none-eabi/4.7.3/../../../../arm-none-eabi/lib/armv6-m\libc_s.a(lib_a-findfp.o)
                0x00001b6c                __sfp
 .text._free_r  0x00001bec       0x90 c:/program files (x86)/gnu tools arm embedded/4.7 2012q4/bin/../lib/gcc/arm-none-eabi/4.7.3/../../../../arm-none-eabi/lib/armv6-m\libc_s.a(lib_a-freer.o)
                0x00001bec                _free_r
 .text._lseek_r
                0x00001c7c       0x28 c:/program files (x86)/gnu tools arm embedded/4.7 2012q4/bin/../lib/gcc/arm-none-eabi/4.7.3/../../../../arm-none-eabi/lib/armv6-m\libc_s.a(lib_a-lseekr.o)
                0x00001c7c                _lseek_r
 .text.__smakebuf_r
                0x00001ca4       0xa0 c:/program files (x86)/gnu tools arm embedded/4.7 2012q4/bin/../lib/gcc/arm-none-eabi/4.7.3/../../../../arm-none-eabi/lib/armv6-m\libc_s.a(lib_a-makebuf.o)
                0x00001ca4                __smakebuf_r
 .text.memchr   0x00001d44       0x18 c:/program files (x86)/gnu tools arm embedded/4.7 2012q4/bin/../lib/gcc/arm-none-eabi/4.7.3/../../../../arm-none-eabi/lib/armv6-m\libc_s.a(lib_a-memchr.o)
                0x00001d44                memchr
 .text._read_r  0x00001d5c       0x28 c:/program files (x86)/gnu tools arm embedded/4.7 2012q4/bin/../lib/gcc/arm-none-eabi/4.7.3/../../../../arm-none-eabi/lib/armv6-m\libc_s.a(lib_a-readr.o)
                0x00001d5c                _read_r
 .text._fstat_r
                0x00001d84       0x24 c:/program files (x86)/gnu tools arm embedded/4.7 2012q4/bin/../lib/gcc/arm-none-eabi/4.7.3/../../../../arm-none-eabi/lib/armv6-m\libc_s.a(lib_a-fstatr.o)
                0x00001d84                _fstat_r
 .text._isatty_r
                0x00001da8       0x24 c:/program files (x86)/gnu tools arm embedded/4.7 2012q4/bin/../lib/gcc/arm-none-eabi/4.7.3/../../../../arm-none-eabi/lib/armv6-m\libc_s.a(lib_a-isattyr.o)
                0x00001da8                _isatty_r
 .text          0x00001dcc       0x14 c:/program files (x86)/gnu tools arm embedded/4.7 2012q4/bin/../lib/gcc/arm-none-eabi/4.7.3/armv6-m\libgcc.a(_thumb1_case_uqi.o)
                0x00001dcc                __gnu_thumb1_case_uqi
 .text          0x00001de0       0x9c c:/program files (x86)/gnu tools arm embedded/4.7 2012q4/bin/../lib/gcc/arm-none-eabi/4.7.3/armv6-m\libgcc.a(_udivsi3.o)
                0x00001de0                __aeabi_uidiv
                0x00001de0                __udivsi3
                0x00001e68                __aeabi_uidivmod
 .text          0x00001e7c        0x4 c:/program files (x86)/gnu tools arm embedded/4.7 2012q4/bin/../lib/gcc/arm-none-eabi/4.7.3/armv6-m\libgcc.a(_dvmd_tls.o)
                0x00001e7c                __aeabi_idiv0
                0x00001e7c                __aeabi_ldiv0
 .text          0x00001e80       0x7c c:/program files (x86)/gnu tools arm embedded/4.7 2012q4/bin/../lib/gcc/arm-none-eabi/4.7.3/armv6-m\libgcc.a(_arm_cmpdf2.o)
                0x00001e80                __aeabi_cdrcmple
                0x00001e90                __aeabi_cdcmple
                0x00001e90                __aeabi_cdcmpeq
                0x00001ea0                __aeabi_dcmpeq
                0x00001eac                __aeabi_dcmplt
                0x00001ec0                __aeabi_dcmple
                0x00001ed4                __aeabi_dcmpgt
                0x00001ee8                __aeabi_dcmpge
 .text          0x00001efc       0x74 c:/program files (x86)/gnu tools arm embedded/4.7 2012q4/bin/../lib/gcc/arm-none-eabi/4.7.3/armv6-m\libgcc.a(_arm_cmpsf2.o)
                0x00001efc                __aeabi_cfrcmple
                0x00001f04                __aeabi_cfcmpeq
                0x00001f04                __aeabi_cfcmple
                0x00001f14                __aeabi_fcmpeq
                0x00001f20                __aeabi_fcmplt
                0x00001f34                __aeabi_fcmple
                0x00001f48                __aeabi_fcmpgt
                0x00001f5c                __aeabi_fcmpge
 .text          0x00001f70       0x40 c:/program files (x86)/gnu tools arm embedded/4.7 2012q4/bin/../lib/gcc/arm-none-eabi/4.7.3/armv6-m\libgcc.a(_aeabi_uldivmod.o)
                0x00001f70                __aeabi_uldivmod
 .text          0x00001fb0       0x44 c:/program files (x86)/gnu tools arm embedded/4.7 2012q4/bin/../lib/gcc/arm-none-eabi/4.7.3/armv6-m\libgcc.a(_muldi3.o)
                0x00001fb0                __muldi3
                0x00001fb0                __aeabi_lmul
 .text          0x00001ff4       0x30 c:/program files (x86)/gnu tools arm embedded/4.7 2012q4/bin/../lib/gcc/arm-none-eabi/4.7.3/armv6-m\libgcc.a(_fixunssfsi.o)
                0x00001ff4                __fixunssfsi
                0x00001ff4                __aeabi_f2uiz
 .text          0x00002024       0x74 c:/program files (x86)/gnu tools arm embedded/4.7 2012q4/bin/../lib/gcc/arm-none-eabi/4.7.3/armv6-m\libgcc.a(bpabi.o)
                0x00002024                __gnu_ldivmod_helper
                0x00002060                __gnu_uldivmod_helper
 .text          0x00002098      0x3a4 c:/program files (x86)/gnu tools arm embedded/4.7 2012q4/bin/../lib/gcc/arm-none-eabi/4.7.3/armv6-m\libgcc.a(addsf3.o)
                0x00002098                __aeabi_fadd
 .text          0x0000243c      0x274 c:/program files (x86)/gnu tools arm embedded/4.7 2012q4/bin/../lib/gcc/arm-none-eabi/4.7.3/armv6-m\libgcc.a(divsf3.o)
                0x0000243c                __aeabi_fdiv
 .text          0x000026b0       0x50 c:/program files (x86)/gnu tools arm embedded/4.7 2012q4/bin/../lib/gcc/arm-none-eabi/4.7.3/armv6-m\libgcc.a(eqsf2.o)
                0x000026b0                __eqsf2
                0x000026b0                __nesf2
 .text          0x00002700       0x90 c:/program files (x86)/gnu tools arm embedded/4.7 2012q4/bin/../lib/gcc/arm-none-eabi/4.7.3/armv6-m\libgcc.a(gesf2.o)
                0x00002700                __gesf2
                0x00002700                __gtsf2
 .text          0x00002790       0x90 c:/program files (x86)/gnu tools arm embedded/4.7 2012q4/bin/../lib/gcc/arm-none-eabi/4.7.3/armv6-m\libgcc.a(lesf2.o)
                0x00002790                __ltsf2
                0x00002790                __lesf2
 .text          0x00002820      0x260 c:/program files (x86)/gnu tools arm embedded/4.7 2012q4/bin/../lib/gcc/arm-none-eabi/4.7.3/armv6-m\libgcc.a(mulsf3.o)
                0x00002820                __aeabi_fmul
 .text          0x00002a80      0x3ac c:/program files (x86)/gnu tools arm embedded/4.7 2012q4/bin/../lib/gcc/arm-none-eabi/4.7.3/armv6-m\libgcc.a(subsf3.o)
                0x00002a80                __aeabi_fsub
 .text          0x00002e2c       0x40 c:/program files (x86)/gnu tools arm embedded/4.7 2012q4/bin/../lib/gcc/arm-none-eabi/4.7.3/armv6-m\libgcc.a(fixsfsi.o)
                0x00002e2c                __aeabi_f2iz
 .text          0x00002e6c       0xa8 c:/program files (x86)/gnu tools arm embedded/4.7 2012q4/bin/../lib/gcc/arm-none-eabi/4.7.3/armv6-m\libgcc.a(floatsisf.o)
                0x00002e6c                __aeabi_i2f
 .text          0x00002f14       0xa8 c:/program files (x86)/gnu tools arm embedded/4.7 2012q4/bin/../lib/gcc/arm-none-eabi/4.7.3/armv6-m\libgcc.a(floatunsisf.o)
                0x00002f14                __aeabi_ui2f
 .text          0x00002fbc      0x758 c:/program files (x86)/gnu tools arm embedded/4.7 2012q4/bin/../lib/gcc/arm-none-eabi/4.7.3/armv6-m\libgcc.a(adddf3.o)
                0x00002fbc                __aeabi_dadd
 .text          0x00003714      0x5b8 c:/program files (x86)/gnu tools arm embedded/4.7 2012q4/bin/../lib/gcc/arm-none-eabi/4.7.3/armv6-m\libgcc.a(divdf3.o)
                0x00003714                __aeabi_ddiv
 .text          0x00003ccc       0x7c c:/program files (x86)/gnu tools arm embedded/4.7 2012q4/bin/../lib/gcc/arm-none-eabi/4.7.3/armv6-m\libgcc.a(eqdf2.o)
                0x00003ccc                __nedf2
                0x00003ccc                __eqdf2
 .text          0x00003d48       0xe8 c:/program files (x86)/gnu tools arm embedded/4.7 2012q4/bin/../lib/gcc/arm-none-eabi/4.7.3/armv6-m\libgcc.a(gedf2.o)
                0x00003d48                __gedf2
                0x00003d48                __gtdf2
 .text          0x00003e30       0xd8 c:/program files (x86)/gnu tools arm embedded/4.7 2012q4/bin/../lib/gcc/arm-none-eabi/4.7.3/armv6-m\libgcc.a(ledf2.o)
                0x00003e30                __ledf2
                0x00003e30                __ltdf2
 .text          0x00003f08      0x4e4 c:/program files (x86)/gnu tools arm embedded/4.7 2012q4/bin/../lib/gcc/arm-none-eabi/4.7.3/armv6-m\libgcc.a(muldf3.o)
                0x00003f08                __aeabi_dmul
 .text          0x000043ec       0x68 c:/program files (x86)/gnu tools arm embedded/4.7 2012q4/bin/../lib/gcc/arm-none-eabi/4.7.3/armv6-m\libgcc.a(fixdfsi.o)
                0x000043ec                __aeabi_d2iz
 .text          0x00004454       0xa8 c:/program files (x86)/gnu tools arm embedded/4.7 2012q4/bin/../lib/gcc/arm-none-eabi/4.7.3/armv6-m\libgcc.a(extendsfdf2.o)
                0x00004454                __aeabi_f2d
 .text          0x000044fc      0x134 c:/program files (x86)/gnu tools arm embedded/4.7 2012q4/bin/../lib/gcc/arm-none-eabi/4.7.3/armv6-m\libgcc.a(truncdfsf2.o)
                0x000044fc                __aeabi_d2f
 .text          0x00004630       0x3c c:/program files (x86)/gnu tools arm embedded/4.7 2012q4/bin/../lib/gcc/arm-none-eabi/4.7.3/armv6-m\libgcc.a(_clzsi2.o)
                0x00004630                __clzsi2
 .text          0x0000466c      0x3d0 c:/program files (x86)/gnu tools arm embedded/4.7 2012q4/bin/../lib/gcc/arm-none-eabi/4.7.3/armv6-m\libgcc.a(_divdi3.o)
                0x0000466c                __divdi3
 .text          0x00004a3c      0x38c c:/program files (x86)/gnu tools arm embedded/4.7 2012q4/bin/../lib/gcc/arm-none-eabi/4.7.3/armv6-m\libgcc.a(_udivdi3.o)
                0x00004a3c                __udivdi3
 .text._sbrk    0x00004dc8       0x20 c:/program files (x86)/gnu tools arm embedded/4.7 2012q4/bin/../lib/gcc/arm-none-eabi/4.7.3/../../../../arm-none-eabi/lib/armv6-m\libnosys.a(sbrk.o)
                0x00004dc8                _sbrk
 *(.init)
 .init          0x00004de8        0x4 c:/program files (x86)/gnu tools arm embedded/4.7 2012q4/bin/../lib/gcc/arm-none-eabi/4.7.3/armv6-m/crti.o
                0x00004de8                _init
 .init          0x00004dec        0x8 c:/program files (x86)/gnu tools arm embedded/4.7 2012q4/bin/../lib/gcc/arm-none-eabi/4.7.3/armv6-m/crtn.o
 *(.fini)
 .fini          0x00004df4        0x4 c:/program files (x86)/gnu tools arm embedded/4.7 2012q4/bin/../lib/gcc/arm-none-eabi/4.7.3/armv6-m/crti.o
                0x00004df4                _fini
 .fini          0x00004df8        0x8 c:/program files (x86)/gnu tools arm embedded/4.7 2012q4/bin/../lib/gcc/arm-none-eabi/4.7.3/armv6-m/crtn.o
 *crtbegin.o(.ctors)
 *crtbegin?.o(.ctors)
 *(EXCLUDE_FILE(*crtend.o *crtend?.o) .ctors)
 *(SORT(.ctors.*))
 *(.ctors)
 *crtbegin.o(.dtors)
 *crtbegin?.o(.dtors)
 *(EXCLUDE_FILE(*crtend.o *crtend?.o) .dtors)
 *(SORT(.dtors.*))
 *(.dtors)
 *(.rodata*)
 .rodata.PinMap_PWM
                0x00004e00      0x108 D:\peterb\git\build\mbed\LPC11U24\GCC_ARM\libmbed.a(pwmout_api.o)
 .rodata.Timers
                0x00004f08       0x10 D:\peterb\git\build\mbed\LPC11U24\GCC_ARM\libmbed.a(pwmout_api.o)
 .rodata.str1.1
                0x00004f18       0x42 D:\peterb\git\build\mbed\LPC11U24\GCC_ARM\libmbed.a(pinmap_common.o)
 *fill*         0x00004f5a        0x2 00
 .rodata.PinMap_UART_RX
                0x00004f5c       0x30 D:\peterb\git\build\mbed\LPC11U24\GCC_ARM\libmbed.a(serial_api.o)
 .rodata.str1.1
                0x00004f8c       0x94 D:\peterb\git\build\mbed\LPC11U24\GCC_ARM\libmbed.a(serial_api.o)
 .rodata.PinMap_UART_TX
                0x00005020       0x30 D:\peterb\git\build\mbed\LPC11U24\GCC_ARM\libmbed.a(serial_api.o)
 .rodata.str1.1
                0x00005050        0x2 c:/program files (x86)/gnu tools arm embedded/4.7 2012q4/bin/../lib/gcc/arm-none-eabi/4.7.3/../../../../arm-none-eabi/lib/armv6-m\libc_s.a(lib_a-impure.o)
 *fill*         0x00005052        0x2 00
 .rodata._global_impure_ptr
                0x00005054        0x4 c:/program files (x86)/gnu tools arm embedded/4.7 2012q4/bin/../lib/gcc/arm-none-eabi/4.7.3/../../../../arm-none-eabi/lib/armv6-m\libc_s.a(lib_a-impure.o)
                0x00005054                _global_impure_ptr
 .rodata.str1.1
                0x00005058       0x11 c:/program files (x86)/gnu tools arm embedded/4.7 2012q4/bin/../lib/gcc/arm-none-eabi/4.7.3/../../../../arm-none-eabi/lib/armv6-m\libc_s.a(lib_a-vfprintf.o)
 .rodata.str1.1
                0x00005069       0x22 c:/program files (x86)/gnu tools arm embedded/4.7 2012q4/bin/../lib/gcc/arm-none-eabi/4.7.3/../../../../arm-none-eabi/lib/armv6-m\libc_s.a(lib_a-vfprintf_i.o)
 *fill*         0x0000508b        0x1 00
 .rodata.__sf_fake_stdin
                0x0000508c       0x20 c:/program files (x86)/gnu tools arm embedded/4.7 2012q4/bin/../lib/gcc/arm-none-eabi/4.7.3/../../../../arm-none-eabi/lib/armv6-m\libc_s.a(lib_a-findfp.o)
                0x0000508c                __sf_fake_stdin
 .rodata.__sf_fake_stdout
                0x000050ac       0x20 c:/program files (x86)/gnu tools arm embedded/4.7 2012q4/bin/../lib/gcc/arm-none-eabi/4.7.3/../../../../arm-none-eabi/lib/armv6-m\libc_s.a(lib_a-findfp.o)
                0x000050ac                __sf_fake_stdout
 .rodata.__sf_fake_stderr
                0x000050cc       0x20 c:/program files (x86)/gnu tools arm embedded/4.7 2012q4/bin/../lib/gcc/arm-none-eabi/4.7.3/../../../../arm-none-eabi/lib/armv6-m\libc_s.a(lib_a-findfp.o)
                0x000050cc                __sf_fake_stderr
 .rodata        0x000050ec       0x40 c:/program files (x86)/gnu tools arm embedded/4.7 2012q4/bin/../lib/gcc/arm-none-eabi/4.7.3/armv6-m\libgcc.a(divsf3.o)
 .rodata        0x0000512c       0x40 c:/program files (x86)/gnu tools arm embedded/4.7 2012q4/bin/../lib/gcc/arm-none-eabi/4.7.3/armv6-m\libgcc.a(mulsf3.o)
 .rodata        0x0000516c       0x40 c:/program files (x86)/gnu tools arm embedded/4.7 2012q4/bin/../lib/gcc/arm-none-eabi/4.7.3/armv6-m\libgcc.a(divdf3.o)
 .rodata        0x000051ac       0x40 c:/program files (x86)/gnu tools arm embedded/4.7 2012q4/bin/../lib/gcc/arm-none-eabi/4.7.3/armv6-m\libgcc.a(muldf3.o)
 *(.eh_frame*)
 .eh_frame      0x000051ec        0x0 c:/program files (x86)/gnu tools arm embedded/4.7 2012q4/bin/../lib/gcc/arm-none-eabi/4.7.3/armv6-m/crtbegin.o
 .eh_frame      0x000051ec        0x4 c:/program files (x86)/gnu tools arm embedded/4.7 2012q4/bin/../lib/gcc/arm-none-eabi/4.7.3/armv6-m/crtend.o

.glue_7         0x000051f0        0x0
 .glue_7        0x00000000        0x0 linker stubs

.glue_7t        0x000051f0        0x0
 .glue_7t       0x00000000        0x0 linker stubs

.vfp11_veneer   0x000051f0        0x0
 .vfp11_veneer  0x00000000        0x0 linker stubs

.v4_bx          0x000051f0        0x0
 .v4_bx         0x00000000        0x0 linker stubs

.iplt           0x000051f0        0x0
 .iplt          0x00000000        0x0 c:/program files (x86)/gnu tools arm embedded/4.7 2012q4/bin/../lib/gcc/arm-none-eabi/4.7.3/armv6-m/crtbegin.o

.ARM.extab
 *(.ARM.extab* .gnu.linkonce.armextab.*)
                0x000051f0                __exidx_start = .

.ARM.exidx      0x000051f0        0x8
 *(.ARM.exidx* .gnu.linkonce.armexidx.*)
 .ARM.exidx     0x000051f0        0x8 c:/program files (x86)/gnu tools arm embedded/4.7 2012q4/bin/../lib/gcc/arm-none-eabi/4.7.3/../../../../arm-none-eabi/lib/armv6-m/crt0.o
 .ARM.exidx     0x000051f8        0x0 c:/program files (x86)/gnu tools arm embedded/4.7 2012q4/bin/../lib/gcc/arm-none-eabi/4.7.3/armv6-m\libgcc.a(_divdi3.o)
                                  0x8 (size before relaxing)
 .ARM.exidx     0x000051f8        0x0 c:/program files (x86)/gnu tools arm embedded/4.7 2012q4/bin/../lib/gcc/arm-none-eabi/4.7.3/armv6-m\libgcc.a(_udivdi3.o)
                                  0x8 (size before relaxing)
                0x000051f8                __exidx_end = .
                0x000051f8                __etext = .

.rel.dyn        0x000051f8        0x0
 .rel.iplt      0x00000000        0x0 c:/program files (x86)/gnu tools arm embedded/4.7 2012q4/bin/../lib/gcc/arm-none-eabi/4.7.3/armv6-m/crtbegin.o

.data           0x100000c0       0x90 load address 0x000051f8
                0x100000c0                __data_start__ = .
 *(vtable)
 *(.data*)
 .data.SystemCoreClock
                0x100000c0        0x4 D:\peterb\git\build\mbed\LPC11U24\GCC_ARM\system_LPC11Uxx.o
                0x100000c0                SystemCoreClock
 .data.pwm_timer_map
                0x100000c4       0x16 D:\peterb\git\build\mbed\LPC11U24\GCC_ARM\libmbed.a(pwmout_api.o)
 *fill*         0x100000da        0x2 00
 .data.impure_data
                0x100000dc       0x64 c:/program files (x86)/gnu tools arm embedded/4.7 2012q4/bin/../lib/gcc/arm-none-eabi/4.7.3/../../../../arm-none-eabi/lib/armv6-m\libc_s.a(lib_a-impure.o)
 .data._impure_ptr
                0x10000140        0x4 c:/program files (x86)/gnu tools arm embedded/4.7 2012q4/bin/../lib/gcc/arm-none-eabi/4.7.3/../../../../arm-none-eabi/lib/armv6-m\libc_s.a(lib_a-impure.o)
                0x10000140                _impure_ptr
                0x10000144                . = ALIGN (0x4)
                0x10000144                PROVIDE (__preinit_array_start, .)
 *(.preinit_array)
                0x10000144                PROVIDE (__preinit_array_end, .)
                0x10000144                . = ALIGN (0x4)
                0x10000144                PROVIDE (__init_array_start, .)
 *(SORT(.init_array.*))
 *(.init_array)
 .init_array    0x10000144        0x4 c:/program files (x86)/gnu tools arm embedded/4.7 2012q4/bin/../lib/gcc/arm-none-eabi/4.7.3/armv6-m/crtbegin.o
 .init_array    0x10000148        0x4 D:\peterb\git\build\test\LPC11U24\GCC_ARM\PB_2\main.o
                0x1000014c                PROVIDE (__init_array_end, .)
                0x1000014c                . = ALIGN (0x4)
                0x1000014c                PROVIDE (__fini_array_start, .)
 *(SORT(.fini_array.*))
 *(.fini_array)
 .fini_array    0x1000014c        0x4 c:/program files (x86)/gnu tools arm embedded/4.7 2012q4/bin/../lib/gcc/arm-none-eabi/4.7.3/armv6-m/crtbegin.o
                0x10000150                PROVIDE (__fini_array_end, .)
                0x10000150                . = ALIGN (0x4)
                0x10000150                __data_end__ = .

.jcr            0x10000150        0x0 load address 0x00005288
 .jcr           0x10000150        0x0 c:/program files (x86)/gnu tools arm embedded/4.7 2012q4/bin/../lib/gcc/arm-none-eabi/4.7.3/armv6-m/crtbegin.o

.igot.plt       0x10000150        0x0 load address 0x00005288
 .igot.plt      0x00000000        0x0 c:/program files (x86)/gnu tools arm embedded/4.7 2012q4/bin/../lib/gcc/arm-none-eabi/4.7.3/armv6-m/crtbegin.o

.bss            0x10000150      0x270 load address 0x00005288
                0x10000150                __bss_start__ = .
 *(.bss*)
 .bss           0x10000150       0x1c c:/program files (x86)/gnu tools arm embedded/4.7 2012q4/bin/../lib/gcc/arm-none-eabi/4.7.3/armv6-m/crtbegin.o
 .bss.led1      0x1000016c       0x18 D:\peterb\git\build\test\LPC11U24\GCC_ARM\PB_2\main.o
                0x1000016c                led1
 .bss.led2      0x10000184       0x18 D:\peterb\git\build\test\LPC11U24\GCC_ARM\PB_2\main.o
                0x10000184                led2
 .bss.led3      0x1000019c       0x18 D:\peterb\git\build\test\LPC11U24\GCC_ARM\PB_2\main.o
                0x1000019c                led3
 .bss.led4      0x100001b4       0x18 D:\peterb\git\build\test\LPC11U24\GCC_ARM\PB_2\main.o
                0x100001b4                led4
 .bss.led5      0x100001cc       0x18 D:\peterb\git\build\test\LPC11U24\GCC_ARM\PB_2\main.o
                0x100001cc                led5
 .bss.led6      0x100001e4       0x18 D:\peterb\git\build\test\LPC11U24\GCC_ARM\PB_2\main.o
                0x100001e4                led6
 .bss.led7      0x100001fc       0x18 D:\peterb\git\build\test\LPC11U24\GCC_ARM\PB_2\main.o
                0x100001fc                led7
 .bss.ir_rx     0x10000214       0x18 D:\peterb\git\build\test\LPC11U24\GCC_ARM\PB_2\main.o
                0x10000214                ir_rx
 .bss.servo1    0x1000022c       0x18 D:\peterb\git\build\test\LPC11U24\GCC_ARM\PB_2\main.o
                0x1000022c                servo1
 .bss.servo2    0x10000244       0x18 D:\peterb\git\build\test\LPC11U24\GCC_ARM\PB_2\main.o
                0x10000244                servo2
 .bss.button    0x1000025c       0x18 D:\peterb\git\build\test\LPC11U24\GCC_ARM\PB_2\main.o
                0x1000025c                button
 .bss.ir_tx     0x10000274       0x18 D:\peterb\git\build\test\LPC11U24\GCC_ARM\PB_2\main.o
                0x10000274                ir_tx
 .bss.ir_pwm    0x1000028c        0x1 D:\peterb\git\build\test\LPC11U24\GCC_ARM\PB_2\main.o
                0x1000028c                ir_pwm
 *fill*         0x1000028d        0x3 00
 .bss.gpio_enabled
                0x10000290        0x4 D:\peterb\git\build\mbed\LPC11U24\GCC_ARM\libmbed.a(gpio_api.o)
 .bss.pwm_clock_mhz
                0x10000294        0x4 D:\peterb\git\build\mbed\LPC11U24\GCC_ARM\libmbed.a(pwmout_api.o)
 .bss.stdio_retargeting_module
                0x10000298        0x4 D:\peterb\git\build\mbed\LPC11U24\GCC_ARM\libmbed.a(stdio.o)
                0x10000298                stdio_retargeting_module
 .bss._ZL11filehandles
                0x1000029c      0x100 D:\peterb\git\build\mbed\LPC11U24\GCC_ARM\libmbed.a(stdio.o)
 .bss.stdio_uart_inited
                0x1000039c        0x4 D:\peterb\git\build\mbed\LPC11U24\GCC_ARM\libmbed.a(serial_api.o)
                0x1000039c                stdio_uart_inited
 .bss.us_ticker_inited
                0x100003a0        0x4 D:\peterb\git\build\mbed\LPC11U24\GCC_ARM\libmbed.a(us_ticker.o)
                0x100003a0                us_ticker_inited
 .bss.head      0x100003a4        0x4 D:\peterb\git\build\mbed\LPC11U24\GCC_ARM\libmbed.a(us_ticker_api.o)
 .bss.event_handler
                0x100003a8        0x4 D:\peterb\git\build\mbed\LPC11U24\GCC_ARM\libmbed.a(us_ticker_api.o)
 .bss.__malloc_free_list
                0x100003ac        0x4 c:/program files (x86)/gnu tools arm embedded/4.7 2012q4/bin/../lib/gcc/arm-none-eabi/4.7.3/../../../../arm-none-eabi/lib/armv6-m\libc_s.a(lib_a-mallocr.o)
                0x100003ac                __malloc_free_list
 .bss.heap_end.4058
                0x100003b0        0x4 c:/program files (x86)/gnu tools arm embedded/4.7 2012q4/bin/../lib/gcc/arm-none-eabi/4.7.3/../../../../arm-none-eabi/lib/armv6-m\libnosys.a(sbrk.o)
 *(COMMON)
 COMMON         0x100003b4        0x8 D:\peterb\git\build\mbed\LPC11U24\GCC_ARM\libmbed.a(serial_api.o)
                0x100003b4                stdio_uart
 COMMON         0x100003bc        0x4 c:/program files (x86)/gnu tools arm embedded/4.7 2012q4/bin/../lib/gcc/arm-none-eabi/4.7.3/../../../../arm-none-eabi/lib/armv6-m\libc_s.a(lib_a-reent.o)
                0x100003bc                errno
                0x100003c0                __bss_end__ = .

.heap           0x100003c0       0x80
                0x100003c0                __end__ = .
                0x100003c0                end = __end__
 *(.heap*)
 .heap          0x100003c0       0x80 D:\peterb\git\build\mbed\LPC11U24\GCC_ARM\startup_LPC11xx.o
                0x100003c0                __HeapBase
                0x10000440                __HeapLimit = .

.stack_dummy    0x100003c0       0x80
 *(.stack)
 .stack         0x100003c0       0x80 D:\peterb\git\build\mbed\LPC11U24\GCC_ARM\startup_LPC11xx.o
                0x10001000                __StackTop = (ORIGIN (RAM) + 0xf40)
                0x10000f80                __StackLimit = (__StackTop - SIZEOF (.stack_dummy))
                0x10001000                PROVIDE (__stack, __StackTop)
                0x00000001                ASSERT ((__StackLimit >= __HeapLimit), region RAM overflowed with stack)
OUTPUT(D:\peterb\git\build\test\LPC11U24\GCC_ARM\PB_2\fanbot_test.elf elf32-littlearm)

.ARM.attributes
                0x00000000       0x28
 .ARM.attributes
                0x00000000       0x1e c:/program files (x86)/gnu tools arm embedded/4.7 2012q4/bin/../lib/gcc/arm-none-eabi/4.7.3/armv6-m/crti.o
 .ARM.attributes
                0x0000001e       0x2c c:/program files (x86)/gnu tools arm embedded/4.7 2012q4/bin/../lib/gcc/arm-none-eabi/4.7.3/armv6-m/crtbegin.o
 .ARM.attributes
                0x0000004a       0x1c c:/program files (x86)/gnu tools arm embedded/4.7 2012q4/bin/../lib/gcc/arm-none-eabi/4.7.3/../../../../arm-none-eabi/lib/armv6-m/crt0.o
 .ARM.attributes
                0x00000066       0x31 D:\peterb\git\build\test\LPC11U24\GCC_ARM\PB_2\main.o
 .ARM.attributes
                0x00000097       0x31 D:\peterb\git\build\mbed\LPC11U24\GCC_ARM\cmsis_nvic.o
 .ARM.attributes
                0x000000c8       0x1b D:\peterb\git\build\mbed\LPC11U24\GCC_ARM\startup_LPC11xx.o
 .ARM.attributes
                0x000000e3       0x31 D:\peterb\git\build\mbed\LPC11U24\GCC_ARM\system_LPC11Uxx.o
 .ARM.attributes
                0x00000114       0x31 D:\peterb\git\build\mbed\LPC11U24\GCC_ARM\libmbed.a(gpio_api.o)
 .ARM.attributes
                0x00000145       0x31 D:\peterb\git\build\mbed\LPC11U24\GCC_ARM\libmbed.a(pinmap.o)
 .ARM.attributes
                0x00000176       0x31 D:\peterb\git\build\mbed\LPC11U24\GCC_ARM\libmbed.a(pwmout_api.o)
 .ARM.attributes
                0x000001a7       0x31 D:\peterb\git\build\mbed\LPC11U24\GCC_ARM\libmbed.a(exit.o)
 .ARM.attributes
                0x000001d8       0x31 D:\peterb\git\build\mbed\LPC11U24\GCC_ARM\libmbed.a(pinmap_common.o)
 .ARM.attributes
                0x00000209       0x31 D:\peterb\git\build\mbed\LPC11U24\GCC_ARM\libmbed.a(wait_api.o)
 .ARM.attributes
                0x0000023a       0x31 D:\peterb\git\build\mbed\LPC11U24\GCC_ARM\libmbed.a(stdio.o)
 .ARM.attributes
                0x0000026b       0x31 D:\peterb\git\build\mbed\LPC11U24\GCC_ARM\libmbed.a(serial_api.o)
 .ARM.attributes
                0x0000029c       0x31 D:\peterb\git\build\mbed\LPC11U24\GCC_ARM\libmbed.a(us_ticker.o)
 .ARM.attributes
                0x000002cd       0x31 D:\peterb\git\build\mbed\LPC11U24\GCC_ARM\libmbed.a(board.o)
 .ARM.attributes
                0x000002fe       0x31 D:\peterb\git\build\mbed\LPC11U24\GCC_ARM\libmbed.a(us_ticker_api.o)
 .ARM.attributes
                0x0000032f       0x2c c:/program files (x86)/gnu tools arm embedded/4.7 2012q4/bin/../lib/gcc/arm-none-eabi/4.7.3/../../../../arm-none-eabi/lib/armv6-m\libm.a(lib_a-s_fabs.o)
 .ARM.attributes
                0x0000035b       0x2c c:/program files (x86)/gnu tools arm embedded/4.7 2012q4/bin/../lib/gcc/arm-none-eabi/4.7.3/../../../../arm-none-eabi/lib/armv6-m\libc_s.a(lib_a-__atexit2.o)
 .ARM.attributes
                0x00000387       0x2c c:/program files (x86)/gnu tools arm embedded/4.7 2012q4/bin/../lib/gcc/arm-none-eabi/4.7.3/../../../../arm-none-eabi/lib/armv6-m\libc_s.a(lib_a-errno.o)
 .ARM.attributes
                0x000003b3       0x2c c:/program files (x86)/gnu tools arm embedded/4.7 2012q4/bin/../lib/gcc/arm-none-eabi/4.7.3/../../../../arm-none-eabi/lib/armv6-m\libc_s.a(lib_a-fini.o)
 .ARM.attributes
                0x000003df       0x2c c:/program files (x86)/gnu tools arm embedded/4.7 2012q4/bin/../lib/gcc/arm-none-eabi/4.7.3/../../../../arm-none-eabi/lib/armv6-m\libc_s.a(lib_a-fprintf.o)
 .ARM.attributes
                0x0000040b       0x2c c:/program files (x86)/gnu tools arm embedded/4.7 2012q4/bin/../lib/gcc/arm-none-eabi/4.7.3/../../../../arm-none-eabi/lib/armv6-m\libc_s.a(lib_a-impure.o)
 .ARM.attributes
                0x00000437       0x2c c:/program files (x86)/gnu tools arm embedded/4.7 2012q4/bin/../lib/gcc/arm-none-eabi/4.7.3/../../../../arm-none-eabi/lib/armv6-m\libc_s.a(lib_a-init.o)
 .ARM.attributes
                0x00000463       0x2c c:/program files (x86)/gnu tools arm embedded/4.7 2012q4/bin/../lib/gcc/arm-none-eabi/4.7.3/../../../../arm-none-eabi/lib/armv6-m\libc_s.a(lib_a-mallocr.o)
 .ARM.attributes
                0x0000048f       0x2c c:/program files (x86)/gnu tools arm embedded/4.7 2012q4/bin/../lib/gcc/arm-none-eabi/4.7.3/../../../../arm-none-eabi/lib/armv6-m\libc_s.a(lib_a-memcpy.o)
 .ARM.attributes
                0x000004bb       0x2c c:/program files (x86)/gnu tools arm embedded/4.7 2012q4/bin/../lib/gcc/arm-none-eabi/4.7.3/../../../../arm-none-eabi/lib/armv6-m\libc_s.a(lib_a-memset.o)
 .ARM.attributes
                0x000004e7       0x2c c:/program files (x86)/gnu tools arm embedded/4.7 2012q4/bin/../lib/gcc/arm-none-eabi/4.7.3/../../../../arm-none-eabi/lib/armv6-m\libc_s.a(lib_a-sbrkr.o)
 .ARM.attributes
                0x00000513       0x2c c:/program files (x86)/gnu tools arm embedded/4.7 2012q4/bin/../lib/gcc/arm-none-eabi/4.7.3/../../../../arm-none-eabi/lib/armv6-m\libc_s.a(lib_a-stdio.o)
 .ARM.attributes
                0x0000053f       0x2c c:/program files (x86)/gnu tools arm embedded/4.7 2012q4/bin/../lib/gcc/arm-none-eabi/4.7.3/../../../../arm-none-eabi/lib/armv6-m\libc_s.a(lib_a-strlen.o)
 .ARM.attributes
                0x0000056b       0x2c c:/program files (x86)/gnu tools arm embedded/4.7 2012q4/bin/../lib/gcc/arm-none-eabi/4.7.3/../../../../arm-none-eabi/lib/armv6-m\libc_s.a(lib_a-vfprintf.o)
 .ARM.attributes
                0x00000597       0x2c c:/program files (x86)/gnu tools arm embedded/4.7 2012q4/bin/../lib/gcc/arm-none-eabi/4.7.3/../../../../arm-none-eabi/lib/armv6-m\libc_s.a(lib_a-vfprintf_i.o)
 .ARM.attributes
                0x000005c3       0x2c c:/program files (x86)/gnu tools arm embedded/4.7 2012q4/bin/../lib/gcc/arm-none-eabi/4.7.3/../../../../arm-none-eabi/lib/armv6-m\libc_s.a(lib_a-wbuf.o)
 .ARM.attributes
                0x000005ef       0x2c c:/program files (x86)/gnu tools arm embedded/4.7 2012q4/bin/../lib/gcc/arm-none-eabi/4.7.3/../../../../arm-none-eabi/lib/armv6-m\libc_s.a(lib_a-writer.o)
 .ARM.attributes
                0x0000061b       0x2c c:/program files (x86)/gnu tools arm embedded/4.7 2012q4/bin/../lib/gcc/arm-none-eabi/4.7.3/../../../../arm-none-eabi/lib/armv6-m\libc_s.a(lib_a-wsetup.o)
 .ARM.attributes
                0x00000647       0x2c c:/program files (x86)/gnu tools arm embedded/4.7 2012q4/bin/../lib/gcc/arm-none-eabi/4.7.3/../../../../arm-none-eabi/lib/armv6-m\libc_s.a(lib_a-closer.o)
 .ARM.attributes
                0x00000673       0x2c c:/program files (x86)/gnu tools arm embedded/4.7 2012q4/bin/../lib/gcc/arm-none-eabi/4.7.3/../../../../arm-none-eabi/lib/armv6-m\libc_s.a(lib_a-fflush.o)
 .ARM.attributes
                0x0000069f       0x2c c:/program files (x86)/gnu tools arm embedded/4.7 2012q4/bin/../lib/gcc/arm-none-eabi/4.7.3/../../../../arm-none-eabi/lib/armv6-m\libc_s.a(lib_a-findfp.o)
 .ARM.attributes
                0x000006cb       0x2c c:/program files (x86)/gnu tools arm embedded/4.7 2012q4/bin/../lib/gcc/arm-none-eabi/4.7.3/../../../../arm-none-eabi/lib/armv6-m\libc_s.a(lib_a-freer.o)
 .ARM.attributes
                0x000006f7       0x2c c:/program files (x86)/gnu tools arm embedded/4.7 2012q4/bin/../lib/gcc/arm-none-eabi/4.7.3/../../../../arm-none-eabi/lib/armv6-m\libc_s.a(lib_a-lseekr.o)
 .ARM.attributes
                0x00000723       0x2c c:/program files (x86)/gnu tools arm embedded/4.7 2012q4/bin/../lib/gcc/arm-none-eabi/4.7.3/../../../../arm-none-eabi/lib/armv6-m\libc_s.a(lib_a-makebuf.o)
 .ARM.attributes
                0x0000074f       0x2c c:/program files (x86)/gnu tools arm embedded/4.7 2012q4/bin/../lib/gcc/arm-none-eabi/4.7.3/../../../../arm-none-eabi/lib/armv6-m\libc_s.a(lib_a-memchr.o)
 .ARM.attributes
                0x0000077b       0x2c c:/program files (x86)/gnu tools arm embedded/4.7 2012q4/bin/../lib/gcc/arm-none-eabi/4.7.3/../../../../arm-none-eabi/lib/armv6-m\libc_s.a(lib_a-readr.o)
 .ARM.attributes
                0x000007a7       0x2c c:/program files (x86)/gnu tools arm embedded/4.7 2012q4/bin/../lib/gcc/arm-none-eabi/4.7.3/../../../../arm-none-eabi/lib/armv6-m\libc_s.a(lib_a-reent.o)
 .ARM.attributes
                0x000007d3       0x2c c:/program files (x86)/gnu tools arm embedded/4.7 2012q4/bin/../lib/gcc/arm-none-eabi/4.7.3/../../../../arm-none-eabi/lib/armv6-m\libc_s.a(lib_a-fstatr.o)
 .ARM.attributes
                0x000007ff       0x2c c:/program files (x86)/gnu tools arm embedded/4.7 2012q4/bin/../lib/gcc/arm-none-eabi/4.7.3/../../../../arm-none-eabi/lib/armv6-m\libc_s.a(lib_a-isattyr.o)
 .ARM.attributes
                0x0000082b       0x1e c:/program files (x86)/gnu tools arm embedded/4.7 2012q4/bin/../lib/gcc/arm-none-eabi/4.7.3/armv6-m\libgcc.a(_thumb1_case_uqi.o)
 .ARM.attributes
                0x00000849       0x1e c:/program files (x86)/gnu tools arm embedded/4.7 2012q4/bin/../lib/gcc/arm-none-eabi/4.7.3/armv6-m\libgcc.a(_udivsi3.o)
 .ARM.attributes
                0x00000867       0x1e c:/program files (x86)/gnu tools arm embedded/4.7 2012q4/bin/../lib/gcc/arm-none-eabi/4.7.3/armv6-m\libgcc.a(_dvmd_tls.o)
 .ARM.attributes
                0x00000885       0x1e c:/program files (x86)/gnu tools arm embedded/4.7 2012q4/bin/../lib/gcc/arm-none-eabi/4.7.3/armv6-m\libgcc.a(_arm_cmpdf2.o)
 .ARM.attributes
                0x000008a3       0x1e c:/program files (x86)/gnu tools arm embedded/4.7 2012q4/bin/../lib/gcc/arm-none-eabi/4.7.3/armv6-m\libgcc.a(_arm_cmpsf2.o)
 .ARM.attributes
                0x000008c1       0x1e c:/program files (x86)/gnu tools arm embedded/4.7 2012q4/bin/../lib/gcc/arm-none-eabi/4.7.3/armv6-m\libgcc.a(_aeabi_uldivmod.o)
 .ARM.attributes
                0x000008df       0x2c c:/program files (x86)/gnu tools arm embedded/4.7 2012q4/bin/../lib/gcc/arm-none-eabi/4.7.3/armv6-m\libgcc.a(_muldi3.o)
 .ARM.attributes
                0x0000090b       0x2c c:/program files (x86)/gnu tools arm embedded/4.7 2012q4/bin/../lib/gcc/arm-none-eabi/4.7.3/armv6-m\libgcc.a(_fixunssfsi.o)
 .ARM.attributes
                0x00000937       0x2c c:/program files (x86)/gnu tools arm embedded/4.7 2012q4/bin/../lib/gcc/arm-none-eabi/4.7.3/armv6-m\libgcc.a(bpabi.o)
 .ARM.attributes
                0x00000963       0x2c c:/program files (x86)/gnu tools arm embedded/4.7 2012q4/bin/../lib/gcc/arm-none-eabi/4.7.3/armv6-m\libgcc.a(addsf3.o)
 .ARM.attributes
                0x0000098f       0x2c c:/program files (x86)/gnu tools arm embedded/4.7 2012q4/bin/../lib/gcc/arm-none-eabi/4.7.3/armv6-m\libgcc.a(divsf3.o)
 .ARM.attributes
                0x000009bb       0x2c c:/program files (x86)/gnu tools arm embedded/4.7 2012q4/bin/../lib/gcc/arm-none-eabi/4.7.3/armv6-m\libgcc.a(eqsf2.o)
 .ARM.attributes
                0x000009e7       0x2c c:/program files (x86)/gnu tools arm embedded/4.7 2012q4/bin/../lib/gcc/arm-none-eabi/4.7.3/armv6-m\libgcc.a(gesf2.o)
 .ARM.attributes
                0x00000a13       0x2c c:/program files (x86)/gnu tools arm embedded/4.7 2012q4/bin/../lib/gcc/arm-none-eabi/4.7.3/armv6-m\libgcc.a(lesf2.o)
 .ARM.attributes
                0x00000a3f       0x2c c:/program files (x86)/gnu tools arm embedded/4.7 2012q4/bin/../lib/gcc/arm-none-eabi/4.7.3/armv6-m\libgcc.a(mulsf3.o)
 .ARM.attributes
                0x00000a6b       0x2c c:/program files (x86)/gnu tools arm embedded/4.7 2012q4/bin/../lib/gcc/arm-none-eabi/4.7.3/armv6-m\libgcc.a(subsf3.o)
 .ARM.attributes
                0x00000a97       0x2c c:/program files (x86)/gnu tools arm embedded/4.7 2012q4/bin/../lib/gcc/arm-none-eabi/4.7.3/armv6-m\libgcc.a(fixsfsi.o)
 .ARM.attributes
                0x00000ac3       0x2c c:/program files (x86)/gnu tools arm embedded/4.7 2012q4/bin/../lib/gcc/arm-none-eabi/4.7.3/armv6-m\libgcc.a(floatsisf.o)
 .ARM.attributes
                0x00000aef       0x2c c:/program files (x86)/gnu tools arm embedded/4.7 2012q4/bin/../lib/gcc/arm-none-eabi/4.7.3/armv6-m\libgcc.a(floatunsisf.o)
 .ARM.attributes
                0x00000b1b       0x2c c:/program files (x86)/gnu tools arm embedded/4.7 2012q4/bin/../lib/gcc/arm-none-eabi/4.7.3/armv6-m\libgcc.a(adddf3.o)
 .ARM.attributes
                0x00000b47       0x2c c:/program files (x86)/gnu tools arm embedded/4.7 2012q4/bin/../lib/gcc/arm-none-eabi/4.7.3/armv6-m\libgcc.a(divdf3.o)
 .ARM.attributes
                0x00000b73       0x2c c:/program files (x86)/gnu tools arm embedded/4.7 2012q4/bin/../lib/gcc/arm-none-eabi/4.7.3/armv6-m\libgcc.a(eqdf2.o)
 .ARM.attributes
                0x00000b9f       0x2c c:/program files (x86)/gnu tools arm embedded/4.7 2012q4/bin/../lib/gcc/arm-none-eabi/4.7.3/armv6-m\libgcc.a(gedf2.o)
 .ARM.attributes
                0x00000bcb       0x2c c:/program files (x86)/gnu tools arm embedded/4.7 2012q4/bin/../lib/gcc/arm-none-eabi/4.7.3/armv6-m\libgcc.a(ledf2.o)
 .ARM.attributes
                0x00000bf7       0x2c c:/program files (x86)/gnu tools arm embedded/4.7 2012q4/bin/../lib/gcc/arm-none-eabi/4.7.3/armv6-m\libgcc.a(muldf3.o)
 .ARM.attributes
                0x00000c23       0x2c c:/program files (x86)/gnu tools arm embedded/4.7 2012q4/bin/../lib/gcc/arm-none-eabi/4.7.3/armv6-m\libgcc.a(fixdfsi.o)
 .ARM.attributes
                0x00000c4f       0x2c c:/program files (x86)/gnu tools arm embedded/4.7 2012q4/bin/../lib/gcc/arm-none-eabi/4.7.3/armv6-m\libgcc.a(extendsfdf2.o)
 .ARM.attributes
                0x00000c7b       0x2c c:/program files (x86)/gnu tools arm embedded/4.7 2012q4/bin/../lib/gcc/arm-none-eabi/4.7.3/armv6-m\libgcc.a(truncdfsf2.o)
 .ARM.attributes
                0x00000ca7       0x1e c:/program files (x86)/gnu tools arm embedded/4.7 2012q4/bin/../lib/gcc/arm-none-eabi/4.7.3/armv6-m\libgcc.a(_clzsi2.o)
 .ARM.attributes
                0x00000cc5       0x2c c:/program files (x86)/gnu tools arm embedded/4.7 2012q4/bin/../lib/gcc/arm-none-eabi/4.7.3/armv6-m\libgcc.a(_divdi3.o)
 .ARM.attributes
                0x00000cf1       0x2c c:/program files (x86)/gnu tools arm embedded/4.7 2012q4/bin/../lib/gcc/arm-none-eabi/4.7.3/armv6-m\libgcc.a(_udivdi3.o)
 .ARM.attributes
                0x00000d1d       0x2c c:/program files (x86)/gnu tools arm embedded/4.7 2012q4/bin/../lib/gcc/arm-none-eabi/4.7.3/../../../../arm-none-eabi/lib/armv6-m\libnosys.a(sbrk.o)
 .ARM.attributes
                0x00000d49       0x2c c:/program files (x86)/gnu tools arm embedded/4.7 2012q4/bin/../lib/gcc/arm-none-eabi/4.7.3/armv6-m/crtend.o
 .ARM.attributes
                0x00000d75       0x1e c:/program files (x86)/gnu tools arm embedded/4.7 2012q4/bin/../lib/gcc/arm-none-eabi/4.7.3/armv6-m/crtn.o

.comment        0x00000000       0x70
 .comment       0x00000000       0x70 D:\peterb\git\build\test\LPC11U24\GCC_ARM\PB_2\main.o
                                 0x71 (size before relaxing)
 .comment       0x00000000       0x71 D:\peterb\git\build\mbed\LPC11U24\GCC_ARM\cmsis_nvic.o
 .comment       0x00000000       0x71 D:\peterb\git\build\mbed\LPC11U24\GCC_ARM\system_LPC11Uxx.o
 .comment       0x00000000       0x71 D:\peterb\git\build\mbed\LPC11U24\GCC_ARM\libmbed.a(gpio_api.o)
 .comment       0x00000000       0x71 D:\peterb\git\build\mbed\LPC11U24\GCC_ARM\libmbed.a(pinmap.o)
 .comment       0x00000000       0x71 D:\peterb\git\build\mbed\LPC11U24\GCC_ARM\libmbed.a(pwmout_api.o)
 .comment       0x00000000       0x71 D:\peterb\git\build\mbed\LPC11U24\GCC_ARM\libmbed.a(exit.o)
 .comment       0x00000000       0x71 D:\peterb\git\build\mbed\LPC11U24\GCC_ARM\libmbed.a(pinmap_common.o)
 .comment       0x00000000       0x71 D:\peterb\git\build\mbed\LPC11U24\GCC_ARM\libmbed.a(wait_api.o)
 .comment       0x00000000       0x71 D:\peterb\git\build\mbed\LPC11U24\GCC_ARM\libmbed.a(stdio.o)
 .comment       0x00000000       0x71 D:\peterb\git\build\mbed\LPC11U24\GCC_ARM\libmbed.a(serial_api.o)
 .comment       0x00000000       0x71 D:\peterb\git\build\mbed\LPC11U24\GCC_ARM\libmbed.a(us_ticker.o)
 .comment       0x00000000       0x71 D:\peterb\git\build\mbed\LPC11U24\GCC_ARM\libmbed.a(board.o)
 .comment       0x00000000       0x71 D:\peterb\git\build\mbed\LPC11U24\GCC_ARM\libmbed.a(us_ticker_api.o)

.debug_frame    0x00000000      0xc6c
 .debug_frame   0x00000000       0x20 c:/program files (x86)/gnu tools arm embedded/4.7 2012q4/bin/../lib/gcc/arm-none-eabi/4.7.3/../../../../arm-none-eabi/lib/armv6-m\libm.a(lib_a-s_fabs.o)
 .debug_frame   0x00000020       0x28 c:/program files (x86)/gnu tools arm embedded/4.7 2012q4/bin/../lib/gcc/arm-none-eabi/4.7.3/../../../../arm-none-eabi/lib/armv6-m\libc_s.a(lib_a-__atexit2.o)
 .debug_frame   0x00000048       0x20 c:/program files (x86)/gnu tools arm embedded/4.7 2012q4/bin/../lib/gcc/arm-none-eabi/4.7.3/../../../../arm-none-eabi/lib/armv6-m\libc_s.a(lib_a-errno.o)
 .debug_frame   0x00000068       0x2c c:/program files (x86)/gnu tools arm embedded/4.7 2012q4/bin/../lib/gcc/arm-none-eabi/4.7.3/../../../../arm-none-eabi/lib/armv6-m\libc_s.a(lib_a-fini.o)
 .debug_frame   0x00000094       0x4c c:/program files (x86)/gnu tools arm embedded/4.7 2012q4/bin/../lib/gcc/arm-none-eabi/4.7.3/../../../../arm-none-eabi/lib/armv6-m\libc_s.a(lib_a-fprintf.o)
 .debug_frame   0x000000e0       0x2c c:/program files (x86)/gnu tools arm embedded/4.7 2012q4/bin/../lib/gcc/arm-none-eabi/4.7.3/../../../../arm-none-eabi/lib/armv6-m\libc_s.a(lib_a-init.o)
 .debug_frame   0x0000010c       0x2c c:/program files (x86)/gnu tools arm embedded/4.7 2012q4/bin/../lib/gcc/arm-none-eabi/4.7.3/../../../../arm-none-eabi/lib/armv6-m\libc_s.a(lib_a-mallocr.o)
 .debug_frame   0x00000138       0x28 c:/program files (x86)/gnu tools arm embedded/4.7 2012q4/bin/../lib/gcc/arm-none-eabi/4.7.3/../../../../arm-none-eabi/lib/armv6-m\libc_s.a(lib_a-memcpy.o)
 .debug_frame   0x00000160       0x28 c:/program files (x86)/gnu tools arm embedded/4.7 2012q4/bin/../lib/gcc/arm-none-eabi/4.7.3/../../../../arm-none-eabi/lib/armv6-m\libc_s.a(lib_a-memset.o)
 .debug_frame   0x00000188       0x2c c:/program files (x86)/gnu tools arm embedded/4.7 2012q4/bin/../lib/gcc/arm-none-eabi/4.7.3/../../../../arm-none-eabi/lib/armv6-m\libc_s.a(lib_a-sbrkr.o)
 .debug_frame   0x000001b4       0x90 c:/program files (x86)/gnu tools arm embedded/4.7 2012q4/bin/../lib/gcc/arm-none-eabi/4.7.3/../../../../arm-none-eabi/lib/armv6-m\libc_s.a(lib_a-stdio.o)
 .debug_frame   0x00000244       0x20 c:/program files (x86)/gnu tools arm embedded/4.7 2012q4/bin/../lib/gcc/arm-none-eabi/4.7.3/../../../../arm-none-eabi/lib/armv6-m\libc_s.a(lib_a-strlen.o)
 .debug_frame   0x00000264       0x88 c:/program files (x86)/gnu tools arm embedded/4.7 2012q4/bin/../lib/gcc/arm-none-eabi/4.7.3/../../../../arm-none-eabi/lib/armv6-m\libc_s.a(lib_a-vfprintf.o)
 .debug_frame   0x000002ec       0x54 c:/program files (x86)/gnu tools arm embedded/4.7 2012q4/bin/../lib/gcc/arm-none-eabi/4.7.3/../../../../arm-none-eabi/lib/armv6-m\libc_s.a(lib_a-vfprintf_i.o)
 .debug_frame   0x00000340       0x44 c:/program files (x86)/gnu tools arm embedded/4.7 2012q4/bin/../lib/gcc/arm-none-eabi/4.7.3/../../../../arm-none-eabi/lib/armv6-m\libc_s.a(lib_a-wbuf.o)
 .debug_frame   0x00000384       0x2c c:/program files (x86)/gnu tools arm embedded/4.7 2012q4/bin/../lib/gcc/arm-none-eabi/4.7.3/../../../../arm-none-eabi/lib/armv6-m\libc_s.a(lib_a-writer.o)
 .debug_frame   0x000003b0       0x2c c:/program files (x86)/gnu tools arm embedded/4.7 2012q4/bin/../lib/gcc/arm-none-eabi/4.7.3/../../../../arm-none-eabi/lib/armv6-m\libc_s.a(lib_a-wsetup.o)
 .debug_frame   0x000003dc       0x2c c:/program files (x86)/gnu tools arm embedded/4.7 2012q4/bin/../lib/gcc/arm-none-eabi/4.7.3/../../../../arm-none-eabi/lib/armv6-m\libc_s.a(lib_a-closer.o)
 .debug_frame   0x00000408       0x4c c:/program files (x86)/gnu tools arm embedded/4.7 2012q4/bin/../lib/gcc/arm-none-eabi/4.7.3/../../../../arm-none-eabi/lib/armv6-m\libc_s.a(lib_a-fflush.o)
 .debug_frame   0x00000454      0x148 c:/program files (x86)/gnu tools arm embedded/4.7 2012q4/bin/../lib/gcc/arm-none-eabi/4.7.3/../../../../arm-none-eabi/lib/armv6-m\libc_s.a(lib_a-findfp.o)
 .debug_frame   0x0000059c       0x2c c:/program files (x86)/gnu tools arm embedded/4.7 2012q4/bin/../lib/gcc/arm-none-eabi/4.7.3/../../../../arm-none-eabi/lib/armv6-m\libc_s.a(lib_a-freer.o)
 .debug_frame   0x000005c8       0x2c c:/program files (x86)/gnu tools arm embedded/4.7 2012q4/bin/../lib/gcc/arm-none-eabi/4.7.3/../../../../arm-none-eabi/lib/armv6-m\libc_s.a(lib_a-lseekr.o)
 .debug_frame   0x000005f4       0x30 c:/program files (x86)/gnu tools arm embedded/4.7 2012q4/bin/../lib/gcc/arm-none-eabi/4.7.3/../../../../arm-none-eabi/lib/armv6-m\libc_s.a(lib_a-makebuf.o)
 .debug_frame   0x00000624       0x28 c:/program files (x86)/gnu tools arm embedded/4.7 2012q4/bin/../lib/gcc/arm-none-eabi/4.7.3/../../../../arm-none-eabi/lib/armv6-m\libc_s.a(lib_a-memchr.o)
 .debug_frame   0x0000064c       0x2c c:/program files (x86)/gnu tools arm embedded/4.7 2012q4/bin/../lib/gcc/arm-none-eabi/4.7.3/../../../../arm-none-eabi/lib/armv6-m\libc_s.a(lib_a-readr.o)
 .debug_frame   0x00000678       0x64 c:/program files (x86)/gnu tools arm embedded/4.7 2012q4/bin/../lib/gcc/arm-none-eabi/4.7.3/../../../../arm-none-eabi/lib/armv6-m\libc_s.a(lib_a-reent.o)
 .debug_frame   0x000006dc       0x2c c:/program files (x86)/gnu tools arm embedded/4.7 2012q4/bin/../lib/gcc/arm-none-eabi/4.7.3/../../../../arm-none-eabi/lib/armv6-m\libc_s.a(lib_a-fstatr.o)
 .debug_frame   0x00000708       0x2c c:/program files (x86)/gnu tools arm embedded/4.7 2012q4/bin/../lib/gcc/arm-none-eabi/4.7.3/../../../../arm-none-eabi/lib/armv6-m\libc_s.a(lib_a-isattyr.o)
 .debug_frame   0x00000734       0x20 c:/program files (x86)/gnu tools arm embedded/4.7 2012q4/bin/../lib/gcc/arm-none-eabi/4.7.3/armv6-m\libgcc.a(_udivsi3.o)
 .debug_frame   0x00000754       0x30 c:/program files (x86)/gnu tools arm embedded/4.7 2012q4/bin/../lib/gcc/arm-none-eabi/4.7.3/armv6-m\libgcc.a(_muldi3.o)
 .debug_frame   0x00000784       0x28 c:/program files (x86)/gnu tools arm embedded/4.7 2012q4/bin/../lib/gcc/arm-none-eabi/4.7.3/armv6-m\libgcc.a(_fixunssfsi.o)
 .debug_frame   0x000007ac       0x60 c:/program files (x86)/gnu tools arm embedded/4.7 2012q4/bin/../lib/gcc/arm-none-eabi/4.7.3/armv6-m\libgcc.a(bpabi.o)
 .debug_frame   0x0000080c       0x30 c:/program files (x86)/gnu tools arm embedded/4.7 2012q4/bin/../lib/gcc/arm-none-eabi/4.7.3/armv6-m\libgcc.a(addsf3.o)
 .debug_frame   0x0000083c       0x3c c:/program files (x86)/gnu tools arm embedded/4.7 2012q4/bin/../lib/gcc/arm-none-eabi/4.7.3/armv6-m\libgcc.a(divsf3.o)
 .debug_frame   0x00000878       0x2c c:/program files (x86)/gnu tools arm embedded/4.7 2012q4/bin/../lib/gcc/arm-none-eabi/4.7.3/armv6-m\libgcc.a(eqsf2.o)
 .debug_frame   0x000008a4       0x30 c:/program files (x86)/gnu tools arm embedded/4.7 2012q4/bin/../lib/gcc/arm-none-eabi/4.7.3/armv6-m\libgcc.a(gesf2.o)
 .debug_frame   0x000008d4       0x30 c:/program files (x86)/gnu tools arm embedded/4.7 2012q4/bin/../lib/gcc/arm-none-eabi/4.7.3/armv6-m\libgcc.a(lesf2.o)
 .debug_frame   0x00000904       0x3c c:/program files (x86)/gnu tools arm embedded/4.7 2012q4/bin/../lib/gcc/arm-none-eabi/4.7.3/armv6-m\libgcc.a(mulsf3.o)
 .debug_frame   0x00000940       0x30 c:/program files (x86)/gnu tools arm embedded/4.7 2012q4/bin/../lib/gcc/arm-none-eabi/4.7.3/armv6-m\libgcc.a(subsf3.o)
 .debug_frame   0x00000970       0x28 c:/program files (x86)/gnu tools arm embedded/4.7 2012q4/bin/../lib/gcc/arm-none-eabi/4.7.3/armv6-m\libgcc.a(fixsfsi.o)
 .debug_frame   0x00000998       0x2c c:/program files (x86)/gnu tools arm embedded/4.7 2012q4/bin/../lib/gcc/arm-none-eabi/4.7.3/armv6-m\libgcc.a(floatsisf.o)
 .debug_frame   0x000009c4       0x28 c:/program files (x86)/gnu tools arm embedded/4.7 2012q4/bin/../lib/gcc/arm-none-eabi/4.7.3/armv6-m\libgcc.a(floatunsisf.o)
 .debug_frame   0x000009ec       0x3c c:/program files (x86)/gnu tools arm embedded/4.7 2012q4/bin/../lib/gcc/arm-none-eabi/4.7.3/armv6-m\libgcc.a(adddf3.o)
 .debug_frame   0x00000a28       0x3c c:/program files (x86)/gnu tools arm embedded/4.7 2012q4/bin/../lib/gcc/arm-none-eabi/4.7.3/armv6-m\libgcc.a(divdf3.o)
 .debug_frame   0x00000a64       0x34 c:/program files (x86)/gnu tools arm embedded/4.7 2012q4/bin/../lib/gcc/arm-none-eabi/4.7.3/armv6-m\libgcc.a(eqdf2.o)
 .debug_frame   0x00000a98       0x38 c:/program files (x86)/gnu tools arm embedded/4.7 2012q4/bin/../lib/gcc/arm-none-eabi/4.7.3/armv6-m\libgcc.a(gedf2.o)
 .debug_frame   0x00000ad0       0x38 c:/program files (x86)/gnu tools arm embedded/4.7 2012q4/bin/../lib/gcc/arm-none-eabi/4.7.3/armv6-m\libgcc.a(ledf2.o)
 .debug_frame   0x00000b08       0x3c c:/program files (x86)/gnu tools arm embedded/4.7 2012q4/bin/../lib/gcc/arm-none-eabi/4.7.3/armv6-m\libgcc.a(muldf3.o)
 .debug_frame   0x00000b44       0x2c c:/program files (x86)/gnu tools arm embedded/4.7 2012q4/bin/../lib/gcc/arm-none-eabi/4.7.3/armv6-m\libgcc.a(fixdfsi.o)
 .debug_frame   0x00000b70       0x2c c:/program files (x86)/gnu tools arm embedded/4.7 2012q4/bin/../lib/gcc/arm-none-eabi/4.7.3/armv6-m\libgcc.a(extendsfdf2.o)
 .debug_frame   0x00000b9c       0x30 c:/program files (x86)/gnu tools arm embedded/4.7 2012q4/bin/../lib/gcc/arm-none-eabi/4.7.3/armv6-m\libgcc.a(truncdfsf2.o)
 .debug_frame   0x00000bcc       0x3c c:/program files (x86)/gnu tools arm embedded/4.7 2012q4/bin/../lib/gcc/arm-none-eabi/4.7.3/armv6-m\libgcc.a(_divdi3.o)
 .debug_frame   0x00000c08       0x3c c:/program files (x86)/gnu tools arm embedded/4.7 2012q4/bin/../lib/gcc/arm-none-eabi/4.7.3/armv6-m\libgcc.a(_udivdi3.o)
 .debug_frame   0x00000c44       0x28 c:/program files (x86)/gnu tools arm embedded/4.7 2012q4/bin/../lib/gcc/arm-none-eabi/4.7.3/../../../../arm-none-eabi/lib/armv6-m\libnosys.a(sbrk.o)

.stabstr        0x00000000       0x76
 .stabstr       0x00000000       0x76 c:/program files (x86)/gnu tools arm embedded/4.7 2012q4/bin/../lib/gcc/arm-none-eabi/4.7.3/../../../../arm-none-eabi/lib/armv6-m\libnosys.a(getpid.o)
